Archive member included to satisfy reference by file (symbol)

C:/ST/STM32CubeIDE_1.11.2/STM32CubeIDE/plugins/com.st.stm32cube.ide.mcu.externaltools.gnu-tools-for-stm32.12.3.rel1.win32_1.1.0.202410251130/tools/bin/../lib/gcc/arm-none-eabi/12.3.1/../../../../arm-none-eabi/lib/thumb/v7e-m+dp/hard\libc_nano.a(libc_a-exit.o)
                              C:/ST/STM32CubeIDE_1.11.2/STM32CubeIDE/plugins/com.st.stm32cube.ide.mcu.externaltools.gnu-tools-for-stm32.12.3.rel1.win32_1.1.0.202410251130/tools/bin/../lib/gcc/arm-none-eabi/12.3.1/../../../../arm-none-eabi/lib/thumb/v7e-m+dp/hard/crt0.o (exit)
C:/ST/STM32CubeIDE_1.11.2/STM32CubeIDE/plugins/com.st.stm32cube.ide.mcu.externaltools.gnu-tools-for-stm32.12.3.rel1.win32_1.1.0.202410251130/tools/bin/../lib/gcc/arm-none-eabi/12.3.1/../../../../arm-none-eabi/lib/thumb/v7e-m+dp/hard\libc_nano.a(libc_a-findfp.o)
                              C:/ST/STM32CubeIDE_1.11.2/STM32CubeIDE/plugins/com.st.stm32cube.ide.mcu.externaltools.gnu-tools-for-stm32.12.3.rel1.win32_1.1.0.202410251130/tools/bin/../lib/gcc/arm-none-eabi/12.3.1/../../../../arm-none-eabi/lib/thumb/v7e-m+dp/hard\libc_nano.a(libc_a-exit.o) (__stdio_exit_handler)
C:/ST/STM32CubeIDE_1.11.2/STM32CubeIDE/plugins/com.st.stm32cube.ide.mcu.externaltools.gnu-tools-for-stm32.12.3.rel1.win32_1.1.0.202410251130/tools/bin/../lib/gcc/arm-none-eabi/12.3.1/../../../../arm-none-eabi/lib/thumb/v7e-m+dp/hard\libc_nano.a(libc_a-fwalk.o)
                              C:/ST/STM32CubeIDE_1.11.2/STM32CubeIDE/plugins/com.st.stm32cube.ide.mcu.externaltools.gnu-tools-for-stm32.12.3.rel1.win32_1.1.0.202410251130/tools/bin/../lib/gcc/arm-none-eabi/12.3.1/../../../../arm-none-eabi/lib/thumb/v7e-m+dp/hard\libc_nano.a(libc_a-findfp.o) (_fwalk_sglue)
C:/ST/STM32CubeIDE_1.11.2/STM32CubeIDE/plugins/com.st.stm32cube.ide.mcu.externaltools.gnu-tools-for-stm32.12.3.rel1.win32_1.1.0.202410251130/tools/bin/../lib/gcc/arm-none-eabi/12.3.1/../../../../arm-none-eabi/lib/thumb/v7e-m+dp/hard\libc_nano.a(libc_a-stdio.o)
                              C:/ST/STM32CubeIDE_1.11.2/STM32CubeIDE/plugins/com.st.stm32cube.ide.mcu.externaltools.gnu-tools-for-stm32.12.3.rel1.win32_1.1.0.202410251130/tools/bin/../lib/gcc/arm-none-eabi/12.3.1/../../../../arm-none-eabi/lib/thumb/v7e-m+dp/hard\libc_nano.a(libc_a-findfp.o) (__sread)
C:/ST/STM32CubeIDE_1.11.2/STM32CubeIDE/plugins/com.st.stm32cube.ide.mcu.externaltools.gnu-tools-for-stm32.12.3.rel1.win32_1.1.0.202410251130/tools/bin/../lib/gcc/arm-none-eabi/12.3.1/../../../../arm-none-eabi/lib/thumb/v7e-m+dp/hard\libc_nano.a(libc_a-memset.o)
                              C:/ST/STM32CubeIDE_1.11.2/STM32CubeIDE/plugins/com.st.stm32cube.ide.mcu.externaltools.gnu-tools-for-stm32.12.3.rel1.win32_1.1.0.202410251130/tools/bin/../lib/gcc/arm-none-eabi/12.3.1/../../../../arm-none-eabi/lib/thumb/v7e-m+dp/hard/crt0.o (memset)
C:/ST/STM32CubeIDE_1.11.2/STM32CubeIDE/plugins/com.st.stm32cube.ide.mcu.externaltools.gnu-tools-for-stm32.12.3.rel1.win32_1.1.0.202410251130/tools/bin/../lib/gcc/arm-none-eabi/12.3.1/../../../../arm-none-eabi/lib/thumb/v7e-m+dp/hard\libc_nano.a(libc_a-closer.o)
                              C:/ST/STM32CubeIDE_1.11.2/STM32CubeIDE/plugins/com.st.stm32cube.ide.mcu.externaltools.gnu-tools-for-stm32.12.3.rel1.win32_1.1.0.202410251130/tools/bin/../lib/gcc/arm-none-eabi/12.3.1/../../../../arm-none-eabi/lib/thumb/v7e-m+dp/hard\libc_nano.a(libc_a-stdio.o) (_close_r)
C:/ST/STM32CubeIDE_1.11.2/STM32CubeIDE/plugins/com.st.stm32cube.ide.mcu.externaltools.gnu-tools-for-stm32.12.3.rel1.win32_1.1.0.202410251130/tools/bin/../lib/gcc/arm-none-eabi/12.3.1/../../../../arm-none-eabi/lib/thumb/v7e-m+dp/hard\libc_nano.a(libc_a-reent.o)
                              C:/ST/STM32CubeIDE_1.11.2/STM32CubeIDE/plugins/com.st.stm32cube.ide.mcu.externaltools.gnu-tools-for-stm32.12.3.rel1.win32_1.1.0.202410251130/tools/bin/../lib/gcc/arm-none-eabi/12.3.1/../../../../arm-none-eabi/lib/thumb/v7e-m+dp/hard\libc_nano.a(libc_a-closer.o) (errno)
C:/ST/STM32CubeIDE_1.11.2/STM32CubeIDE/plugins/com.st.stm32cube.ide.mcu.externaltools.gnu-tools-for-stm32.12.3.rel1.win32_1.1.0.202410251130/tools/bin/../lib/gcc/arm-none-eabi/12.3.1/../../../../arm-none-eabi/lib/thumb/v7e-m+dp/hard\libc_nano.a(libc_a-impure.o)
                              C:/ST/STM32CubeIDE_1.11.2/STM32CubeIDE/plugins/com.st.stm32cube.ide.mcu.externaltools.gnu-tools-for-stm32.12.3.rel1.win32_1.1.0.202410251130/tools/bin/../lib/gcc/arm-none-eabi/12.3.1/../../../../arm-none-eabi/lib/thumb/v7e-m+dp/hard\libc_nano.a(libc_a-reent.o) (_impure_ptr)
C:/ST/STM32CubeIDE_1.11.2/STM32CubeIDE/plugins/com.st.stm32cube.ide.mcu.externaltools.gnu-tools-for-stm32.12.3.rel1.win32_1.1.0.202410251130/tools/bin/../lib/gcc/arm-none-eabi/12.3.1/../../../../arm-none-eabi/lib/thumb/v7e-m+dp/hard\libc_nano.a(libc_a-lseekr.o)
[...]
Memory Configuration

Name             Origin             Length             Attributes
ITCMRAM          0x00000000         0x00010000         xrw
DTCMRAM          0x20000000         0x00020000         xrw
FLASH            0x08000000         0x00100000         xr
RAM_D1           0x24000000         0x00050000         xrw
RAM_D2           0x30000000         0x00008000         xrw
RAM_D3           0x38000000         0x00004000         xrw
*default*        0x00000000         0xffffffff

Linker script and memory map

LOAD C:/ST/STM32CubeIDE_1.11.2/STM32CubeIDE/plugins/com.st.stm32cube.ide.mcu.externaltools.gnu-tools-for-stm32.12.3.rel1.win32_1.1.0.202410251130/tools/bin/../lib/gcc/arm-none-eabi/12.3.1/thumb/v7e-m+dp/hard/crti.o
LOAD C:/ST/STM32CubeIDE_1.11.2/STM32CubeIDE/plugins/com.st.stm32cube.ide.mcu.externaltools.gnu-tools-for-stm32.12.3.rel1.win32_1.1.0.202410251130/tools/bin/../lib/gcc/arm-none-eabi/12.3.1/thumb/v7e-m+dp/hard/crtbegin.o
LOAD C:/ST/STM32CubeIDE_1.11.2/STM32CubeIDE/plugins/com.st.stm32cube.ide.mcu.externaltools.gnu-tools-for-stm32.12.3.rel1.win32_1.1.0.202410251130/tools/bin/../lib/gcc/arm-none-eabi/12.3.1/../../../../arm-none-eabi/lib/thumb/v7e-m+dp/hard/crt0.o
LOAD ./Core/Src/BMP180.o
LOAD ./Core/Src/ESC.o
LOAD ./Core/Src/HMC5883L.o
LOAD ./Core/Src/Kalibracjia silnikow.o
LOAD ./Core/Src/MPU6050.o
LOAD ./Core/Src/NRF24.o
LOAD ./Core/Src/USART komendy.o
LOAD ./Core/Src/adc.o
LOAD ./Core/Src/dma.o
LOAD ./Core/Src/dron.o
LOAD ./Core/Src/fatfs_sd.o
LOAD ./Core/Src/gpio.o
LOAD ./Core/Src/i2c.o
LOAD ./Core/Src/main.o
LOAD ./Core/Src/memorymap.o
LOAD ./Core/Src/rng_Tx_code.o
LOAD ./Core/Src/spi.o
LOAD ./Core/Src/stm32h7xx_hal_msp.o
LOAD ./Core/Src/stm32h7xx_it.o
LOAD ./Core/Src/syscalls.o
LOAD ./Core/Src/sysmem.o
LOAD ./Core/Src/system_stm32h7xx.o
LOAD ./Core/Src/tim.o
LOAD ./Core/Src/usart.o
LOAD ./Core/Startup/startup_stm32h723zgtx.o
LOAD ./Drivers/STM32H7xx_HAL_Driver/Src/stm32h7xx_hal.o
LOAD ./Drivers/STM32H7xx_HAL_Driver/Src/stm32h7xx_hal_adc.o
LOAD ./Drivers/STM32H7xx_HAL_Driver/Src/stm32h7xx_hal_adc_ex.o
LOAD ./Drivers/STM32H7xx_HAL_Driver/Src/stm32h7xx_hal_cortex.o
LOAD ./Drivers/STM32H7xx_HAL_Driver/Src/stm32h7xx_hal_dma.o
LOAD ./Drivers/STM32H7xx_HAL_Driver/Src/stm32h7xx_hal_dma_ex.o
LOAD ./Drivers/STM32H7xx_HAL_Driver/Src/stm32h7xx_hal_exti.o
LOAD ./Drivers/STM32H7xx_HAL_Driver/Src/stm32h7xx_hal_flash.o
LOAD ./Drivers/STM32H7xx_HAL_Driver/Src/stm32h7xx_hal_flash_ex.o
LOAD ./Drivers/STM32H7xx_HAL_Driver/Src/stm32h7xx_hal_gpio.o
LOAD ./Drivers/STM32H7xx_HAL_Driver/Src/stm32h7xx_hal_hsem.o
LOAD ./Drivers/STM32H7xx_HAL_Driver/Src/stm32h7xx_hal_i2c.o
LOAD ./Drivers/STM32H7xx_HAL_Driver/Src/stm32h7xx_hal_i2c_ex.o
LOAD ./Drivers/STM32H7xx_HAL_Driver/Src/stm32h7xx_hal_mdma.o
LOAD ./Drivers/STM32H7xx_HAL_Driver/Src/stm32h7xx_hal_pwr.o
LOAD ./Drivers/STM32H7xx_HAL_Driver/Src/stm32h7xx_hal_pwr_ex.o
LOAD ./Drivers/STM32H7xx_HAL_Driver/Src/stm32h7xx_hal_rcc.o
LOAD ./Drivers/STM32H7xx_HAL_Driver/Src/stm32h7xx_hal_rcc_ex.o
LOAD ./Drivers/STM32H7xx_HAL_Driver/Src/stm32h7xx_hal_spi.o
LOAD ./Drivers/STM32H7xx_HAL_Driver/Src/stm32h7xx_hal_spi_ex.o
LOAD ./Drivers/STM32H7xx_HAL_Driver/Src/stm32h7xx_hal_tim.o
LOAD ./Drivers/STM32H7xx_HAL_Driver/Src/stm32h7xx_hal_tim_ex.o
LOAD ./Drivers/STM32H7xx_HAL_Driver/Src/stm32h7xx_hal_uart.o
LOAD ./Drivers/STM32H7xx_HAL_Driver/Src/stm32h7xx_hal_uart_ex.o
LOAD ./FATFS/App/fatfs.o
LOAD ./FATFS/Target/user_diskio.o
LOAD ./Middlewares/Third_Party/FatFs/src/diskio.o
LOAD ./Middlewares/Third_Party/FatFs/src/ff.o
LOAD ./Middlewares/Third_Party/FatFs/src/ff_gen_drv.o
LOAD ./Middlewares/Third_Party/FatFs/src/option/ccsbcs.o
LOAD ./Middlewares/Third_Party/FatFs/src/option/syscall.o
START GROUP
LOAD C:/ST/STM32CubeIDE_1.11.2/STM32CubeIDE/plugins/com.st.stm32cube.ide.mcu.externaltools.gnu-tools-for-stm32.12.3.rel1.win32_1.1.0.202410251130/tools/bin/../lib/gcc/arm-none-eabi/12.3.1/../../../../arm-none-eabi/lib/thumb/v7e-m+dp/hard\libc_nano.a
LOAD C:/ST/STM32CubeIDE_1.11.2/STM32CubeIDE/plugins/com.st.stm32cube.ide.mcu.externaltools.gnu-tools-for-stm32.12.3.rel1.win32_1.1.0.202410251130/tools/bin/../lib/gcc/arm-none-eabi/12.3.1/../../../../arm-none-eabi/lib/thumb/v7e-m+dp/hard\libm.a
END GROUP
START GROUP
LOAD C:/ST/STM32CubeIDE_1.11.2/STM32CubeIDE/plugins/com.st.stm32cube.ide.mcu.externaltools.gnu-tools-for-stm32.12.3.rel1.win32_1.1.0.202410251130/tools/bin/../lib/gcc/arm-none-eabi/12.3.1/thumb/v7e-m+dp/hard\libgcc.a
LOAD C:/ST/STM32CubeIDE_1.11.2/STM32CubeIDE/plugins/com.st.stm32cube.ide.mcu.externaltools.gnu-tools-for-stm32.12.3.rel1.win32_1.1.0.202410251130/tools/bin/../lib/gcc/arm-none-eabi/12.3.1/../../../../arm-none-eabi/lib/thumb/v7e-m+dp/hard\libc_nano.a
END GROUP
START GROUP
LOAD C:/ST/STM32CubeIDE_1.11.2/STM32CubeIDE/plugins/com.st.stm32cube.ide.mcu.externaltools.gnu-tools-for-stm32.12.3.rel1.win32_1.1.0.202410251130/tools/bin/../lib/gcc/arm-none-eabi/12.3.1/thumb/v7e-m+dp/hard\libgcc.a
LOAD C:/ST/STM32CubeIDE_1.11.2/STM32CubeIDE/plugins/com.st.stm32cube.ide.mcu.externaltools.gnu-tools-for-stm32.12.3.rel1.win32_1.1.0.202410251130/tools/bin/../lib/gcc/arm-none-eabi/12.3.1/../../../../arm-none-eabi/lib/thumb/v7e-m+dp/hard\libc_nano.a
LOAD C:/ST/STM32CubeIDE_1.11.2/STM32CubeIDE/plugins/com.st.stm32cube.ide.mcu.externaltools.gnu-tools-for-stm32.12.3.rel1.win32_1.1.0.202410251130/tools/bin/../lib/gcc/arm-none-eabi/12.3.1/../../../../arm-none-eabi/lib/thumb/v7e-m+dp/hard\libnosys.a
END GROUP
START GROUP
LOAD C:/ST/STM32CubeIDE_1.11.2/STM32CubeIDE/plugins/com.st.stm32cube.ide.mcu.externaltools.gnu-tools-for-stm32.12.3.rel1.win32_1.1.0.202410251130/tools/bin/../lib/gcc/arm-none-eabi/12.3.1/thumb/v7e-m+dp/hard\libgcc.a
LOAD C:/ST/STM32CubeIDE_1.11.2/STM32CubeIDE/plugins/com.st.stm32cube.ide.mcu.externaltools.gnu-tools-for-stm32.12.3.rel1.win32_1.1.0.202410251130/tools/bin/../lib/gcc/arm-none-eabi/12.3.1/../../../../arm-none-eabi/lib/thumb/v7e-m+dp/hard\libc_nano.a
LOAD C:/ST/STM32CubeIDE_1.11.2/STM32CubeIDE/plugins/com.st.stm32cube.ide.mcu.externaltools.gnu-tools-for-stm32.12.3.rel1.win32_1.1.0.202410251130/tools/bin/../lib/gcc/arm-none-eabi/12.3.1/../../../../arm-none-eabi/lib/thumb/v7e-m+dp/hard\libnosys.a
END GROUP
LOAD C:/ST/STM32CubeIDE_1.11.2/STM32CubeIDE/plugins/com.st.stm32cube.ide.mcu.externaltools.gnu-tools-for-stm32.12.3.rel1.win32_1.1.0.202410251130/tools/bin/../lib/gcc/arm-none-eabi/12.3.1/thumb/v7e-m+dp/hard/crtend.o
LOAD C:/ST/STM32CubeIDE_1.11.2/STM32CubeIDE/plugins/com.st.stm32cube.ide.mcu.externaltools.gnu-tools-for-stm32.12.3.rel1.win32_1.1.0.202410251130/tools/bin/../lib/gcc/arm-none-eabi/12.3.1/thumb/v7e-m+dp/hard/crtn.o
                0x24050000                        _estack = (ORIGIN (RAM_D1) + LENGTH (RAM_D1))
                0x00000200                        _Min_Heap_Size = 0x200
                0x00000400                        _Min_Stack_Size = 0x400

.isr_vector     0x08000000      0x2cc
                0x08000000                        . = ALIGN (0x4)
 *(.isr_vector)
 .isr_vector    0x08000000      0x2cc ./Core/Startup/startup_stm32h723zgtx.o
                0x08000000                g_pfnVectors
                0x080002cc                        . = ALIGN (0x4)

.text           0x080002d0    0x1e560
                0x080002d0                        . = ALIGN (0x4)
 *(.text)
 .text          0x080002d0       0x40 C:/ST/STM32CubeIDE_1.11.2/STM32CubeIDE/plugins/com.st.stm32cube.ide.mcu.externaltools.gnu-tools-for-stm32.12.3.rel1.win32_1.1.0.202410251130/tools/bin/../lib/gcc/arm-none-eabi/12.3.1/thumb/v7e-m+dp/hard/crtbegin.o
 .text          0x08000310       0xa0 C:/ST/STM32CubeIDE_1.11.2/STM32CubeIDE/plugins/com.st.stm32cube.ide.mcu.externaltools.gnu-tools-for-stm32.12.3.rel1.win32_1.1.0.202410251130/tools/bin/../lib/gcc/arm-none-eabi/12.3.1/thumb/v7e-m+dp/hard\libgcc.a(_aeabi_ldivmod.o)
                0x08000310                __aeabi_ldivmod
 .text          0x080003b0       0x30 C:/ST/STM32CubeIDE_1.11.2/STM32CubeIDE/plugins/com.st.stm32cube.ide.mcu.externaltools.gnu-tools-for-stm32.12.3.rel1.win32_1.1.0.202410251130/tools/bin/../lib/gcc/arm-none-eabi/12.3.1/thumb/v7e-m+dp/hard\libgcc.a(_aeabi_uldivmod.o)
                0x080003b0                __aeabi_uldivmod
 .text          0x080003e0      0x2bc C:/ST/STM32CubeIDE_1.11.2/STM32CubeIDE/plugins/com.st.stm32cube.ide.mcu.externaltools.gnu-tools-for-stm32.12.3.rel1.win32_1.1.0.202410251130/tools/bin/../lib/gcc/arm-none-eabi/12.3.1/thumb/v7e-m+dp/hard\libgcc.a(_udivmoddi4.o)
                0x080003e0                __udivmoddi4
 .text          0x0800069c        0x4 C:/ST/STM32CubeIDE_1.11.2/STM32CubeIDE/plugins/com.st.stm32cube.ide.mcu.externaltools.gnu-tools-for-stm32.12.3.rel1.win32_1.1.0.202410251130/tools/bin/../lib/gcc/arm-none-eabi/12.3.1/thumb/v7e-m+dp/hard\libgcc.a(_dvmd_tls.o)
                0x0800069c                __aeabi_idiv0
                0x0800069c                __aeabi_ldiv0
 *(.text*)
 .text.BMP180_read_ID
                0x080006a0       0x30 ./Core/Src/BMP180.o
                0x080006a0                BMP180_read_ID
 .text.BMP180_init
                0x080006d0       0x3c ./Core/Src/BMP180.o
                0x080006d0                BMP180_init
 .text.BMP180_READ_temp
                0x0800070c       0x44 ./Core/Src/BMP180.o
                0x0800070c                BMP180_READ_temp
 .text.BMP180_READ_pres
                0x08000750       0x40 ./Core/Src/BMP180.o
                0x08000750                BMP180_READ_pres
 .text.BMP180_GET_temp_IT
                0x08000790       0x2c ./Core/Src/BMP180.o
                0x08000790                BMP180_GET_temp_IT
 .text.BMP180_GET_pres_IT
                0x080007bc       0x28 ./Core/Src/BMP180.o
                0x080007bc                BMP180_GET_pres_IT
 .text.BMP180_start_measurment_temp
                0x080007e4       0x30 ./Core/Src/BMP180.o
                0x080007e4                BMP180_start_measurment_temp
 .text.BMP180_start_measurment_pres
                0x08000814       0x30 ./Core/Src/BMP180.o
                0x08000814                BMP180_start_measurment_pres
 .text.BMP180_start_measurment_pres_IT
                0x08000844       0x2c ./Core/Src/BMP180.o
                0x08000844                BMP180_start_measurment_pres_IT
 .text.BMP180_start_measurment_temp_IT
                0x08000870       0x2c ./Core/Src/BMP180.o
                0x08000870                BMP180_start_measurment_temp_IT
 .text.BMP180_read_calliberation_data
                0x0800089c      0x13c ./Core/Src/BMP180.o
                0x0800089c                BMP180_read_calliberation_data
 .text.BMP180_GET_temp
                0x080009d8       0xb8 ./Core/Src/BMP180.o
                0x080009d8                BMP180_GET_temp
 .text.BMP180_GET_pres
                0x08000a90      0x2e4 ./Core/Src/BMP180.o
                0x08000a90                BMP180_GET_pres
 .text.BMP180_CALIBRATION
                0x08000d74       0x80 ./Core/Src/BMP180.o
                0x08000d74                BMP180_CALIBRATION
 .text.BMP180_GET_height
                0x08000df4       0x40 ./Core/Src/BMP180.o
                0x08000df4                BMP180_GET_height
 .text.ESC_1_SPEED
                0x08000e34       0x44 ./Core/Src/ESC.o
                0x08000e34                ESC_1_SPEED
 .text.ESC_2_SPEED
                0x08000e78       0x44 ./Core/Src/ESC.o
                0x08000e78                ESC_2_SPEED
 .text.ESC_3_SPEED
                0x08000ebc       0x44 ./Core/Src/ESC.o
                0x08000ebc                ESC_3_SPEED
 .text.ESC_4_SPEED
                0x08000f00       0x44 ./Core/Src/ESC.o
                0x08000f00                ESC_4_SPEED
 .text.ESC_INT  0x08000f44       0x94 ./Core/Src/ESC.o
                0x08000f44                ESC_INT
 .text.HMC5883L_Init
                0x08000fd8       0xb8 ./Core/Src/HMC5883L.o
                0x08000fd8                HMC5883L_Init
 .text.HMC5883L_Get_Z_Start
                0x08001090       0x44 ./Core/Src/HMC5883L.o
                0x08001090                HMC5883L_Get_Z_Start
 .text.HMC5883L_Get_Z_Start_IT
                0x080010d4       0x34 ./Core/Src/HMC5883L.o
                0x080010d4                HMC5883L_Get_Z_Start_IT
 .text.HMC5883L_Get_Z_End_IT
                0x08001108       0x30 ./Core/Src/HMC5883L.o
                0x08001108                HMC5883L_Get_Z_End_IT
 .text.HMC5883L_Calibration
                0x08001138       0x6a ./Core/Src/HMC5883L.o
                0x08001138                HMC5883L_Calibration
 *fill*         0x080011a2        0x2 
 .text.MPU6050_INIT
                0x080011a4       0x5c ./Core/Src/MPU6050.o
                0x080011a4                MPU6050_INIT
 .text.MPU6050_RESET
                0x08001200       0x30 ./Core/Src/MPU6050.o
                0x08001200                MPU6050_RESET
 .text.MPU6050_CONFIG_DLPF
                0x08001230       0x38 ./Core/Src/MPU6050.o
                0x08001230                MPU6050_CONFIG_DLPF
 .text.MPU6050_CONFIG_GYRO
                0x08001268       0x38 ./Core/Src/MPU6050.o
                0x08001268                MPU6050_CONFIG_GYRO
 .text.MPU6050_CONFIG_ACCEL
                0x080012a0       0x38 ./Core/Src/MPU6050.o
                0x080012a0                MPU6050_CONFIG_ACCEL
 .text.MPU6050_CONFIG_SAMPLE_RATE
                0x080012d8       0x30 ./Core/Src/MPU6050.o
                0x080012d8                MPU6050_CONFIG_SAMPLE_RATE
 .text.MPU6050_CONFIG_USER_CONTROL
                0x08001308       0x30 ./Core/Src/MPU6050.o
                0x08001308                MPU6050_CONFIG_USER_CONTROL
 .text.MPU6050_CALIBRATION
                0x08001338      0x1ac ./Core/Src/MPU6050.o
                0x08001338                MPU6050_CALIBRATION
 *fill*         0x080014e4        0x4 
 .text.MPU6050_GET_ACCEL_TO_ANGLE
                0x080014e8       0xfc ./Core/Src/MPU6050.o
                0x080014e8                MPU6050_GET_ACCEL_TO_ANGLE
 .text.MPU6050_GET_ACCANDGYR_CALANDSCL
                0x080015e4      0x16c ./Core/Src/MPU6050.o
                0x080015e4                MPU6050_GET_ACCANDGYR_CALANDSCL
 .text.MPU6050_GET_ACCANDGYR_CALANDSCL_IT
                0x08001750       0x34 ./Core/Src/MPU6050.o
                0x08001750                MPU6050_GET_ACCANDGYR_CALANDSCL_IT
 .text.MPU6050_GET_CALANDSCL_IT
                0x08001784      0x154 ./Core/Src/MPU6050.o
                0x08001784                MPU6050_GET_CALANDSCL_IT
 .text.MPU6050_GET_ACCANDGYR_FILTRED
                0x080018d8       0x46 ./Core/Src/MPU6050.o
                0x080018d8                MPU6050_GET_ACCANDGYR_FILTRED
 *fill*         0x0800191e        0x2 
 .text.MPU6050_GET_ACCEL_YH
                0x08001920       0x30 ./Core/Src/MPU6050.o
                0x08001920                MPU6050_GET_ACCEL_YH
 .text.MPU6050_GET_ACCEL_YL
                0x08001950       0x30 ./Core/Src/MPU6050.o
                0x08001950                MPU6050_GET_ACCEL_YL
 .text.MPU6050_GET_ACCEL_ZH
                0x08001980       0x30 ./Core/Src/MPU6050.o
                0x08001980                MPU6050_GET_ACCEL_ZH
 .text.MPU6050_GET_ACCEL_ZL
                0x080019b0       0x30 ./Core/Src/MPU6050.o
                0x080019b0                MPU6050_GET_ACCEL_ZL
 .text.MPU6050_GET_GYRO_XH
                0x080019e0       0x30 ./Core/Src/MPU6050.o
                0x080019e0                MPU6050_GET_GYRO_XH
 .text.MPU6050_GET_GYRO_XL
                0x08001a10       0x30 ./Core/Src/MPU6050.o
                0x08001a10                MPU6050_GET_GYRO_XL
 .text.MPU6050_GET_GYRO_YH
                0x08001a40       0x30 ./Core/Src/MPU6050.o
                0x08001a40                MPU6050_GET_GYRO_YH
 .text.MPU6050_GET_GYRO_YL
                0x08001a70       0x30 ./Core/Src/MPU6050.o
                0x08001a70                MPU6050_GET_GYRO_YL
 .text.MPU6050_GET_GYRO_ZH
                0x08001aa0       0x30 ./Core/Src/MPU6050.o
                0x08001aa0                MPU6050_GET_GYRO_ZH
 .text.MPU6050_GET_GYRO_ZL
                0x08001ad0       0x30 ./Core/Src/MPU6050.o
                0x08001ad0                MPU6050_GET_GYRO_ZL
 .text.MPU6050_GET_ACCEL_FULLVALUE_X
                0x08001b00       0x40 ./Core/Src/MPU6050.o
                0x08001b00                MPU6050_GET_ACCEL_FULLVALUE_X
 .text.MPU6050_GET_ACCEL_FULLVALUE_Y
                0x08001b40       0x28 ./Core/Src/MPU6050.o
                0x08001b40                MPU6050_GET_ACCEL_FULLVALUE_Y
 .text.MPU6050_GET_ACCEL_FULLVALUE_Z
                0x08001b68       0x28 ./Core/Src/MPU6050.o
                0x08001b68                MPU6050_GET_ACCEL_FULLVALUE_Z
 .text.MPU6050_GET_GYRO_FULLVALUE_X
                0x08001b90       0x28 ./Core/Src/MPU6050.o
                0x08001b90                MPU6050_GET_GYRO_FULLVALUE_X
 .text.MPU6050_GET_GYRO_FULLVALUE_Y
                0x08001bb8       0x28 ./Core/Src/MPU6050.o
                0x08001bb8                MPU6050_GET_GYRO_FULLVALUE_Y
 .text.MPU6050_GET_GYRO_FULLVALUE_Z
                0x08001be0       0x28 ./Core/Src/MPU6050.o
                0x08001be0                MPU6050_GET_GYRO_FULLVALUE_Z
 .text.MPU6050_READ_ID
                0x08001c08       0x30 ./Core/Src/MPU6050.o
                0x08001c08                MPU6050_READ_ID
 .text.MPU6050_Enable_I2C_Bypass
                0x08001c38       0x30 ./Core/Src/MPU6050.o
                0x08001c38                MPU6050_Enable_I2C_Bypass
 .text.Complementary_getFilter
                0x08001c68       0xfc ./Core/Src/MPU6050.o
                0x08001c68                Complementary_getFilter
 .text.nRF24_Delay
                0x08001d64       0x18 ./Core/Src/NRF24.o
 .text.nRF24_SendSpi
                0x08001d7c       0x2c ./Core/Src/NRF24.o
 .text.nRF24_ReadSpi
                0x08001da8       0x2c ./Core/Src/NRF24.o
 .text.nRF24_ReadRegister
                0x08001dd4       0x48 ./Core/Src/NRF24.o
 .text.nRF24_ReadRegisters
                0x08001e1c       0x48 ./Core/Src/NRF24.o
 .text.nRF24_WriteRegister
                0x08001e64       0x4c ./Core/Src/NRF24.o
 .text.nRF24_WriteRegisters
                0x08001eb0       0x50 ./Core/Src/NRF24.o
 .text.nRF24_RX_Mode
                0x08001f00       0x58 ./Core/Src/NRF24.o
                0x08001f00                nRF24_RX_Mode
 .text.nRF24_TX_Mode
                0x08001f58       0x4c ./Core/Src/NRF24.o
                0x08001f58                nRF24_TX_Mode
 .text.nRF24_ReadConfig
                0x08001fa4       0x10 ./Core/Src/NRF24.o
                0x08001fa4                nRF24_ReadConfig
 .text.nRF24_WriteConfig
                0x08001fb4       0x1c ./Core/Src/NRF24.o
                0x08001fb4                nRF24_WriteConfig
 .text.nRF24_SetPALevel
                0x08001fd0       0x3e ./Core/Src/NRF24.o
                0x08001fd0                nRF24_SetPALevel
 .text.nRF24_SetDataRate
                0x0800200e       0x4c ./Core/Src/NRF24.o
                0x0800200e                nRF24_SetDataRate
 .text.nRF24_ReadStatus
                0x0800205a       0x10 ./Core/Src/NRF24.o
                0x0800205a                nRF24_ReadStatus
 .text.nRF24_WriteStatus
                0x0800206a       0x1c ./Core/Src/NRF24.o
                0x0800206a                nRF24_WriteStatus
 *fill*         0x08002086        0x2 
 .text.nRF24_FlushRX
                0x08002088       0x34 ./Core/Src/NRF24.o
                0x08002088                nRF24_FlushRX
 .text.nRF24_FlushTX
                0x080020bc       0x34 ./Core/Src/NRF24.o
                0x080020bc                nRF24_FlushTX
 .text.nRF24_EnableCRC
                0x080020f0       0x3a ./Core/Src/NRF24.o
                0x080020f0                nRF24_EnableCRC
 .text.nRF24_SetCRCLength
                0x0800212a       0x3a ./Core/Src/NRF24.o
                0x0800212a                nRF24_SetCRCLength
 .text.nRF24_SetRetries
                0x08002164       0x36 ./Core/Src/NRF24.o
                0x08002164                nRF24_SetRetries
 .text.nRF24_SetRFChannel
                0x0800219a       0x22 ./Core/Src/NRF24.o
                0x0800219a                nRF24_SetRFChannel
 .text.nRF24_SetPayloadSize
                0x080021bc       0x38 ./Core/Src/NRF24.o
                0x080021bc                nRF24_SetPayloadSize
 .text.nRF24_EnablePipe
                0x080021f4       0x6a ./Core/Src/NRF24.o
                0x080021f4                nRF24_EnablePipe
 .text.nRF24_AutoACK
                0x0800225e       0x6a ./Core/Src/NRF24.o
                0x0800225e                nRF24_AutoACK
 .text.nRF24_SetAddressWidth
                0x080022c8       0x3a ./Core/Src/NRF24.o
                0x080022c8                nRF24_SetAddressWidth
 .text.nRF24_SetRXAddress
                0x08002302       0x72 ./Core/Src/NRF24.o
                0x08002302                nRF24_SetRXAddress
 .text.nRF24_SetTXAddress
                0x08002374       0x8c ./Core/Src/NRF24.o
                0x08002374                nRF24_SetTXAddress
 .text.nRF24_ClearInterrupts
                0x08002400       0x26 ./Core/Src/NRF24.o
                0x08002400                nRF24_ClearInterrupts
 .text.nRF24_EnableRXDataReadyIRQ
                0x08002426       0x3a ./Core/Src/NRF24.o
                0x08002426                nRF24_EnableRXDataReadyIRQ
 .text.nRF24_EnableTXDataSentIRQ
                0x08002460       0x3a ./Core/Src/NRF24.o
                0x08002460                nRF24_EnableTXDataSentIRQ
 .text.nRF24_EnableMaxRetransmitIRQ
                0x0800249a       0x3a ./Core/Src/NRF24.o
                0x0800249a                nRF24_EnableMaxRetransmitIRQ
 .text.nRF24_WriteTXPayload
                0x080024d4       0x1a ./Core/Src/NRF24.o
                0x080024d4                nRF24_WriteTXPayload
 *fill*         0x080024ee        0x2 
 .text.nRF24_WaitTX
                0x080024f0       0x50 ./Core/Src/NRF24.o
                0x080024f0                nRF24_WaitTX
 .text.nRF24_ReadRXPaylaod
                0x08002540       0x38 ./Core/Src/NRF24.o
                0x08002540                nRF24_ReadRXPaylaod
 .text.nRF24_IsBitSetInFifoStatus
                0x08002578       0x30 ./Core/Src/NRF24.o
                0x08002578                nRF24_IsBitSetInFifoStatus
 .text.nRF24_ReadFifoStatus
                0x080025a8       0x10 ./Core/Src/NRF24.o
                0x080025a8                nRF24_ReadFifoStatus
 .text.nRF24_Init
                0x080025b8       0xa8 ./Core/Src/NRF24.o
                0x080025b8                nRF24_Init
 .text.nRF24_Inittest
                0x08002660        0xe ./Core/Src/NRF24.o
                0x08002660                nRF24_Inittest
 *fill*         0x0800266e        0x2 
 .text.__NVIC_SystemReset
                0x08002670       0x2c ./Core/Src/USART komendy.o
 .text.interpretcommand
                0x0800269c       0x9c ./Core/Src/USART komendy.o
                0x0800269c                interpretcommand
 .text.executecommand
                0x08002738      0xdd8 ./Core/Src/USART komendy.o
                0x08002738                executecommand
 .text.MX_ADC2_Init
                0x08003510       0xd8 ./Core/Src/adc.o
                0x08003510                MX_ADC2_Init
 .text.HAL_ADC_MspInit
                0x080035e8      0x104 ./Core/Src/adc.o
                0x080035e8                HAL_ADC_MspInit
 .text.MX_DMA_Init
                0x080036ec       0x70 ./Core/Src/dma.o
                0x080036ec                MX_DMA_Init
 *fill*         0x0800375c        0x4 
 .text.Thrust_filter
                0x08003760      0x26c ./Core/Src/dron.o
                0x08003760                Thrust_filter
 .text.PID_cal  0x080039cc      0x53c ./Core/Src/dron.o
                0x080039cc                PID_cal
 .text.Get_batteryvalue
                0x08003f08       0x80 ./Core/Src/dron.o
                0x08003f08                Get_batteryvalue
 .text.SELECT   0x08003f88       0x18 ./Core/Src/fatfs_sd.o
 .text.DESELECT
                0x08003fa0       0x18 ./Core/Src/fatfs_sd.o
 .text.SPI_TxByte
                0x08003fb8       0x34 ./Core/Src/fatfs_sd.o
 .text.SPI_TxBuffer
                0x08003fec       0x38 ./Core/Src/fatfs_sd.o
 .text.SPI_RxByte
                0x08004024       0x3c ./Core/Src/fatfs_sd.o
 .text.SPI_RxBytePtr
                0x08004060       0x1c ./Core/Src/fatfs_sd.o
 .text.SD_ReadyWait
                0x0800407c       0x34 ./Core/Src/fatfs_sd.o
 .text.SD_PowerOn
                0x080040b0       0x84 ./Core/Src/fatfs_sd.o
 .text.SD_PowerOff
                0x08004134       0x18 ./Core/Src/fatfs_sd.o
 .text.SD_CheckPower
                0x0800414c       0x18 ./Core/Src/fatfs_sd.o
 .text.SD_RxDataBlock
                0x08004164       0x60 ./Core/Src/fatfs_sd.o
 .text.SD_TxDataBlock
                0x080041c4       0x86 ./Core/Src/fatfs_sd.o
 .text.SD_SendCmd
                0x0800424a       0xa8 ./Core/Src/fatfs_sd.o
 *fill*         0x080042f2        0x2 
 .text.SD_disk_initialize
                0x080042f4      0x1d8 ./Core/Src/fatfs_sd.o
                0x080042f4                SD_disk_initialize
 .text.SD_disk_status
                0x080044cc       0x2c ./Core/Src/fatfs_sd.o
                0x080044cc                SD_disk_status
 .text.SD_disk_read
                0x080044f8       0xd4 ./Core/Src/fatfs_sd.o
                0x080044f8                SD_disk_read
 .text.SD_disk_write
                0x080045cc      0x108 ./Core/Src/fatfs_sd.o
                0x080045cc                SD_disk_write
 .text.SD_disk_ioctl
                0x080046d4      0x254 ./Core/Src/fatfs_sd.o
                0x080046d4                SD_disk_ioctl
 .text.MX_GPIO_Init
                0x08004928      0x25c ./Core/Src/gpio.o
                0x08004928                MX_GPIO_Init
 .text.MX_I2C5_Init
                0x08004b84       0x84 ./Core/Src/i2c.o
                0x08004b84                MX_I2C5_Init
 .text.HAL_I2C_MspInit
                0x08004c08       0xe4 ./Core/Src/i2c.o
                0x08004c08                HAL_I2C_MspInit
 .text.__NVIC_SystemReset
                0x08004cec       0x2c ./Core/Src/main.o
 .text.main     0x08004d18      0xf1c ./Core/Src/main.o
                0x08004d18                main
 .text.SystemClock_Config
                0x08005c34       0xe4 ./Core/Src/main.o
                0x08005c34                SystemClock_Config
 .text.PeriphCommonClock_Config
                0x08005d18       0x64 ./Core/Src/main.o
                0x08005d18                PeriphCommonClock_Config
 .text.HAL_TIM_PeriodElapsedCallback
                0x08005d7c      0x274 ./Core/Src/main.o
                0x08005d7c                HAL_TIM_PeriodElapsedCallback
 .text.HAL_GPIO_EXTI_Callback
                0x08005ff0      0x2d8 ./Core/Src/main.o
                0x08005ff0                HAL_GPIO_EXTI_Callback
 .text.HAL_UART_RxCpltCallback
                0x080062c8       0xb0 ./Core/Src/main.o
                0x080062c8                HAL_UART_RxCpltCallback
 .text.HAL_I2C_MemRxCpltCallback
                0x08006378      0xc94 ./Core/Src/main.o
                0x08006378                HAL_I2C_MemRxCpltCallback
 .text.convert_array_to_value
                0x0800700c       0xa2 ./Core/Src/main.o
                0x0800700c                convert_array_to_value
 .text.convert_value_to_array
                0x080070ae       0xbe ./Core/Src/main.o
                0x080070ae                convert_value_to_array
 .text.potenga  0x0800716c       0x80 ./Core/Src/main.o
                0x0800716c                potenga
 .text.WartoscBezwgledna
                0x080071ec       0x34 ./Core/Src/main.o
                0x080071ec                WartoscBezwgledna
 .text.RGB_LED_Set_color
                0x08007220       0x3c ./Core/Src/main.o
                0x08007220                RGB_LED_Set_color
 *fill*         0x0800725c        0x4 
 .text.RGB_LED_For_BAT
                0x08007260       0x78 ./Core/Src/main.o
                0x08007260                RGB_LED_For_BAT
 .text.convert_value_to_array2
                0x080072d8       0xbe ./Core/Src/main.o
                0x080072d8                convert_value_to_array2
 .text.convert_value_to_array3
                0x08007396      0x1f6 ./Core/Src/main.o
                0x08007396                convert_value_to_array3
 .text.uSD_Card_SendData_To_Buffer
                0x0800758c      0x3ac ./Core/Src/main.o
                0x0800758c                uSD_Card_SendData_To_Buffer
 .text.Stack_Push
                0x08007938       0x98 ./Core/Src/main.o
                0x08007938                Stack_Push
 .text.ROOL_MAX_VAL
                0x080079d0       0x20 ./Core/Src/main.o
                0x080079d0                ROOL_MAX_VAL
 .text.ROOL_MIN_VAL
                0x080079f0       0x20 ./Core/Src/main.o
                0x080079f0                ROOL_MIN_VAL
 .text.PITCH_MAX_VAL
                0x08007a10       0x20 ./Core/Src/main.o
                0x08007a10                PITCH_MAX_VAL
 .text.PITCH_MIN_VAL
                0x08007a30       0x20 ./Core/Src/main.o
                0x08007a30                PITCH_MIN_VAL
 .text.YAW_MAX_VAL
                0x08007a50       0x20 ./Core/Src/main.o
                0x08007a50                YAW_MAX_VAL
 .text.YAW_MIN_VAL
                0x08007a70       0x20 ./Core/Src/main.o
                0x08007a70                YAW_MIN_VAL
 .text.ROOL_GOOD_VAL
                0x08007a90       0x30 ./Core/Src/main.o
                0x08007a90                ROOL_GOOD_VAL
 .text.PITCH_GOOD_VAL
                0x08007ac0       0x30 ./Core/Src/main.o
                0x08007ac0                PITCH_GOOD_VAL
 .text.YAW_GOOD_VAL
                0x08007af0       0x30 ./Core/Src/main.o
                0x08007af0                YAW_GOOD_VAL
 .text.MPU_Config
                0x08007b20       0x58 ./Core/Src/main.o
 .text.Error_Handler
                0x08007b78        0xc ./Core/Src/main.o
                0x08007b78                Error_Handler
 .text.MX_SPI2_Init
                0x08007b84       0xac ./Core/Src/spi.o
                0x08007b84                MX_SPI2_Init
 .text.MX_SPI6_Init
                0x08007c30       0xac ./Core/Src/spi.o
                0x08007c30                MX_SPI6_Init
 .text.HAL_SPI_MspInit
                0x08007cdc      0x220 ./Core/Src/spi.o
                0x08007cdc                HAL_SPI_MspInit
 .text.HAL_MspInit
                0x08007efc       0x34 ./Core/Src/stm32h7xx_hal_msp.o
                0x08007efc                HAL_MspInit
 .text.SDTimer_Handler
                0x08007f30       0x3c ./Core/Src/stm32h7xx_it.o
                0x08007f30                SDTimer_Handler
 *fill*         0x08007f6c        0x4 
 .text.NMI_Handler
                0x08007f70      0x674 ./Core/Src/stm32h7xx_it.o
                0x08007f70                NMI_Handler
 .text.HardFault_Handler
                0x080085e4       0x74 ./Core/Src/stm32h7xx_it.o
                0x080085e4                HardFault_Handler
 .text.MemManage_Handler
                0x08008658       0x74 ./Core/Src/stm32h7xx_it.o
                0x08008658                MemManage_Handler
 .text.BusFault_Handler
                0x080086cc       0x74 ./Core/Src/stm32h7xx_it.o
                0x080086cc                BusFault_Handler
 .text.UsageFault_Handler
                0x08008740       0x74 ./Core/Src/stm32h7xx_it.o
                0x08008740                UsageFault_Handler
 .text.SVC_Handler
                0x080087b4        0xe ./Core/Src/stm32h7xx_it.o
                0x080087b4                SVC_Handler
 .text.DebugMon_Handler
                0x080087c2        0xe ./Core/Src/stm32h7xx_it.o
                0x080087c2                DebugMon_Handler
 .text.PendSV_Handler
                0x080087d0        0xe ./Core/Src/stm32h7xx_it.o
                0x080087d0                PendSV_Handler
 *fill*         0x080087de        0x2 
 .text.SysTick_Handler
                0x080087e0       0x2c ./Core/Src/stm32h7xx_it.o
                0x080087e0                SysTick_Handler
 .text.DMA1_Stream0_IRQHandler
                0x0800880c       0x14 ./Core/Src/stm32h7xx_it.o
                0x0800880c                DMA1_Stream0_IRQHandler
 .text.ADC_IRQHandler
                0x08008820       0x14 ./Core/Src/stm32h7xx_it.o
                0x08008820                ADC_IRQHandler
 .text.TIM2_IRQHandler
                0x08008834       0x14 ./Core/Src/stm32h7xx_it.o
                0x08008834                TIM2_IRQHandler
 .text.SPI2_IRQHandler
                0x08008848       0x14 ./Core/Src/stm32h7xx_it.o
                0x08008848                SPI2_IRQHandler
 .text.USART1_IRQHandler
                0x0800885c       0x14 ./Core/Src/stm32h7xx_it.o
                0x0800885c                USART1_IRQHandler
 .text.EXTI15_10_IRQHandler
                0x08008870       0x10 ./Core/Src/stm32h7xx_it.o
                0x08008870                EXTI15_10_IRQHandler
 .text.DMA2_Stream0_IRQHandler
                0x08008880       0x14 ./Core/Src/stm32h7xx_it.o
                0x08008880                DMA2_Stream0_IRQHandler
 .text.I2C5_EV_IRQHandler
                0x08008894       0x14 ./Core/Src/stm32h7xx_it.o
                0x08008894                I2C5_EV_IRQHandler
 .text.SystemInit
                0x080088a8       0xf0 ./Core/Src/system_stm32h7xx.o
                0x080088a8                SystemInit
 .text.MX_TIM1_Init
                0x08008998      0x150 ./Core/Src/tim.o
                0x08008998                MX_TIM1_Init
 .text.MX_TIM2_Init
                0x08008ae8       0xa8 ./Core/Src/tim.o
                0x08008ae8                MX_TIM2_Init
 .text.MX_TIM3_Init
                0x08008b90       0xf8 ./Core/Src/tim.o
                0x08008b90                MX_TIM3_Init
 .text.MX_TIM8_Init
                0x08008c88       0xac ./Core/Src/tim.o
                0x08008c88                MX_TIM8_Init
 .text.HAL_TIM_PWM_MspInit
                0x08008d34       0x74 ./Core/Src/tim.o
                0x08008d34                HAL_TIM_PWM_MspInit
 .text.HAL_TIM_IC_MspInit
                0x08008da8       0xa0 ./Core/Src/tim.o
                0x08008da8                HAL_TIM_IC_MspInit
 .text.HAL_TIM_Base_MspInit
                0x08008e48       0x44 ./Core/Src/tim.o
                0x08008e48                HAL_TIM_Base_MspInit
 .text.HAL_TIM_MspPostInit
                0x08008e8c       0xcc ./Core/Src/tim.o
                0x08008e8c                HAL_TIM_MspPostInit
 .text.MX_USART1_UART_Init
                0x08008f58       0x98 ./Core/Src/usart.o
                0x08008f58                MX_USART1_UART_Init
 .text.HAL_UART_MspInit
                0x08008ff0       0xe4 ./Core/Src/usart.o
                0x08008ff0                HAL_UART_MspInit
 .text.Reset_Handler
                0x080090d4       0x50 ./Core/Startup/startup_stm32h723zgtx.o
                0x080090d4                Reset_Handler
 .text.Default_Handler
                0x08009124        0x2 ./Core/Startup/startup_stm32h723zgtx.o
                0x08009124                RTC_Alarm_IRQHandler
                0x08009124                EXTI2_IRQHandler
                0x08009124                TIM8_CC_IRQHandler
                0x08009124                UART8_IRQHandler
                0x08009124                SPI4_IRQHandler
                0x08009124                FDCAN3_IT0_IRQHandler
                0x08009124                TIM1_CC_IRQHandler
                0x08009124                BDMA_Channel6_IRQHandler
                0x08009124                DMA2_Stream5_IRQHandler
                0x08009124                DMA1_Stream5_IRQHandler
                0x08009124                CORDIC_IRQHandler
                0x08009124                BDMA_Channel1_IRQHandler
                0x08009124                TAMP_STAMP_IRQHandler
                0x08009124                EXTI3_IRQHandler
                0x08009124                LPTIM4_IRQHandler
                0x08009124                TIM8_TRG_COM_TIM14_IRQHandler
                0x08009124                LPTIM2_IRQHandler
                0x08009124                DFSDM1_FLT1_IRQHandler
                0x08009124                DMAMUX2_OVR_IRQHandler
                0x08009124                TIM8_UP_TIM13_IRQHandler
                0x08009124                I2C3_ER_IRQHandler
                0x08009124                DFSDM1_FLT2_IRQHandler
                0x08009124                USART10_IRQHandler
                0x08009124                MDMA_IRQHandler
                0x08009124                LPTIM3_IRQHandler
                0x08009124                HSEM1_IRQHandler
                0x08009124                EXTI0_IRQHandler
                0x08009124                I2C2_EV_IRQHandler
                0x08009124                DMA1_Stream2_IRQHandler
                0x08009124                FPU_IRQHandler
                0x08009124                OTG_HS_WKUP_IRQHandler
                0x08009124                FDCAN1_IT1_IRQHandler
                0x08009124                LTDC_ER_IRQHandler
                0x08009124                DMA2_Stream2_IRQHandler
                0x08009124                SPI1_IRQHandler
                0x08009124                OCTOSPI1_IRQHandler
                0x08009124                TIM6_DAC_IRQHandler
                0x08009124                DMA2_Stream3_IRQHandler
                0x08009124                OCTOSPI2_IRQHandler
                0x08009124                DFSDM1_FLT3_IRQHandler
                0x08009124                TIM23_IRQHandler
                0x08009124                USART6_IRQHandler
                0x08009124                TIM17_IRQHandler
                0x08009124                USART3_IRQHandler
                0x08009124                BDMA_Channel7_IRQHandler
                0x08009124                LPTIM5_IRQHandler
                0x08009124                UART5_IRQHandler
                0x08009124                ADC3_IRQHandler
                0x08009124                TIM4_IRQHandler
                0x08009124                BDMA_Channel2_IRQHandler
                0x08009124                I2C1_EV_IRQHandler
                0x08009124                DMA1_Stream6_IRQHandler
                0x08009124                DMAMUX1_OVR_IRQHandler
                0x08009124                DMA1_Stream1_IRQHandler
                0x08009124                TIM16_IRQHandler
                0x08009124                UART4_IRQHandler
                0x08009124                BDMA_Channel5_IRQHandler
                0x08009124                TIM3_IRQHandler
                0x08009124                RCC_IRQHandler
                0x08009124                UART9_IRQHandler
                0x08009124                TIM8_BRK_TIM12_IRQHandler
                0x08009124                TIM1_TRG_COM_IRQHandler
                0x08009124                Default_Handler
                0x08009124                ECC_IRQHandler
                0x08009124                FMAC_IRQHandler
                0x08009124                CEC_IRQHandler
                0x08009124                BDMA_Channel0_IRQHandler
                0x08009124                I2C5_ER_IRQHandler
                0x08009124                DMA1_Stream7_IRQHandler
                0x08009124                SPI5_IRQHandler
                0x08009124                TIM7_IRQHandler
                0x08009124                FDCAN3_IT1_IRQHandler
                0x08009124                SDMMC1_IRQHandler
                0x08009124                TIM5_IRQHandler
                0x08009124                DMA2_Stream7_IRQHandler
                0x08009124                TIM15_IRQHandler
                0x08009124                PVD_AVD_IRQHandler
                0x08009124                I2C3_EV_IRQHandler
                0x08009124                EXTI9_5_IRQHandler
                0x08009124                RTC_WKUP_IRQHandler
                0x08009124                LTDC_IRQHandler
                0x08009124                ETH_WKUP_IRQHandler
                0x08009124                SPDIF_RX_IRQHandler
                0x08009124                OTG_HS_EP1_IN_IRQHandler
                0x08009124                TIM24_IRQHandler
                0x08009124                CRS_IRQHandler
                0x08009124                EXTI4_IRQHandler
                0x08009124                RNG_IRQHandler
                0x08009124                FDCAN2_IT1_IRQHandler
                0x08009124                ETH_IRQHandler
                0x08009124                TIM1_UP_IRQHandler
                0x08009124                BDMA_Channel4_IRQHandler
                0x08009124                OTG_HS_EP1_OUT_IRQHandler
                0x08009124                WWDG_IRQHandler
                0x08009124                SPI6_IRQHandler
                0x08009124                MDIOS_IRQHandler
                0x08009124                I2C4_EV_IRQHandler
                0x08009124                FDCAN2_IT0_IRQHandler
                0x08009124                LPUART1_IRQHandler
                0x08009124                FDCAN1_IT0_IRQHandler
                0x08009124                OTG_HS_IRQHandler
                0x08009124                DMA2D_IRQHandler
                0x08009124                TIM1_BRK_IRQHandler
                0x08009124                EXTI1_IRQHandler
                0x08009124                SDMMC2_IRQHandler
                0x08009124                BDMA_Channel3_IRQHandler
                0x08009124                DTS_IRQHandler
                0x08009124                UART7_IRQHandler
                0x08009124                MDIOS_WKUP_IRQHandler
                0x08009124                USART2_IRQHandler
                0x08009124                DFSDM1_FLT0_IRQHandler
                0x08009124                SAI4_IRQHandler
                0x08009124                I2C2_ER_IRQHandler
                0x08009124                DMA2_Stream1_IRQHandler
                0x08009124                FLASH_IRQHandler
                0x08009124                DMA2_Stream4_IRQHandler
                0x08009124                SPI3_IRQHandler
                0x08009124                WAKEUP_PIN_IRQHandler
                0x08009124                DMA1_Stream4_IRQHandler
                0x08009124                I2C1_ER_IRQHandler
                0x08009124                FMC_IRQHandler
                0x08009124                FDCAN_CAL_IRQHandler
                0x08009124                SWPMI1_IRQHandler
                0x08009124                COMP1_IRQHandler
                0x08009124                LPTIM1_IRQHandler
                0x08009124                DCMI_PSSI_IRQHandler
                0x08009124                I2C4_ER_IRQHandler
                0x08009124                DMA2_Stream6_IRQHandler
                0x08009124                SAI1_IRQHandler
                0x08009124                DMA1_Stream3_IRQHandler
 *fill*         0x08009126        0x2 
 .text.HAL_Init
                0x08009128       0x78 ./Drivers/STM32H7xx_HAL_Driver/Src/stm32h7xx_hal.o
                0x08009128                HAL_Init
 .text.HAL_InitTick
                0x080091a0       0x6c ./Drivers/STM32H7xx_HAL_Driver/Src/stm32h7xx_hal.o
                0x080091a0                HAL_InitTick
 .text.HAL_IncTick
                0x0800920c       0x28 ./Drivers/STM32H7xx_HAL_Driver/Src/stm32h7xx_hal.o
                0x0800920c                HAL_IncTick
 .text.HAL_GetTick
                0x08009234       0x18 ./Drivers/STM32H7xx_HAL_Driver/Src/stm32h7xx_hal.o
                0x08009234                HAL_GetTick
 .text.HAL_Delay
                0x0800924c       0x48 ./Drivers/STM32H7xx_HAL_Driver/Src/stm32h7xx_hal.o
                0x0800924c                HAL_Delay
 .text.LL_ADC_SetCommonClock
                0x08009294       0x26 ./Drivers/STM32H7xx_HAL_Driver/Src/stm32h7xx_hal_adc.o
 .text.LL_ADC_SetCommonPathInternalCh
                0x080092ba       0x26 ./Drivers/STM32H7xx_HAL_Driver/Src/stm32h7xx_hal_adc.o
 .text.LL_ADC_GetCommonPathInternalCh
                0x080092e0       0x1c ./Drivers/STM32H7xx_HAL_Driver/Src/stm32h7xx_hal_adc.o
 .text.LL_ADC_SetChannelPreselection
                0x080092fc       0x74 ./Drivers/STM32H7xx_HAL_Driver/Src/stm32h7xx_hal_adc.o
 .text.LL_ADC_SetOffset
                0x08009370       0x64 ./Drivers/STM32H7xx_HAL_Driver/Src/stm32h7xx_hal_adc.o
 .text.LL_ADC_GetOffsetChannel
                0x080093d4       0x2c ./Drivers/STM32H7xx_HAL_Driver/Src/stm32h7xx_hal_adc.o
 .text.LL_ADC_SetDataRightShift
                0x08009400       0x32 ./Drivers/STM32H7xx_HAL_Driver/Src/stm32h7xx_hal_adc.o
 *fill*         0x08009432        0x2 
 .text.LL_ADC_SetOffsetSignedSaturation
                0x08009434       0x44 ./Drivers/STM32H7xx_HAL_Driver/Src/stm32h7xx_hal_adc.o
 .text.LL_ADC_SetOffsetSaturation
                0x08009478       0x44 ./Drivers/STM32H7xx_HAL_Driver/Src/stm32h7xx_hal_adc.o
 .text.LL_ADC_SetOffsetSign
                0x080094bc       0x44 ./Drivers/STM32H7xx_HAL_Driver/Src/stm32h7xx_hal_adc.o
 .text.LL_ADC_SetOffsetState
                0x08009500       0x54 ./Drivers/STM32H7xx_HAL_Driver/Src/stm32h7xx_hal_adc.o
 .text.LL_ADC_REG_IsTriggerSourceSWStart
                0x08009554       0x26 ./Drivers/STM32H7xx_HAL_Driver/Src/stm32h7xx_hal_adc.o
 .text.LL_ADC_REG_SetSequencerRanks
                0x0800957a       0x58 ./Drivers/STM32H7xx_HAL_Driver/Src/stm32h7xx_hal_adc.o
 .text.LL_ADC_REG_SetDataTransferMode
                0x080095d2       0x26 ./Drivers/STM32H7xx_HAL_Driver/Src/stm32h7xx_hal_adc.o
 .text.LL_ADC_EnableDMAReq
                0x080095f8       0x20 ./Drivers/STM32H7xx_HAL_Driver/Src/stm32h7xx_hal_adc.o
 .text.LL_ADC_REG_SetDMATransferMode
                0x08009618       0x34 ./Drivers/STM32H7xx_HAL_Driver/Src/stm32h7xx_hal_adc.o
 .text.LL_ADC_INJ_IsTriggerSourceSWStart
                0x0800964c       0x26 ./Drivers/STM32H7xx_HAL_Driver/Src/stm32h7xx_hal_adc.o
 .text.LL_ADC_SetChannelSamplingTime
                0x08009672       0x56 ./Drivers/STM32H7xx_HAL_Driver/Src/stm32h7xx_hal_adc.o
 .text.LL_ADC_SetChannelSingleDiff
                0x080096c8       0x80 ./Drivers/STM32H7xx_HAL_Driver/Src/stm32h7xx_hal_adc.o
 .text.LL_ADC_GetMultimode
                0x08009748       0x1c ./Drivers/STM32H7xx_HAL_Driver/Src/stm32h7xx_hal_adc.o
 .text.LL_ADC_GetMultiDMATransfer
                0x08009764       0x1c ./Drivers/STM32H7xx_HAL_Driver/Src/stm32h7xx_hal_adc.o
 .text.LL_ADC_DisableDeepPowerDown
                0x08009780       0x24 ./Drivers/STM32H7xx_HAL_Driver/Src/stm32h7xx_hal_adc.o
 .text.LL_ADC_IsDeepPowerDownEnabled
                0x080097a4       0x28 ./Drivers/STM32H7xx_HAL_Driver/Src/stm32h7xx_hal_adc.o
 .text.LL_ADC_EnableInternalRegulator
                0x080097cc       0x28 ./Drivers/STM32H7xx_HAL_Driver/Src/stm32h7xx_hal_adc.o
 .text.LL_ADC_IsInternalRegulatorEnabled
                0x080097f4       0x28 ./Drivers/STM32H7xx_HAL_Driver/Src/stm32h7xx_hal_adc.o
 .text.LL_ADC_Enable
                0x0800981c       0x28 ./Drivers/STM32H7xx_HAL_Driver/Src/stm32h7xx_hal_adc.o
 .text.LL_ADC_IsEnabled
                0x08009844       0x26 ./Drivers/STM32H7xx_HAL_Driver/Src/stm32h7xx_hal_adc.o
 *fill*         0x0800986a        0x2 
 .text.LL_ADC_REG_StartConversion
                0x0800986c       0x28 ./Drivers/STM32H7xx_HAL_Driver/Src/stm32h7xx_hal_adc.o
 .text.LL_ADC_REG_IsConversionOngoing
                0x08009894       0x26 ./Drivers/STM32H7xx_HAL_Driver/Src/stm32h7xx_hal_adc.o
 .text.LL_ADC_INJ_IsConversionOngoing
                0x080098ba       0x26 ./Drivers/STM32H7xx_HAL_Driver/Src/stm32h7xx_hal_adc.o
 .text.HAL_ADC_Init
                0x080098e0      0x410 ./Drivers/STM32H7xx_HAL_Driver/Src/stm32h7xx_hal_adc.o
                0x080098e0                HAL_ADC_Init
 .text.HAL_ADC_Start_DMA
                0x08009cf0      0x1b8 ./Drivers/STM32H7xx_HAL_Driver/Src/stm32h7xx_hal_adc.o
                0x08009cf0                HAL_ADC_Start_DMA
 .text.HAL_ADC_IRQHandler
                0x08009ea8      0x474 ./Drivers/STM32H7xx_HAL_Driver/Src/stm32h7xx_hal_adc.o
                0x08009ea8                HAL_ADC_IRQHandler
 .text.HAL_ADC_ConvCpltCallback
                0x0800a31c       0x14 ./Drivers/STM32H7xx_HAL_Driver/Src/stm32h7xx_hal_adc.o
                0x0800a31c                HAL_ADC_ConvCpltCallback
 .text.HAL_ADC_ConvHalfCpltCallback
                0x0800a330       0x14 ./Drivers/STM32H7xx_HAL_Driver/Src/stm32h7xx_hal_adc.o
                0x0800a330                HAL_ADC_ConvHalfCpltCallback
 .text.HAL_ADC_LevelOutOfWindowCallback
                0x0800a344       0x14 ./Drivers/STM32H7xx_HAL_Driver/Src/stm32h7xx_hal_adc.o
                0x0800a344                HAL_ADC_LevelOutOfWindowCallback
 .text.HAL_ADC_ErrorCallback
                0x0800a358       0x14 ./Drivers/STM32H7xx_HAL_Driver/Src/stm32h7xx_hal_adc.o
                0x0800a358                HAL_ADC_ErrorCallback
 .text.HAL_ADC_ConfigChannel
                0x0800a36c      0x9a8 ./Drivers/STM32H7xx_HAL_Driver/Src/stm32h7xx_hal_adc.o
                0x0800a36c                HAL_ADC_ConfigChannel
 .text.ADC_Enable
                0x0800ad14      0x114 ./Drivers/STM32H7xx_HAL_Driver/Src/stm32h7xx_hal_adc.o
                0x0800ad14                ADC_Enable
 .text.ADC_DMAConvCplt
                0x0800ae28       0xd8 ./Drivers/STM32H7xx_HAL_Driver/Src/stm32h7xx_hal_adc.o
                0x0800ae28                ADC_DMAConvCplt
 .text.ADC_DMAHalfConvCplt
                0x0800af00       0x1c ./Drivers/STM32H7xx_HAL_Driver/Src/stm32h7xx_hal_adc.o
                0x0800af00                ADC_DMAHalfConvCplt
 .text.ADC_DMAError
                0x0800af1c       0x34 ./Drivers/STM32H7xx_HAL_Driver/Src/stm32h7xx_hal_adc.o
                0x0800af1c                ADC_DMAError
 .text.ADC_ConfigureBoostMode
                0x0800af50      0x1dc ./Drivers/STM32H7xx_HAL_Driver/Src/stm32h7xx_hal_adc.o
                0x0800af50                ADC_ConfigureBoostMode
 .text.HAL_ADCEx_InjectedConvCpltCallback
                0x0800b12c       0x14 ./Drivers/STM32H7xx_HAL_Driver/Src/stm32h7xx_hal_adc_ex.o
                0x0800b12c                HAL_ADCEx_InjectedConvCpltCallback
 .text.HAL_ADCEx_InjectedQueueOverflowCallback
                0x0800b140       0x14 ./Drivers/STM32H7xx_HAL_Driver/Src/stm32h7xx_hal_adc_ex.o
                0x0800b140                HAL_ADCEx_InjectedQueueOverflowCallback
 .text.HAL_ADCEx_LevelOutOfWindow2Callback
                0x0800b154       0x14 ./Drivers/STM32H7xx_HAL_Driver/Src/stm32h7xx_hal_adc_ex.o
                0x0800b154                HAL_ADCEx_LevelOutOfWindow2Callback
 .text.HAL_ADCEx_LevelOutOfWindow3Callback
                0x0800b168       0x14 ./Drivers/STM32H7xx_HAL_Driver/Src/stm32h7xx_hal_adc_ex.o
                0x0800b168                HAL_ADCEx_LevelOutOfWindow3Callback
 .text.HAL_ADCEx_EndOfSamplingCallback
                0x0800b17c       0x14 ./Drivers/STM32H7xx_HAL_Driver/Src/stm32h7xx_hal_adc_ex.o
                0x0800b17c                HAL_ADCEx_EndOfSamplingCallback
 .text.__NVIC_SetPriorityGrouping
                0x0800b190       0x48 ./Drivers/STM32H7xx_HAL_Driver/Src/stm32h7xx_hal_cortex.o
 .text.__NVIC_GetPriorityGrouping
                0x0800b1d8       0x1c ./Drivers/STM32H7xx_HAL_Driver/Src/stm32h7xx_hal_cortex.o
 .text.__NVIC_EnableIRQ
                0x0800b1f4       0x3c ./Drivers/STM32H7xx_HAL_Driver/Src/stm32h7xx_hal_cortex.o
 .text.__NVIC_SetPriority
                0x0800b230       0x54 ./Drivers/STM32H7xx_HAL_Driver/Src/stm32h7xx_hal_cortex.o
 .text.NVIC_EncodePriority
                0x0800b284       0x66 ./Drivers/STM32H7xx_HAL_Driver/Src/stm32h7xx_hal_cortex.o
 *fill*         0x0800b2ea        0x2 
 .text.SysTick_Config
                0x0800b2ec       0x44 ./Drivers/STM32H7xx_HAL_Driver/Src/stm32h7xx_hal_cortex.o
 .text.HAL_NVIC_SetPriorityGrouping
                0x0800b330       0x16 ./Drivers/STM32H7xx_HAL_Driver/Src/stm32h7xx_hal_cortex.o
                0x0800b330                HAL_NVIC_SetPriorityGrouping
 .text.HAL_NVIC_SetPriority
                0x0800b346       0x34 ./Drivers/STM32H7xx_HAL_Driver/Src/stm32h7xx_hal_cortex.o
                0x0800b346                HAL_NVIC_SetPriority
 .text.HAL_NVIC_EnableIRQ
                0x0800b37a       0x1c ./Drivers/STM32H7xx_HAL_Driver/Src/stm32h7xx_hal_cortex.o
                0x0800b37a                HAL_NVIC_EnableIRQ
 .text.HAL_SYSTICK_Config
                0x0800b396       0x18 ./Drivers/STM32H7xx_HAL_Driver/Src/stm32h7xx_hal_cortex.o
                0x0800b396                HAL_SYSTICK_Config
 *fill*         0x0800b3ae        0x2 
 .text.HAL_MPU_Disable
                0x0800b3b0       0x30 ./Drivers/STM32H7xx_HAL_Driver/Src/stm32h7xx_hal_cortex.o
                0x0800b3b0                HAL_MPU_Disable
 .text.HAL_MPU_Enable
                0x0800b3e0       0x40 ./Drivers/STM32H7xx_HAL_Driver/Src/stm32h7xx_hal_cortex.o
                0x0800b3e0                HAL_MPU_Enable
 .text.HAL_MPU_ConfigRegion
                0x0800b420       0x80 ./Drivers/STM32H7xx_HAL_Driver/Src/stm32h7xx_hal_cortex.o
                0x0800b420                HAL_MPU_ConfigRegion
 .text.HAL_DMA_Init
                0x0800b4a0      0x6b0 ./Drivers/STM32H7xx_HAL_Driver/Src/stm32h7xx_hal_dma.o
                0x0800b4a0                HAL_DMA_Init
 .text.HAL_DMA_Start_IT
                0x0800bb50      0x4d4 ./Drivers/STM32H7xx_HAL_Driver/Src/stm32h7xx_hal_dma.o
                0x0800bb50                HAL_DMA_Start_IT
 .text.HAL_DMA_Abort
                0x0800c024      0x63c ./Drivers/STM32H7xx_HAL_Driver/Src/stm32h7xx_hal_dma.o
                0x0800c024                HAL_DMA_Abort
 .text.HAL_DMA_Abort_IT
                0x0800c660      0x48c ./Drivers/STM32H7xx_HAL_Driver/Src/stm32h7xx_hal_dma.o
                0x0800c660                HAL_DMA_Abort_IT
 .text.HAL_DMA_IRQHandler
                0x0800caec      0xe54 ./Drivers/STM32H7xx_HAL_Driver/Src/stm32h7xx_hal_dma.o
                0x0800caec                HAL_DMA_IRQHandler
 .text.HAL_DMA_GetState
                0x0800d940       0x1c ./Drivers/STM32H7xx_HAL_Driver/Src/stm32h7xx_hal_dma.o
                0x0800d940                HAL_DMA_GetState
 .text.HAL_DMA_GetError
                0x0800d95c       0x18 ./Drivers/STM32H7xx_HAL_Driver/Src/stm32h7xx_hal_dma.o
                0x0800d95c                HAL_DMA_GetError
 .text.DMA_SetConfig
                0x0800d974      0x358 ./Drivers/STM32H7xx_HAL_Driver/Src/stm32h7xx_hal_dma.o
 .text.DMA_CalcBaseAndBitshift
                0x0800dccc      0x164 ./Drivers/STM32H7xx_HAL_Driver/Src/stm32h7xx_hal_dma.o
 .text.DMA_CheckFifoParam
                0x0800de30       0xf8 ./Drivers/STM32H7xx_HAL_Driver/Src/stm32h7xx_hal_dma.o
 .text.DMA_CalcDMAMUXChannelBaseAndMask
                0x0800df28      0x134 ./Drivers/STM32H7xx_HAL_Driver/Src/stm32h7xx_hal_dma.o
 .text.DMA_CalcDMAMUXRequestGenBaseAndMask
                0x0800e05c       0xe8 ./Drivers/STM32H7xx_HAL_Driver/Src/stm32h7xx_hal_dma.o
 .text.HAL_GPIO_Init
                0x0800e144      0x350 ./Drivers/STM32H7xx_HAL_Driver/Src/stm32h7xx_hal_gpio.o
                0x0800e144                HAL_GPIO_Init
 .text.HAL_GPIO_ReadPin
                0x0800e494       0x30 ./Drivers/STM32H7xx_HAL_Driver/Src/stm32h7xx_hal_gpio.o
                0x0800e494                HAL_GPIO_ReadPin
 .text.HAL_GPIO_WritePin
                0x0800e4c4       0x32 ./Drivers/STM32H7xx_HAL_Driver/Src/stm32h7xx_hal_gpio.o
                0x0800e4c4                HAL_GPIO_WritePin
 .text.HAL_GPIO_EXTI_IRQHandler
                0x0800e4f6       0x34 ./Drivers/STM32H7xx_HAL_Driver/Src/stm32h7xx_hal_gpio.o
                0x0800e4f6                HAL_GPIO_EXTI_IRQHandler
 *fill*         0x0800e52a        0x2 
 .text.HAL_I2C_Init
                0x0800e52c      0x138 ./Drivers/STM32H7xx_HAL_Driver/Src/stm32h7xx_hal_i2c.o
                0x0800e52c                HAL_I2C_Init
 .text.HAL_I2C_Mem_Write
                0x0800e664      0x228 ./Drivers/STM32H7xx_HAL_Driver/Src/stm32h7xx_hal_i2c.o
                0x0800e664                HAL_I2C_Mem_Write
 .text.HAL_I2C_Mem_Read
                0x0800e88c      0x234 ./Drivers/STM32H7xx_HAL_Driver/Src/stm32h7xx_hal_i2c.o
                0x0800e88c                HAL_I2C_Mem_Read
 .text.HAL_I2C_Mem_Write_IT
                0x0800eac0      0x114 ./Drivers/STM32H7xx_HAL_Driver/Src/stm32h7xx_hal_i2c.o
                0x0800eac0                HAL_I2C_Mem_Write_IT
 .text.HAL_I2C_Mem_Read_IT
                0x0800ebd4      0x10c ./Drivers/STM32H7xx_HAL_Driver/Src/stm32h7xx_hal_i2c.o
                0x0800ebd4                HAL_I2C_Mem_Read_IT
 .text.HAL_I2C_EV_IRQHandler
                0x0800ece0       0x34 ./Drivers/STM32H7xx_HAL_Driver/Src/stm32h7xx_hal_i2c.o
                0x0800ece0                HAL_I2C_EV_IRQHandler
 .text.HAL_I2C_MasterTxCpltCallback
                0x0800ed14       0x14 ./Drivers/STM32H7xx_HAL_Driver/Src/stm32h7xx_hal_i2c.o
                0x0800ed14                HAL_I2C_MasterTxCpltCallback
 .text.HAL_I2C_MasterRxCpltCallback
                0x0800ed28       0x14 ./Drivers/STM32H7xx_HAL_Driver/Src/stm32h7xx_hal_i2c.o
                0x0800ed28                HAL_I2C_MasterRxCpltCallback
 .text.HAL_I2C_SlaveTxCpltCallback
                0x0800ed3c       0x14 ./Drivers/STM32H7xx_HAL_Driver/Src/stm32h7xx_hal_i2c.o
                0x0800ed3c                HAL_I2C_SlaveTxCpltCallback
 .text.HAL_I2C_SlaveRxCpltCallback
                0x0800ed50       0x14 ./Drivers/STM32H7xx_HAL_Driver/Src/stm32h7xx_hal_i2c.o
                0x0800ed50                HAL_I2C_SlaveRxCpltCallback
 .text.HAL_I2C_AddrCallback
                0x0800ed64       0x1c ./Drivers/STM32H7xx_HAL_Driver/Src/stm32h7xx_hal_i2c.o
                0x0800ed64                HAL_I2C_AddrCallback
 .text.HAL_I2C_ListenCpltCallback
                0x0800ed80       0x14 ./Drivers/STM32H7xx_HAL_Driver/Src/stm32h7xx_hal_i2c.o
                0x0800ed80                HAL_I2C_ListenCpltCallback
 .text.HAL_I2C_MemTxCpltCallback
                0x0800ed94       0x14 ./Drivers/STM32H7xx_HAL_Driver/Src/stm32h7xx_hal_i2c.o
                0x0800ed94                HAL_I2C_MemTxCpltCallback
 .text.HAL_I2C_ErrorCallback
                0x0800eda8       0x14 ./Drivers/STM32H7xx_HAL_Driver/Src/stm32h7xx_hal_i2c.o
                0x0800eda8                HAL_I2C_ErrorCallback
 .text.HAL_I2C_AbortCpltCallback
                0x0800edbc       0x14 ./Drivers/STM32H7xx_HAL_Driver/Src/stm32h7xx_hal_i2c.o
                0x0800edbc                HAL_I2C_AbortCpltCallback
 .text.I2C_Mem_ISR_IT
                0x0800edd0      0x24c ./Drivers/STM32H7xx_HAL_Driver/Src/stm32h7xx_hal_i2c.o
 .text.I2C_Slave_ISR_IT
                0x0800f01c      0x1f2 ./Drivers/STM32H7xx_HAL_Driver/Src/stm32h7xx_hal_i2c.o
 .text.I2C_Master_ISR_DMA
                0x0800f20e      0x1d6 ./Drivers/STM32H7xx_HAL_Driver/Src/stm32h7xx_hal_i2c.o
 .text.I2C_Mem_ISR_DMA
                0x0800f3e4      0x24c ./Drivers/STM32H7xx_HAL_Driver/Src/stm32h7xx_hal_i2c.o
 .text.I2C_Slave_ISR_DMA
                0x0800f630      0x3b4 ./Drivers/STM32H7xx_HAL_Driver/Src/stm32h7xx_hal_i2c.o
 .text.I2C_RequestMemoryWrite
                0x0800f9e4       0xa8 ./Drivers/STM32H7xx_HAL_Driver/Src/stm32h7xx_hal_i2c.o
 .text.I2C_RequestMemoryRead
                0x0800fa8c       0xa8 ./Drivers/STM32H7xx_HAL_Driver/Src/stm32h7xx_hal_i2c.o
 .text.I2C_ITAddrCplt
                0x0800fb34      0x108 ./Drivers/STM32H7xx_HAL_Driver/Src/stm32h7xx_hal_i2c.o
 .text.I2C_ITMasterSeqCplt
                0x0800fc3c       0x7a ./Drivers/STM32H7xx_HAL_Driver/Src/stm32h7xx_hal_i2c.o
 .text.I2C_ITSlaveSeqCplt
                0x0800fcb6       0xb8 ./Drivers/STM32H7xx_HAL_Driver/Src/stm32h7xx_hal_i2c.o
 *fill*         0x0800fd6e        0x2 
 .text.I2C_ITMasterCplt
                0x0800fd70      0x190 ./Drivers/STM32H7xx_HAL_Driver/Src/stm32h7xx_hal_i2c.o
 .text.I2C_ITSlaveCplt
                0x0800ff00      0x4a8 ./Drivers/STM32H7xx_HAL_Driver/Src/stm32h7xx_hal_i2c.o
 .text.I2C_ITListenCplt
                0x080103a8       0xa8 ./Drivers/STM32H7xx_HAL_Driver/Src/stm32h7xx_hal_i2c.o
 .text.I2C_ITError
                0x08010450      0x1e0 ./Drivers/STM32H7xx_HAL_Driver/Src/stm32h7xx_hal_i2c.o
 .text.I2C_TreatErrorCallback
                0x08010630       0x4e ./Drivers/STM32H7xx_HAL_Driver/Src/stm32h7xx_hal_i2c.o
 .text.I2C_Flush_TXDR
                0x0801067e       0x48 ./Drivers/STM32H7xx_HAL_Driver/Src/stm32h7xx_hal_i2c.o
 .text.I2C_DMAAbort
                0x080106c6       0x3c ./Drivers/STM32H7xx_HAL_Driver/Src/stm32h7xx_hal_i2c.o
 .text.I2C_WaitOnFlagUntilTimeout
                0x08010702       0xb2 ./Drivers/STM32H7xx_HAL_Driver/Src/stm32h7xx_hal_i2c.o
 .text.I2C_WaitOnTXISFlagUntilTimeout
                0x080107b4       0x8e ./Drivers/STM32H7xx_HAL_Driver/Src/stm32h7xx_hal_i2c.o
 .text.I2C_WaitOnSTOPFlagUntilTimeout
                0x08010842       0x86 ./Drivers/STM32H7xx_HAL_Driver/Src/stm32h7xx_hal_i2c.o
 .text.I2C_IsErrorOccurred
                0x080108c8      0x1c0 ./Drivers/STM32H7xx_HAL_Driver/Src/stm32h7xx_hal_i2c.o
 .text.I2C_TransferConfig
                0x08010a88       0x64 ./Drivers/STM32H7xx_HAL_Driver/Src/stm32h7xx_hal_i2c.o
 .text.I2C_Enable_IRQ
                0x08010aec      0x108 ./Drivers/STM32H7xx_HAL_Driver/Src/stm32h7xx_hal_i2c.o
 .text.I2C_Disable_IRQ
                0x08010bf4       0xbc ./Drivers/STM32H7xx_HAL_Driver/Src/stm32h7xx_hal_i2c.o
 .text.HAL_I2CEx_ConfigAnalogFilter
                0x08010cb0       0x96 ./Drivers/STM32H7xx_HAL_Driver/Src/stm32h7xx_hal_i2c_ex.o
                0x08010cb0                HAL_I2CEx_ConfigAnalogFilter
 .text.HAL_I2CEx_ConfigDigitalFilter
                0x08010d46       0x98 ./Drivers/STM32H7xx_HAL_Driver/Src/stm32h7xx_hal_i2c_ex.o
                0x08010d46                HAL_I2CEx_ConfigDigitalFilter
 *fill*         0x08010dde        0x2 
 .text.HAL_I2CEx_EnableFastModePlus
                0x08010de0       0x48 ./Drivers/STM32H7xx_HAL_Driver/Src/stm32h7xx_hal_i2c_ex.o
                0x08010de0                HAL_I2CEx_EnableFastModePlus
 .text.HAL_PWREx_ConfigSupply
                0x08010e28       0x74 ./Drivers/STM32H7xx_HAL_Driver/Src/stm32h7xx_hal_pwr_ex.o
                0x08010e28                HAL_PWREx_ConfigSupply
 .text.HAL_RCC_OscConfig
                0x08010e9c      0x7b4 ./Drivers/STM32H7xx_HAL_Driver/Src/stm32h7xx_hal_rcc.o
                0x08010e9c                HAL_RCC_OscConfig
 .text.HAL_RCC_ClockConfig
                0x08011650      0x36c ./Drivers/STM32H7xx_HAL_Driver/Src/stm32h7xx_hal_rcc.o
                0x08011650                HAL_RCC_ClockConfig
 .text.HAL_RCC_GetSysClockFreq
                0x080119bc      0x2f4 ./Drivers/STM32H7xx_HAL_Driver/Src/stm32h7xx_hal_rcc.o
                0x080119bc                HAL_RCC_GetSysClockFreq
 .text.HAL_RCC_GetHCLKFreq
                0x08011cb0       0x60 ./Drivers/STM32H7xx_HAL_Driver/Src/stm32h7xx_hal_rcc.o
                0x08011cb0                HAL_RCC_GetHCLKFreq
 .text.HAL_RCC_GetPCLK1Freq
                0x08011d10       0x2c ./Drivers/STM32H7xx_HAL_Driver/Src/stm32h7xx_hal_rcc.o
                0x08011d10                HAL_RCC_GetPCLK1Freq
 .text.HAL_RCC_GetPCLK2Freq
                0x08011d3c       0x2c ./Drivers/STM32H7xx_HAL_Driver/Src/stm32h7xx_hal_rcc.o
                0x08011d3c                HAL_RCC_GetPCLK2Freq
 .text.HAL_RCCEx_PeriphCLKConfig
                0x08011d68     0x1340 ./Drivers/STM32H7xx_HAL_Driver/Src/stm32h7xx_hal_rcc_ex.o
                0x08011d68                HAL_RCCEx_PeriphCLKConfig
 .text.HAL_RCCEx_GetPeriphCLKFreq
                0x080130a8      0x9a4 ./Drivers/STM32H7xx_HAL_Driver/Src/stm32h7xx_hal_rcc_ex.o
                0x080130a8                HAL_RCCEx_GetPeriphCLKFreq
 .text.HAL_RCCEx_GetD3PCLK1Freq
                0x08013a4c       0x2c ./Drivers/STM32H7xx_HAL_Driver/Src/stm32h7xx_hal_rcc_ex.o
                0x08013a4c                HAL_RCCEx_GetD3PCLK1Freq
 .text.HAL_RCCEx_GetPLL2ClockFreq
                0x08013a78      0x2a8 ./Drivers/STM32H7xx_HAL_Driver/Src/stm32h7xx_hal_rcc_ex.o
                0x08013a78                HAL_RCCEx_GetPLL2ClockFreq
 .text.HAL_RCCEx_GetPLL3ClockFreq
                0x08013d20      0x2a8 ./Drivers/STM32H7xx_HAL_Driver/Src/stm32h7xx_hal_rcc_ex.o
                0x08013d20                HAL_RCCEx_GetPLL3ClockFreq
 .text.HAL_RCCEx_GetPLL1ClockFreq
                0x08013fc8      0x2a4 ./Drivers/STM32H7xx_HAL_Driver/Src/stm32h7xx_hal_rcc_ex.o
                0x08013fc8                HAL_RCCEx_GetPLL1ClockFreq
 .text.RCCEx_PLL2_Config
                0x0801426c      0x164 ./Drivers/STM32H7xx_HAL_Driver/Src/stm32h7xx_hal_rcc_ex.o
 .text.RCCEx_PLL3_Config
                0x080143d0      0x164 ./Drivers/STM32H7xx_HAL_Driver/Src/stm32h7xx_hal_rcc_ex.o
 .text.HAL_SPI_Init
                0x08014534      0x248 ./Drivers/STM32H7xx_HAL_Driver/Src/stm32h7xx_hal_spi.o
                0x08014534                HAL_SPI_Init
 .text.HAL_SPI_Transmit
                0x0801477c      0x3dc ./Drivers/STM32H7xx_HAL_Driver/Src/stm32h7xx_hal_spi.o
                0x0801477c                HAL_SPI_Transmit
 .text.HAL_SPI_Receive
                0x08014b58      0x4e4 ./Drivers/STM32H7xx_HAL_Driver/Src/stm32h7xx_hal_spi.o
                0x08014b58                HAL_SPI_Receive
 .text.HAL_SPI_TransmitReceive
                0x0801503c      0x674 ./Drivers/STM32H7xx_HAL_Driver/Src/stm32h7xx_hal_spi.o
                0x0801503c                HAL_SPI_TransmitReceive
 .text.HAL_SPI_Transmit_DMA
                0x080156b0      0x284 ./Drivers/STM32H7xx_HAL_Driver/Src/stm32h7xx_hal_spi.o
                0x080156b0                HAL_SPI_Transmit_DMA
 .text.HAL_SPI_IRQHandler
                0x08015934      0x39c ./Drivers/STM32H7xx_HAL_Driver/Src/stm32h7xx_hal_spi.o
                0x08015934                HAL_SPI_IRQHandler
 .text.HAL_SPI_TxCpltCallback
                0x08015cd0       0x14 ./Drivers/STM32H7xx_HAL_Driver/Src/stm32h7xx_hal_spi.o
                0x08015cd0                HAL_SPI_TxCpltCallback
 .text.HAL_SPI_RxCpltCallback
                0x08015ce4       0x14 ./Drivers/STM32H7xx_HAL_Driver/Src/stm32h7xx_hal_spi.o
                0x08015ce4                HAL_SPI_RxCpltCallback
 .text.HAL_SPI_TxRxCpltCallback
                0x08015cf8       0x14 ./Drivers/STM32H7xx_HAL_Driver/Src/stm32h7xx_hal_spi.o
                0x08015cf8                HAL_SPI_TxRxCpltCallback
 .text.HAL_SPI_TxHalfCpltCallback
                0x08015d0c       0x14 ./Drivers/STM32H7xx_HAL_Driver/Src/stm32h7xx_hal_spi.o
                0x08015d0c                HAL_SPI_TxHalfCpltCallback
 .text.HAL_SPI_ErrorCallback
                0x08015d20       0x14 ./Drivers/STM32H7xx_HAL_Driver/Src/stm32h7xx_hal_spi.o
                0x08015d20                HAL_SPI_ErrorCallback
 .text.HAL_SPI_SuspendCallback
                0x08015d34       0x14 ./Drivers/STM32H7xx_HAL_Driver/Src/stm32h7xx_hal_spi.o
                0x08015d34                HAL_SPI_SuspendCallback
 .text.SPI_DMATransmitCplt
                0x08015d48       0x46 ./Drivers/STM32H7xx_HAL_Driver/Src/stm32h7xx_hal_spi.o
 .text.SPI_DMAHalfTransmitCplt
                0x08015d8e       0x1c ./Drivers/STM32H7xx_HAL_Driver/Src/stm32h7xx_hal_spi.o
 .text.SPI_DMAError
                0x08015daa       0x46 ./Drivers/STM32H7xx_HAL_Driver/Src/stm32h7xx_hal_spi.o
 .text.SPI_DMAAbortOnError
                0x08015df0       0x34 ./Drivers/STM32H7xx_HAL_Driver/Src/stm32h7xx_hal_spi.o
 .text.SPI_CloseTransfer
                0x08015e24      0x140 ./Drivers/STM32H7xx_HAL_Driver/Src/stm32h7xx_hal_spi.o
 .text.SPI_WaitOnFlagUntilTimeout
                0x08015f64       0x5c ./Drivers/STM32H7xx_HAL_Driver/Src/stm32h7xx_hal_spi.o
 .text.SPI_GetPacketSize
                0x08015fc0       0x36 ./Drivers/STM32H7xx_HAL_Driver/Src/stm32h7xx_hal_spi.o
 .text.HAL_TIM_Base_Init
                0x08015ff6       0xae ./Drivers/STM32H7xx_HAL_Driver/Src/stm32h7xx_hal_tim.o
                0x08015ff6                HAL_TIM_Base_Init
 .text.HAL_TIM_Base_Start
                0x080160a4       0xfc ./Drivers/STM32H7xx_HAL_Driver/Src/stm32h7xx_hal_tim.o
                0x080160a4                HAL_TIM_Base_Start
 .text.HAL_TIM_Base_Start_IT
                0x080161a0      0x10c ./Drivers/STM32H7xx_HAL_Driver/Src/stm32h7xx_hal_tim.o
                0x080161a0                HAL_TIM_Base_Start_IT
 .text.HAL_TIM_PWM_Init
                0x080162ac       0xae ./Drivers/STM32H7xx_HAL_Driver/Src/stm32h7xx_hal_tim.o
                0x080162ac                HAL_TIM_PWM_Init
 *fill*         0x0801635a        0x2 
 .text.HAL_TIM_PWM_Start
                0x0801635c      0x238 ./Drivers/STM32H7xx_HAL_Driver/Src/stm32h7xx_hal_tim.o
                0x0801635c                HAL_TIM_PWM_Start
 .text.HAL_TIM_IC_Init
                0x08016594       0xae ./Drivers/STM32H7xx_HAL_Driver/Src/stm32h7xx_hal_tim.o
                0x08016594                HAL_TIM_IC_Init
 .text.HAL_TIM_IRQHandler
                0x08016642      0x20e ./Drivers/STM32H7xx_HAL_Driver/Src/stm32h7xx_hal_tim.o
                0x08016642                HAL_TIM_IRQHandler
 .text.HAL_TIM_IC_ConfigChannel
                0x08016850      0x138 ./Drivers/STM32H7xx_HAL_Driver/Src/stm32h7xx_hal_tim.o
                0x08016850                HAL_TIM_IC_ConfigChannel
 .text.HAL_TIM_PWM_ConfigChannel
                0x08016988      0x228 ./Drivers/STM32H7xx_HAL_Driver/Src/stm32h7xx_hal_tim.o
                0x08016988                HAL_TIM_PWM_ConfigChannel
 .text.HAL_TIM_ConfigClockSource
                0x08016bb0      0x1f0 ./Drivers/STM32H7xx_HAL_Driver/Src/stm32h7xx_hal_tim.o
                0x08016bb0                HAL_TIM_ConfigClockSource
 .text.HAL_TIM_OC_DelayElapsedCallback
                0x08016da0       0x14 ./Drivers/STM32H7xx_HAL_Driver/Src/stm32h7xx_hal_tim.o
                0x08016da0                HAL_TIM_OC_DelayElapsedCallback
 .text.HAL_TIM_IC_CaptureCallback
                0x08016db4       0x14 ./Drivers/STM32H7xx_HAL_Driver/Src/stm32h7xx_hal_tim.o
                0x08016db4                HAL_TIM_IC_CaptureCallback
 .text.HAL_TIM_PWM_PulseFinishedCallback
                0x08016dc8       0x14 ./Drivers/STM32H7xx_HAL_Driver/Src/stm32h7xx_hal_tim.o
                0x08016dc8                HAL_TIM_PWM_PulseFinishedCallback
 .text.HAL_TIM_TriggerCallback
                0x08016ddc       0x14 ./Drivers/STM32H7xx_HAL_Driver/Src/stm32h7xx_hal_tim.o
                0x08016ddc                HAL_TIM_TriggerCallback
 .text.TIM_Base_SetConfig
                0x08016df0      0x158 ./Drivers/STM32H7xx_HAL_Driver/Src/stm32h7xx_hal_tim.o
                0x08016df0                TIM_Base_SetConfig
 .text.TIM_OC1_SetConfig
                0x08016f48      0x120 ./Drivers/STM32H7xx_HAL_Driver/Src/stm32h7xx_hal_tim.o
 .text.TIM_OC2_SetConfig
                0x08017068      0x114 ./Drivers/STM32H7xx_HAL_Driver/Src/stm32h7xx_hal_tim.o
                0x08017068                TIM_OC2_SetConfig
 .text.TIM_OC3_SetConfig
                0x0801717c      0x110 ./Drivers/STM32H7xx_HAL_Driver/Src/stm32h7xx_hal_tim.o
 .text.TIM_OC4_SetConfig
                0x0801728c       0xd4 ./Drivers/STM32H7xx_HAL_Driver/Src/stm32h7xx_hal_tim.o
 .text.TIM_OC5_SetConfig
                0x08017360       0xc8 ./Drivers/STM32H7xx_HAL_Driver/Src/stm32h7xx_hal_tim.o
 .text.TIM_OC6_SetConfig
                0x08017428       0xcc ./Drivers/STM32H7xx_HAL_Driver/Src/stm32h7xx_hal_tim.o
 .text.TIM_TI1_SetConfig
                0x080174f4      0x100 ./Drivers/STM32H7xx_HAL_Driver/Src/stm32h7xx_hal_tim.o
                0x080174f4                TIM_TI1_SetConfig
 .text.TIM_TI1_ConfigInputStage
                0x080175f4       0x5e ./Drivers/STM32H7xx_HAL_Driver/Src/stm32h7xx_hal_tim.o
 .text.TIM_TI2_SetConfig
                0x08017652       0x7a ./Drivers/STM32H7xx_HAL_Driver/Src/stm32h7xx_hal_tim.o
 .text.TIM_TI2_ConfigInputStage
                0x080176cc       0x60 ./Drivers/STM32H7xx_HAL_Driver/Src/stm32h7xx_hal_tim.o
 .text.TIM_TI3_SetConfig
                0x0801772c       0x78 ./Drivers/STM32H7xx_HAL_Driver/Src/stm32h7xx_hal_tim.o
 .text.TIM_TI4_SetConfig
                0x080177a4       0x7a ./Drivers/STM32H7xx_HAL_Driver/Src/stm32h7xx_hal_tim.o
 *fill*         0x0801781e        0x2 
 .text.TIM_ITRx_SetConfig
                0x08017820       0x3c ./Drivers/STM32H7xx_HAL_Driver/Src/stm32h7xx_hal_tim.o
 .text.TIM_ETR_SetConfig
                0x0801785c       0x40 ./Drivers/STM32H7xx_HAL_Driver/Src/stm32h7xx_hal_tim.o
                0x0801785c                TIM_ETR_SetConfig
 .text.TIM_CCxChannelCmd
                0x0801789c       0x4a ./Drivers/STM32H7xx_HAL_Driver/Src/stm32h7xx_hal_tim.o
                0x0801789c                TIM_CCxChannelCmd
 *fill*         0x080178e6        0x2 
 .text.HAL_TIMEx_MasterConfigSynchronization
                0x080178e8      0x138 ./Drivers/STM32H7xx_HAL_Driver/Src/stm32h7xx_hal_tim_ex.o
                0x080178e8                HAL_TIMEx_MasterConfigSynchronization
 .text.HAL_TIMEx_ConfigBreakDeadTime
                0x08017a20      0x118 ./Drivers/STM32H7xx_HAL_Driver/Src/stm32h7xx_hal_tim_ex.o
                0x08017a20                HAL_TIMEx_ConfigBreakDeadTime
 .text.HAL_TIMEx_CommutCallback
                0x08017b38       0x14 ./Drivers/STM32H7xx_HAL_Driver/Src/stm32h7xx_hal_tim_ex.o
                0x08017b38                HAL_TIMEx_CommutCallback
 .text.HAL_TIMEx_BreakCallback
                0x08017b4c       0x14 ./Drivers/STM32H7xx_HAL_Driver/Src/stm32h7xx_hal_tim_ex.o
                0x08017b4c                HAL_TIMEx_BreakCallback
 .text.HAL_TIMEx_Break2Callback
                0x08017b60       0x14 ./Drivers/STM32H7xx_HAL_Driver/Src/stm32h7xx_hal_tim_ex.o
                0x08017b60                HAL_TIMEx_Break2Callback
 .text.HAL_UART_Init
                0x08017b74       0xa0 ./Drivers/STM32H7xx_HAL_Driver/Src/stm32h7xx_hal_uart.o
                0x08017b74                HAL_UART_Init
 .text.HAL_UART_Transmit
                0x08017c14      0x11c ./Drivers/STM32H7xx_HAL_Driver/Src/stm32h7xx_hal_uart.o
                0x08017c14                HAL_UART_Transmit
 .text.HAL_UART_Transmit_IT
                0x08017d30      0x128 ./Drivers/STM32H7xx_HAL_Driver/Src/stm32h7xx_hal_uart.o
                0x08017d30                HAL_UART_Transmit_IT
 .text.HAL_UART_Receive_IT
                0x08017e58       0x98 ./Drivers/STM32H7xx_HAL_Driver/Src/stm32h7xx_hal_uart.o
                0x08017e58                HAL_UART_Receive_IT
 .text.HAL_UART_IRQHandler
                0x08017ef0      0x7ac ./Drivers/STM32H7xx_HAL_Driver/Src/stm32h7xx_hal_uart.o
                0x08017ef0                HAL_UART_IRQHandler
 .text.HAL_UART_TxCpltCallback
                0x0801869c       0x14 ./Drivers/STM32H7xx_HAL_Driver/Src/stm32h7xx_hal_uart.o
                0x0801869c                HAL_UART_TxCpltCallback
 .text.HAL_UART_ErrorCallback
                0x080186b0       0x14 ./Drivers/STM32H7xx_HAL_Driver/Src/stm32h7xx_hal_uart.o
                0x080186b0                HAL_UART_ErrorCallback
 .text.HAL_UARTEx_RxEventCallback
                0x080186c4       0x18 ./Drivers/STM32H7xx_HAL_Driver/Src/stm32h7xx_hal_uart.o
                0x080186c4                HAL_UARTEx_RxEventCallback
 .text.UART_SetConfig
                0x080186dc      0xcd8 ./Drivers/STM32H7xx_HAL_Driver/Src/stm32h7xx_hal_uart.o
                0x080186dc                UART_SetConfig
 .text.UART_AdvFeatureConfig
                0x080193b4      0x144 ./Drivers/STM32H7xx_HAL_Driver/Src/stm32h7xx_hal_uart.o
                0x080193b4                UART_AdvFeatureConfig
 .text.UART_CheckIdleState
                0x080194f8      0x154 ./Drivers/STM32H7xx_HAL_Driver/Src/stm32h7xx_hal_uart.o
                0x080194f8                UART_CheckIdleState
 .text.UART_WaitOnFlagUntilTimeout
                0x0801964c       0xda ./Drivers/STM32H7xx_HAL_Driver/Src/stm32h7xx_hal_uart.o
                0x0801964c                UART_WaitOnFlagUntilTimeout
 *fill*         0x08019726        0x2 
 .text.UART_Start_Receive_IT
                0x08019728      0x244 ./Drivers/STM32H7xx_HAL_Driver/Src/stm32h7xx_hal_uart.o
                0x08019728                UART_Start_Receive_IT
 .text.UART_EndRxTransfer
                0x0801996c       0xcc ./Drivers/STM32H7xx_HAL_Driver/Src/stm32h7xx_hal_uart.o
 .text.UART_DMAAbortOnError
                0x08019a38       0x24 ./Drivers/STM32H7xx_HAL_Driver/Src/stm32h7xx_hal_uart.o
 .text.UART_TxISR_8BIT
                0x08019a5c       0xb8 ./Drivers/STM32H7xx_HAL_Driver/Src/stm32h7xx_hal_uart.o
 .text.UART_TxISR_16BIT
                0x08019b14       0xc2 ./Drivers/STM32H7xx_HAL_Driver/Src/stm32h7xx_hal_uart.o
 .text.UART_TxISR_8BIT_FIFOEN
                0x08019bd6       0xe0 ./Drivers/STM32H7xx_HAL_Driver/Src/stm32h7xx_hal_uart.o
 .text.UART_TxISR_16BIT_FIFOEN
                0x08019cb6       0xea ./Drivers/STM32H7xx_HAL_Driver/Src/stm32h7xx_hal_uart.o
 .text.UART_EndTransmit_IT
                0x08019da0       0x56 ./Drivers/STM32H7xx_HAL_Driver/Src/stm32h7xx_hal_uart.o
 *fill*         0x08019df6        0x2 
 .text.UART_RxISR_8BIT
                0x08019df8      0x1b8 ./Drivers/STM32H7xx_HAL_Driver/Src/stm32h7xx_hal_uart.o
 .text.UART_RxISR_16BIT
                0x08019fb0      0x1b8 ./Drivers/STM32H7xx_HAL_Driver/Src/stm32h7xx_hal_uart.o
 .text.UART_RxISR_8BIT_FIFOEN
                0x0801a168      0x364 ./Drivers/STM32H7xx_HAL_Driver/Src/stm32h7xx_hal_uart.o
 .text.UART_RxISR_16BIT_FIFOEN
                0x0801a4cc      0x36c ./Drivers/STM32H7xx_HAL_Driver/Src/stm32h7xx_hal_uart.o
 .text.HAL_UARTEx_WakeupCallback
                0x0801a838       0x14 ./Drivers/STM32H7xx_HAL_Driver/Src/stm32h7xx_hal_uart_ex.o
                0x0801a838                HAL_UARTEx_WakeupCallback
 .text.HAL_UARTEx_RxFifoFullCallback
                0x0801a84c       0x14 ./Drivers/STM32H7xx_HAL_Driver/Src/stm32h7xx_hal_uart_ex.o
                0x0801a84c                HAL_UARTEx_RxFifoFullCallback
 .text.HAL_UARTEx_TxFifoEmptyCallback
                0x0801a860       0x14 ./Drivers/STM32H7xx_HAL_Driver/Src/stm32h7xx_hal_uart_ex.o
                0x0801a860                HAL_UARTEx_TxFifoEmptyCallback
 .text.HAL_UARTEx_DisableFifoMode
                0x0801a874       0x72 ./Drivers/STM32H7xx_HAL_Driver/Src/stm32h7xx_hal_uart_ex.o
                0x0801a874                HAL_UARTEx_DisableFifoMode
 .text.HAL_UARTEx_SetTxFifoThreshold
                0x0801a8e6       0x7c ./Drivers/STM32H7xx_HAL_Driver/Src/stm32h7xx_hal_uart_ex.o
                0x0801a8e6                HAL_UARTEx_SetTxFifoThreshold
 .text.HAL_UARTEx_SetRxFifoThreshold
                0x0801a962       0x7c ./Drivers/STM32H7xx_HAL_Driver/Src/stm32h7xx_hal_uart_ex.o
                0x0801a962                HAL_UARTEx_SetRxFifoThreshold
 *fill*         0x0801a9de        0x2 
 .text.UARTEx_SetNbDataToProcess
                0x0801a9e0       0x9c ./Drivers/STM32H7xx_HAL_Driver/Src/stm32h7xx_hal_uart_ex.o
 .text.MX_FATFS_Init
                0x0801aa7c       0x24 ./FATFS/App/fatfs.o
                0x0801aa7c                MX_FATFS_Init
 .text.get_fattime
                0x0801aaa0       0x10 ./FATFS/App/fatfs.o
                0x0801aaa0                get_fattime
 .text.USER_initialize
                0x0801aab0       0x1c ./FATFS/Target/user_diskio.o
                0x0801aab0                USER_initialize
 .text.USER_status
                0x0801aacc       0x1c ./FATFS/Target/user_diskio.o
                0x0801aacc                USER_status
 .text.USER_read
                0x0801aae8       0x26 ./FATFS/Target/user_diskio.o
                0x0801aae8                USER_read
 .text.USER_write
                0x0801ab0e       0x26 ./FATFS/Target/user_diskio.o
                0x0801ab0e                USER_write
 .text.USER_ioctl
                0x0801ab34       0x26 ./FATFS/Target/user_diskio.o
                0x0801ab34                USER_ioctl
 *fill*         0x0801ab5a        0x2 
 .text.disk_status
                0x0801ab5c       0x34 ./Middlewares/Third_Party/FatFs/src/diskio.o
                0x0801ab5c                disk_status
 .text.disk_initialize
                0x0801ab90       0x50 ./Middlewares/Third_Party/FatFs/src/diskio.o
                0x0801ab90                disk_initialize
 .text.disk_read
                0x0801abe0       0x40 ./Middlewares/Third_Party/FatFs/src/diskio.o
                0x0801abe0                disk_read
 .text.disk_write
                0x0801ac20       0x40 ./Middlewares/Third_Party/FatFs/src/diskio.o
                0x0801ac20                disk_write
 .text.disk_ioctl
                0x0801ac60       0x3c ./Middlewares/Third_Party/FatFs/src/diskio.o
                0x0801ac60                disk_ioctl
 .text.ld_word  0x0801ac9c       0x30 ./Middlewares/Third_Party/FatFs/src/ff.o
 .text.ld_dword
                0x0801accc       0x46 ./Middlewares/Third_Party/FatFs/src/ff.o
 .text.st_word  0x0801ad12       0x36 ./Middlewares/Third_Party/FatFs/src/ff.o
 .text.st_dword
                0x0801ad48       0x58 ./Middlewares/Third_Party/FatFs/src/ff.o
 .text.mem_cpy  0x0801ada0       0x42 ./Middlewares/Third_Party/FatFs/src/ff.o
 .text.mem_set  0x0801ade2       0x36 ./Middlewares/Third_Party/FatFs/src/ff.o
 .text.mem_cmp  0x0801ae18       0x4e ./Middlewares/Third_Party/FatFs/src/ff.o
 .text.chk_chr  0x0801ae66       0x36 ./Middlewares/Third_Party/FatFs/src/ff.o
 .text.chk_lock
                0x0801ae9c       0xb8 ./Middlewares/Third_Party/FatFs/src/ff.o
 .text.enq_lock
                0x0801af54       0x44 ./Middlewares/Third_Party/FatFs/src/ff.o
 .text.inc_lock
                0x0801af98      0x11c ./Middlewares/Third_Party/FatFs/src/ff.o
 .text.dec_lock
                0x0801b0b4       0x78 ./Middlewares/Third_Party/FatFs/src/ff.o
 .text.clear_lock
                0x0801b12c       0x48 ./Middlewares/Third_Party/FatFs/src/ff.o
 .text.sync_window
                0x0801b174       0x88 ./Middlewares/Third_Party/FatFs/src/ff.o
 .text.move_window
                0x0801b1fc       0x5a ./Middlewares/Third_Party/FatFs/src/ff.o
 *fill*         0x0801b256        0x2 
 .text.sync_fs  0x0801b258       0xe0 ./Middlewares/Third_Party/FatFs/src/ff.o
 .text.clust2sect
                0x0801b338       0x3e ./Middlewares/Third_Party/FatFs/src/ff.o
 .text.get_fat  0x0801b376      0x1a6 ./Middlewares/Third_Party/FatFs/src/ff.o
 .text.put_fat  0x0801b51c      0x234 ./Middlewares/Third_Party/FatFs/src/ff.o
 .text.remove_chain
                0x0801b750       0xca ./Middlewares/Third_Party/FatFs/src/ff.o
 .text.create_chain
                0x0801b81a      0x130 ./Middlewares/Third_Party/FatFs/src/ff.o
 .text.clmt_clust
                0x0801b94a       0x70 ./Middlewares/Third_Party/FatFs/src/ff.o
 .text.dir_sdi  0x0801b9ba      0x112 ./Middlewares/Third_Party/FatFs/src/ff.o
 .text.dir_next
                0x0801bacc      0x1ac ./Middlewares/Third_Party/FatFs/src/ff.o
 .text.dir_alloc
                0x0801bc78       0x8e ./Middlewares/Third_Party/FatFs/src/ff.o
 .text.ld_clust
                0x0801bd06       0x3e ./Middlewares/Third_Party/FatFs/src/ff.o
 .text.st_clust
                0x0801bd44       0x40 ./Middlewares/Third_Party/FatFs/src/ff.o
 .text.cmp_lfn  0x0801bd84       0xe0 ./Middlewares/Third_Party/FatFs/src/ff.o
 .text.pick_lfn
                0x0801be64       0xc8 ./Middlewares/Third_Party/FatFs/src/ff.o
 .text.put_lfn  0x0801bf2c       0xd0 ./Middlewares/Third_Party/FatFs/src/ff.o
 .text.gen_numname
                0x0801bffc      0x11c ./Middlewares/Third_Party/FatFs/src/ff.o
 .text.sum_sfn  0x0801c118       0x42 ./Middlewares/Third_Party/FatFs/src/ff.o
 .text.dir_read
                0x0801c15a      0x14e ./Middlewares/Third_Party/FatFs/src/ff.o
 .text.dir_find
                0x0801c2a8      0x180 ./Middlewares/Third_Party/FatFs/src/ff.o
 .text.dir_register
                0x0801c428      0x1f0 ./Middlewares/Third_Party/FatFs/src/ff.o
 .text.dir_remove
                0x0801c618       0x94 ./Middlewares/Third_Party/FatFs/src/ff.o
 .text.create_name
                0x0801c6ac      0x370 ./Middlewares/Third_Party/FatFs/src/ff.o
 .text.follow_path
                0x0801ca1c       0xec ./Middlewares/Third_Party/FatFs/src/ff.o
 .text.get_ldnumber
                0x0801cb08       0x88 ./Middlewares/Third_Party/FatFs/src/ff.o
 .text.check_fs
                0x0801cb90       0xac ./Middlewares/Third_Party/FatFs/src/ff.o
 .text.find_volume
                0x0801cc3c      0x50c ./Middlewares/Third_Party/FatFs/src/ff.o
 .text.validate
                0x0801d148       0x6a ./Middlewares/Third_Party/FatFs/src/ff.o
 *fill*         0x0801d1b2        0x2 
 .text.f_mount  0x0801d1b4       0x8c ./Middlewares/Third_Party/FatFs/src/ff.o
                0x0801d1b4                f_mount
 .text.f_open   0x0801d240      0x390 ./Middlewares/Third_Party/FatFs/src/ff.o
                0x0801d240                f_open
 .text.f_write  0x0801d5d0      0x328 ./Middlewares/Third_Party/FatFs/src/ff.o
                0x0801d5d0                f_write
 .text.f_sync   0x0801d8f8       0xfc ./Middlewares/Third_Party/FatFs/src/ff.o
                0x0801d8f8                f_sync
 .text.f_close  0x0801d9f4       0x54 ./Middlewares/Third_Party/FatFs/src/ff.o
                0x0801d9f4                f_close
 .text.f_unlink
                0x0801da48      0x156 ./Middlewares/Third_Party/FatFs/src/ff.o
                0x0801da48                f_unlink
 *fill*         0x0801db9e        0x2 
 .text.FATFS_LinkDriverEx
                0x0801dba0       0x98 ./Middlewares/Third_Party/FatFs/src/ff_gen_drv.o
                0x0801dba0                FATFS_LinkDriverEx
 .text.FATFS_LinkDriver
                0x0801dc38       0x1e ./Middlewares/Third_Party/FatFs/src/ff_gen_drv.o
                0x0801dc38                FATFS_LinkDriver
 *fill*         0x0801dc56        0x2 
 .text.ff_convert
                0x0801dc58       0x78 ./Middlewares/Third_Party/FatFs/src/option/ccsbcs.o
                0x0801dc58                ff_convert
 .text.ff_wtoupper
                0x0801dcd0      0x114 ./Middlewares/Third_Party/FatFs/src/option/ccsbcs.o
                0x0801dcd0                ff_wtoupper
 .text.memset   0x0801dde4       0x10 C:/ST/STM32CubeIDE_1.11.2/STM32CubeIDE/plugins/com.st.stm32cube.ide.mcu.externaltools.gnu-tools-for-stm32.12.3.rel1.win32_1.1.0.202410251130/tools/bin/../lib/gcc/arm-none-eabi/12.3.1/../../../../arm-none-eabi/lib/thumb/v7e-m+dp/hard\libc_nano.a(libc_a-memset.o)
                0x0801dde4                memset
 .text.__errno  0x0801ddf4        0xc C:/ST/STM32CubeIDE_1.11.2/STM32CubeIDE/plugins/com.st.stm32cube.ide.mcu.externaltools.gnu-tools-for-stm32.12.3.rel1.win32_1.1.0.202410251130/tools/bin/../lib/gcc/arm-none-eabi/12.3.1/../../../../arm-none-eabi/lib/thumb/v7e-m+dp/hard\libc_nano.a(libc_a-errno.o)
                0x0801ddf4                __errno
 .text.__libc_init_array
                0x0801de00       0x48 C:/ST/STM32CubeIDE_1.11.2/STM32CubeIDE/plugins/com.st.stm32cube.ide.mcu.externaltools.gnu-tools-for-stm32.12.3.rel1.win32_1.1.0.202410251130/tools/bin/../lib/gcc/arm-none-eabi/12.3.1/../../../../arm-none-eabi/lib/thumb/v7e-m+dp/hard\libc_nano.a(libc_a-init.o)
                0x0801de00                __libc_init_array
 .text.atan2    0x0801de48        0x4 C:/ST/STM32CubeIDE_1.11.2/STM32CubeIDE/plugins/com.st.stm32cube.ide.mcu.externaltools.gnu-tools-for-stm32.12.3.rel1.win32_1.1.0.202410251130/tools/bin/../lib/gcc/arm-none-eabi/12.3.1/../../../../arm-none-eabi/lib/thumb/v7e-m+dp/hard\libm.a(libm_a-w_atan2.o)
                0x0801de48                atan2
 *fill*         0x0801de4c        0x4 
 .text.sqrt     0x0801de50       0x40 C:/ST/STM32CubeIDE_1.11.2/STM32CubeIDE/plugins/com.st.stm32cube.ide.mcu.externaltools.gnu-tools-for-stm32.12.3.rel1.win32_1.1.0.202410251130/tools/bin/../lib/gcc/arm-none-eabi/12.3.1/../../../../arm-none-eabi/lib/thumb/v7e-m+dp/hard\libm.a(libm_a-w_sqrt.o)
                0x0801de50                sqrt
 .text.checkint
                0x0801de90       0x68 C:/ST/STM32CubeIDE_1.11.2/STM32CubeIDE/plugins/com.st.stm32cube.ide.mcu.externaltools.gnu-tools-for-stm32.12.3.rel1.win32_1.1.0.202410251130/tools/bin/../lib/gcc/arm-none-eabi/12.3.1/../../../../arm-none-eabi/lib/thumb/v7e-m+dp/hard\libm.a(libm_a-pow.o)
 .text.pow      0x0801def8      0x4a0 C:/ST/STM32CubeIDE_1.11.2/STM32CubeIDE/plugins/com.st.stm32cube.ide.mcu.externaltools.gnu-tools-for-stm32.12.3.rel1.win32_1.1.0.202410251130/tools/bin/../lib/gcc/arm-none-eabi/12.3.1/../../../../arm-none-eabi/lib/thumb/v7e-m+dp/hard\libm.a(libm_a-pow.o)
                0x0801def8                pow
 .text.__ieee754_sqrt
                0x0801e398        0x6 C:/ST/STM32CubeIDE_1.11.2/STM32CubeIDE/plugins/com.st.stm32cube.ide.mcu.externaltools.gnu-tools-for-stm32.12.3.rel1.win32_1.1.0.202410251130/tools/bin/../lib/gcc/arm-none-eabi/12.3.1/../../../../arm-none-eabi/lib/thumb/v7e-m+dp/hard\libm.a(libm_a-e_sqrt.o)
                0x0801e398                __ieee754_sqrt
 *fill*         0x0801e39e        0x2 
 .text.__ieee754_atan2
                0x0801e3a0      0x184 C:/ST/STM32CubeIDE_1.11.2/STM32CubeIDE/plugins/com.st.stm32cube.ide.mcu.externaltools.gnu-tools-for-stm32.12.3.rel1.win32_1.1.0.202410251130/tools/bin/../lib/gcc/arm-none-eabi/12.3.1/../../../../arm-none-eabi/lib/thumb/v7e-m+dp/hard\libm.a(libm_a-e_atan2.o)
                0x0801e3a0                __ieee754_atan2
 *fill*         0x0801e524        0x4 
 .text.atan     0x0801e528      0x1f4 C:/ST/STM32CubeIDE_1.11.2/STM32CubeIDE/plugins/com.st.stm32cube.ide.mcu.externaltools.gnu-tools-for-stm32.12.3.rel1.win32_1.1.0.202410251130/tools/bin/../lib/gcc/arm-none-eabi/12.3.1/../../../../arm-none-eabi/lib/thumb/v7e-m+dp/hard\libm.a(libm_a-s_atan.o)
                0x0801e528                atan
 .text.fabs     0x0801e71c       0x10 C:/ST/STM32CubeIDE_1.11.2/STM32CubeIDE/plugins/com.st.stm32cube.ide.mcu.externaltools.gnu-tools-for-stm32.12.3.rel1.win32_1.1.0.202410251130/tools/bin/../lib/gcc/arm-none-eabi/12.3.1/../../../../arm-none-eabi/lib/thumb/v7e-m+dp/hard\libm.a(libm_a-s_fabs.o)
                0x0801e71c                fabs
 .text.with_errno
                0x0801e72c       0x1c C:/ST/STM32CubeIDE_1.11.2/STM32CubeIDE/plugins/com.st.stm32cube.ide.mcu.externaltools.gnu-tools-for-stm32.12.3.rel1.win32_1.1.0.202410251130/tools/bin/../lib/gcc/arm-none-eabi/12.3.1/../../../../arm-none-eabi/lib/thumb/v7e-m+dp/hard\libm.a(libm_a-math_err.o)
 .text.xflow    0x0801e748       0x22 C:/ST/STM32CubeIDE_1.11.2/STM32CubeIDE/plugins/com.st.stm32cube.ide.mcu.externaltools.gnu-tools-for-stm32.12.3.rel1.win32_1.1.0.202410251130/tools/bin/../lib/gcc/arm-none-eabi/12.3.1/../../../../arm-none-eabi/lib/thumb/v7e-m+dp/hard\libm.a(libm_a-math_err.o)
 *fill*         0x0801e76a        0x6 
 .text.__math_uflow
                0x0801e770       0x10 C:/ST/STM32CubeIDE_1.11.2/STM32CubeIDE/plugins/com.st.stm32cube.ide.mcu.externaltools.gnu-tools-for-stm32.12.3.rel1.win32_1.1.0.202410251130/tools/bin/../lib/gcc/arm-none-eabi/12.3.1/../../../../arm-none-eabi/lib/thumb/v7e-m+dp/hard\libm.a(libm_a-math_err.o)
                0x0801e770                __math_uflow
 .text.__math_oflow
                0x0801e780       0x10 C:/ST/STM32CubeIDE_1.11.2/STM32CubeIDE/plugins/com.st.stm32cube.ide.mcu.externaltools.gnu-tools-for-stm32.12.3.rel1.win32_1.1.0.202410251130/tools/bin/../lib/gcc/arm-none-eabi/12.3.1/../../../../arm-none-eabi/lib/thumb/v7e-m+dp/hard\libm.a(libm_a-math_err.o)
                0x0801e780                __math_oflow
 .text.__math_divzero
                0x0801e790       0x30 C:/ST/STM32CubeIDE_1.11.2/STM32CubeIDE/plugins/com.st.stm32cube.ide.mcu.externaltools.gnu-tools-for-stm32.12.3.rel1.win32_1.1.0.202410251130/tools/bin/../lib/gcc/arm-none-eabi/12.3.1/../../../../arm-none-eabi/lib/thumb/v7e-m+dp/hard\libm.a(libm_a-math_err.o)
                0x0801e790                __math_divzero
 .text.__math_invalid
                0x0801e7c0       0x1e C:/ST/STM32CubeIDE_1.11.2/STM32CubeIDE/plugins/com.st.stm32cube.ide.mcu.externaltools.gnu-tools-for-stm32.12.3.rel1.win32_1.1.0.202410251130/tools/bin/../lib/gcc/arm-none-eabi/12.3.1/../../../../arm-none-eabi/lib/thumb/v7e-m+dp/hard\libm.a(libm_a-math_err.o)
                0x0801e7c0                __math_invalid
 .text.__math_check_uflow
                0x0801e7de       0x12 C:/ST/STM32CubeIDE_1.11.2/STM32CubeIDE/plugins/com.st.stm32cube.ide.mcu.externaltools.gnu-tools-for-stm32.12.3.rel1.win32_1.1.0.202410251130/tools/bin/../lib/gcc/arm-none-eabi/12.3.1/../../../../arm-none-eabi/lib/thumb/v7e-m+dp/hard\libm.a(libm_a-math_err.o)
                0x0801e7de                __math_check_uflow
 .text.__math_check_oflow
                0x0801e7f0       0x28 C:/ST/STM32CubeIDE_1.11.2/STM32CubeIDE/plugins/com.st.stm32cube.ide.mcu.externaltools.gnu-tools-for-stm32.12.3.rel1.win32_1.1.0.202410251130/tools/bin/../lib/gcc/arm-none-eabi/12.3.1/../../../../arm-none-eabi/lib/thumb/v7e-m+dp/hard\libm.a(libm_a-math_err.o)
                0x0801e7f0                __math_check_oflow
 *(.glue_7)
 .glue_7        0x0801e818        0x0 linker stubs
 *(.glue_7t)
 .glue_7t       0x0801e818        0x0 linker stubs
 *(.eh_frame)
 .eh_frame      0x0801e818        0x0 C:/ST/STM32CubeIDE_1.11.2/STM32CubeIDE/plugins/com.st.stm32cube.ide.mcu.externaltools.gnu-tools-for-stm32.12.3.rel1.win32_1.1.0.202410251130/tools/bin/../lib/gcc/arm-none-eabi/12.3.1/thumb/v7e-m+dp/hard/crtbegin.o
 *(.init)
 .init          0x0801e818        0x4 C:/ST/STM32CubeIDE_1.11.2/STM32CubeIDE/plugins/com.st.stm32cube.ide.mcu.externaltools.gnu-tools-for-stm32.12.3.rel1.win32_1.1.0.202410251130/tools/bin/../lib/gcc/arm-none-eabi/12.3.1/thumb/v7e-m+dp/hard/crti.o
                0x0801e818                _init
 .init          0x0801e81c        0x8 C:/ST/STM32CubeIDE_1.11.2/STM32CubeIDE/plugins/com.st.stm32cube.ide.mcu.externaltools.gnu-tools-for-stm32.12.3.rel1.win32_1.1.0.202410251130/tools/bin/../lib/gcc/arm-none-eabi/12.3.1/thumb/v7e-m+dp/hard/crtn.o
 *(.fini)
 .fini          0x0801e824        0x4 C:/ST/STM32CubeIDE_1.11.2/STM32CubeIDE/plugins/com.st.stm32cube.ide.mcu.externaltools.gnu-tools-for-stm32.12.3.rel1.win32_1.1.0.202410251130/tools/bin/../lib/gcc/arm-none-eabi/12.3.1/thumb/v7e-m+dp/hard/crti.o
                0x0801e824                _fini
 .fini          0x0801e828        0x8 C:/ST/STM32CubeIDE_1.11.2/STM32CubeIDE/plugins/com.st.stm32cube.ide.mcu.externaltools.gnu-tools-for-stm32.12.3.rel1.win32_1.1.0.202410251130/tools/bin/../lib/gcc/arm-none-eabi/12.3.1/thumb/v7e-m+dp/hard/crtn.o
                0x0801e830                        . = ALIGN (0x4)