Archive member included to satisfy reference by file (symbol)

C:/ST/STM32CubeIDE_1.11.2/STM32CubeIDE/plugins/com.st.stm32cube.ide.mcu.externaltools.gnu-tools-for-stm32.12.3.rel1.win32_1.1.0.202410251130/tools/bin/../lib/gcc/arm-none-eabi/12.3.1/../../../../arm-none-eabi/lib/thumb/v7e-m+dp/hard\libc_nano.a(libc_a-exit.o)
                              C:/ST/STM32CubeIDE_1.11.2/STM32CubeIDE/plugins/com.st.stm32cube.ide.mcu.externaltools.gnu-tools-for-stm32.12.3.rel1.win32_1.1.0.202410251130/tools/bin/../lib/gcc/arm-none-eabi/12.3.1/../../../../arm-none-eabi/lib/thumb/v7e-m+dp/hard/crt0.o (exit)
C:/ST/STM32CubeIDE_1.11.2/STM32CubeIDE/plugins/com.st.stm32cube.ide.mcu.externaltools.gnu-tools-for-stm32.12.3.rel1.win32_1.1.0.202410251130/tools/bin/../lib/gcc/arm-none-eabi/12.3.1/../../../../arm-none-eabi/lib/thumb/v7e-m+dp/hard\libc_nano.a(libc_a-findfp.o)
                              C:/ST/STM32CubeIDE_1.11.2/STM32CubeIDE/plugins/com.st.stm32cube.ide.mcu.externaltools.gnu-tools-for-stm32.12.3.rel1.win32_1.1.0.202410251130/tools/bin/../lib/gcc/arm-none-eabi/12.3.1/../../../../arm-none-eabi/lib/thumb/v7e-m+dp/hard\libc_nano.a(libc_a-exit.o) (__stdio_exit_handler)
C:/ST/STM32CubeIDE_1.11.2/STM32CubeIDE/plugins/com.st.stm32cube.ide.mcu.externaltools.gnu-tools-for-stm32.12.3.rel1.win32_1.1.0.202410251130/tools/bin/../lib/gcc/arm-none-eabi/12.3.1/../../../../arm-none-eabi/lib/thumb/v7e-m+dp/hard\libc_nano.a(libc_a-fwalk.o)
                              C:/ST/STM32CubeIDE_1.11.2/STM32CubeIDE/plugins/com.st.stm32cube.ide.mcu.externaltools.gnu-tools-for-stm32.12.3.rel1.win32_1.1.0.202410251130/tools/bin/../lib/gcc/arm-none-eabi/12.3.1/../../../../arm-none-eabi/lib/thumb/v7e-m+dp/hard\libc_nano.a(libc_a-findfp.o) (_fwalk_sglue)
C:/ST/STM32CubeIDE_1.11.2/STM32CubeIDE/plugins/com.st.stm32cube.ide.mcu.externaltools.gnu-tools-for-stm32.12.3.rel1.win32_1.1.0.202410251130/tools/bin/../lib/gcc/arm-none-eabi/12.3.1/../../../../arm-none-eabi/lib/thumb/v7e-m+dp/hard\libc_nano.a(libc_a-stdio.o)
                              C:/ST/STM32CubeIDE_1.11.2/STM32CubeIDE/plugins/com.st.stm32cube.ide.mcu.externaltools.gnu-tools-for-stm32.12.3.rel1.win32_1.1.0.202410251130/tools/bin/../lib/gcc/arm-none-eabi/12.3.1/../../../../arm-none-eabi/lib/thumb/v7e-m+dp/hard\libc_nano.a(libc_a-findfp.o) (__sread)
C:/ST/STM32CubeIDE_1.11.2/STM32CubeIDE/plugins/com.st.stm32cube.ide.mcu.externaltools.gnu-tools-for-stm32.12.3.rel1.win32_1.1.0.202410251130/tools/bin/../lib/gcc/arm-none-eabi/12.3.1/../../../../arm-none-eabi/lib/thumb/v7e-m+dp/hard\libc_nano.a(libc_a-memset.o)
                              C:/ST/STM32CubeIDE_1.11.2/STM32CubeIDE/plugins/com.st.stm32cube.ide.mcu.externaltools.gnu-tools-for-stm32.12.3.rel1.win32_1.1.0.202410251130/tools/bin/../lib/gcc/arm-none-eabi/12.3.1/../../../../arm-none-eabi/lib/thumb/v7e-m+dp/hard/crt0.o (memset)
C:/ST/STM32CubeIDE_1.11.2/STM32CubeIDE/plugins/com.st.stm32cube.ide.mcu.externaltools.gnu-tools-for-stm32.12.3.rel1.win32_1.1.0.202410251130/tools/bin/../lib/gcc/arm-none-eabi/12.3.1/../../../../arm-none-eabi/lib/thumb/v7e-m+dp/hard\libc_nano.a(libc_a-closer.o)
                              C:/ST/STM32CubeIDE_1.11.2/STM32CubeIDE/plugins/com.st.stm32cube.ide.mcu.externaltools.gnu-tools-for-stm32.12.3.rel1.win32_1.1.0.202410251130/tools/bin/../lib/gcc/arm-none-eabi/12.3.1/../../../../arm-none-eabi/lib/thumb/v7e-m+dp/hard\libc_nano.a(libc_a-stdio.o) (_close_r)
C:/ST/STM32CubeIDE_1.11.2/STM32CubeIDE/plugins/com.st.stm32cube.ide.mcu.externaltools.gnu-tools-for-stm32.12.3.rel1.win32_1.1.0.202410251130/tools/bin/../lib/gcc/arm-none-eabi/12.3.1/../../../../arm-none-eabi/lib/thumb/v7e-m+dp/hard\libc_nano.a(libc_a-reent.o)
                              C:/ST/STM32CubeIDE_1.11.2/STM32CubeIDE/plugins/com.st.stm32cube.ide.mcu.externaltools.gnu-tools-for-stm32.12.3.rel1.win32_1.1.0.202410251130/tools/bin/../lib/gcc/arm-none-eabi/12.3.1/../../../../arm-none-eabi/lib/thumb/v7e-m+dp/hard\libc_nano.a(libc_a-closer.o) (errno)
C:/ST/STM32CubeIDE_1.11.2/STM32CubeIDE/plugins/com.st.stm32cube.ide.mcu.externaltools.gnu-tools-for-stm32.12.3.rel1.win32_1.1.0.202410251130/tools/bin/../lib/gcc/arm-none-eabi/12.3.1/../../../../arm-none-eabi/lib/thumb/v7e-m+dp/hard\libc_nano.a(libc_a-impure.o)
                              C:/ST/STM32CubeIDE_1.11.2/STM32CubeIDE/plugins/com.st.stm32cube.ide.mcu.externaltools.gnu-tools-for-stm32.12.3.rel1.win32_1.1.0.202410251130/tools/bin/../lib/gcc/arm-none-eabi/12.3.1/../../../../arm-none-eabi/lib/thumb/v7e-m+dp/hard\libc_nano.a(libc_a-reent.o) (_impure_ptr)
C:/ST/STM32CubeIDE_1.11.2/STM32CubeIDE/plugins/com.st.stm32cube.ide.mcu.externaltools.gnu-tools-for-stm32.12.3.rel1.win32_1.1.0.202410251130/tools/bin/../lib/gcc/arm-none-eabi/12.3.1/../../../../arm-none-eabi/lib/thumb/v7e-m+dp/hard\libc_nano.a(libc_a-lseekr.o)
[...]
Memory Configuration

Name             Origin             Length             Attributes
ITCMRAM          0x00000000         0x00010000         xrw
DTCMRAM          0x20000000         0x00020000         xrw
FLASH            0x08000000         0x00100000         xr
RAM_D1           0x24000000         0x00050000         xrw
RAM_D2           0x30000000         0x00008000         xrw
RAM_D3           0x38000000         0x00004000         xrw
*default*        0x00000000         0xffffffff

Linker script and memory map

LOAD C:/ST/STM32CubeIDE_1.11.2/STM32CubeIDE/plugins/com.st.stm32cube.ide.mcu.externaltools.gnu-tools-for-stm32.12.3.rel1.win32_1.1.0.202410251130/tools/bin/../lib/gcc/arm-none-eabi/12.3.1/thumb/v7e-m+dp/hard/crti.o
LOAD C:/ST/STM32CubeIDE_1.11.2/STM32CubeIDE/plugins/com.st.stm32cube.ide.mcu.externaltools.gnu-tools-for-stm32.12.3.rel1.win32_1.1.0.202410251130/tools/bin/../lib/gcc/arm-none-eabi/12.3.1/thumb/v7e-m+dp/hard/crtbegin.o
LOAD C:/ST/STM32CubeIDE_1.11.2/STM32CubeIDE/plugins/com.st.stm32cube.ide.mcu.externaltools.gnu-tools-for-stm32.12.3.rel1.win32_1.1.0.202410251130/tools/bin/../lib/gcc/arm-none-eabi/12.3.1/../../../../arm-none-eabi/lib/thumb/v7e-m+dp/hard/crt0.o
LOAD ./Core/Src/BMP180.o
LOAD ./Core/Src/ESC.o
LOAD ./Core/Src/HMC5883L.o
LOAD ./Core/Src/Kalibracjia silnikow.o
LOAD ./Core/Src/MPU6050.o
LOAD ./Core/Src/NRF24.o
LOAD ./Core/Src/USART komendy.o
LOAD ./Core/Src/adc.o
LOAD ./Core/Src/dma.o
LOAD ./Core/Src/dron.o
LOAD ./Core/Src/fatfs_sd.o
LOAD ./Core/Src/gpio.o
LOAD ./Core/Src/i2c.o
LOAD ./Core/Src/main.o
LOAD ./Core/Src/memorymap.o
LOAD ./Core/Src/rng_Tx_code.o
LOAD ./Core/Src/spi.o
LOAD ./Core/Src/stm32h7xx_hal_msp.o
LOAD ./Core/Src/stm32h7xx_it.o
LOAD ./Core/Src/syscalls.o
LOAD ./Core/Src/sysmem.o
LOAD ./Core/Src/system_stm32h7xx.o
LOAD ./Core/Src/tim.o
LOAD ./Core/Src/usart.o
LOAD ./Core/Startup/startup_stm32h723zgtx.o
LOAD ./Drivers/STM32H7xx_HAL_Driver/Src/stm32h7xx_hal.o
LOAD ./Drivers/STM32H7xx_HAL_Driver/Src/stm32h7xx_hal_adc.o
LOAD ./Drivers/STM32H7xx_HAL_Driver/Src/stm32h7xx_hal_adc_ex.o
LOAD ./Drivers/STM32H7xx_HAL_Driver/Src/stm32h7xx_hal_cortex.o
LOAD ./Drivers/STM32H7xx_HAL_Driver/Src/stm32h7xx_hal_dma.o
LOAD ./Drivers/STM32H7xx_HAL_Driver/Src/stm32h7xx_hal_dma_ex.o
LOAD ./Drivers/STM32H7xx_HAL_Driver/Src/stm32h7xx_hal_exti.o
LOAD ./Drivers/STM32H7xx_HAL_Driver/Src/stm32h7xx_hal_flash.o
LOAD ./Drivers/STM32H7xx_HAL_Driver/Src/stm32h7xx_hal_flash_ex.o
LOAD ./Drivers/STM32H7xx_HAL_Driver/Src/stm32h7xx_hal_gpio.o
LOAD ./Drivers/STM32H7xx_HAL_Driver/Src/stm32h7xx_hal_hsem.o
LOAD ./Drivers/STM32H7xx_HAL_Driver/Src/stm32h7xx_hal_i2c.o
LOAD ./Drivers/STM32H7xx_HAL_Driver/Src/stm32h7xx_hal_i2c_ex.o
LOAD ./Drivers/STM32H7xx_HAL_Driver/Src/stm32h7xx_hal_mdma.o
LOAD ./Drivers/STM32H7xx_HAL_Driver/Src/stm32h7xx_hal_pwr.o
LOAD ./Drivers/STM32H7xx_HAL_Driver/Src/stm32h7xx_hal_pwr_ex.o
LOAD ./Drivers/STM32H7xx_HAL_Driver/Src/stm32h7xx_hal_rcc.o
LOAD ./Drivers/STM32H7xx_HAL_Driver/Src/stm32h7xx_hal_rcc_ex.o
LOAD ./Drivers/STM32H7xx_HAL_Driver/Src/stm32h7xx_hal_spi.o
LOAD ./Drivers/STM32H7xx_HAL_Driver/Src/stm32h7xx_hal_spi_ex.o
LOAD ./Drivers/STM32H7xx_HAL_Driver/Src/stm32h7xx_hal_tim.o
LOAD ./Drivers/STM32H7xx_HAL_Driver/Src/stm32h7xx_hal_tim_ex.o
LOAD ./Drivers/STM32H7xx_HAL_Driver/Src/stm32h7xx_hal_uart.o
LOAD ./Drivers/STM32H7xx_HAL_Driver/Src/stm32h7xx_hal_uart_ex.o
LOAD ./FATFS/App/fatfs.o
LOAD ./FATFS/Target/user_diskio.o
LOAD ./Middlewares/Third_Party/FatFs/src/diskio.o
LOAD ./Middlewares/Third_Party/FatFs/src/ff.o
LOAD ./Middlewares/Third_Party/FatFs/src/ff_gen_drv.o
LOAD ./Middlewares/Third_Party/FatFs/src/option/ccsbcs.o
LOAD ./Middlewares/Third_Party/FatFs/src/option/syscall.o
START GROUP
LOAD C:/ST/STM32CubeIDE_1.11.2/STM32CubeIDE/plugins/com.st.stm32cube.ide.mcu.externaltools.gnu-tools-for-stm32.12.3.rel1.win32_1.1.0.202410251130/tools/bin/../lib/gcc/arm-none-eabi/12.3.1/../../../../arm-none-eabi/lib/thumb/v7e-m+dp/hard\libc_nano.a
LOAD C:/ST/STM32CubeIDE_1.11.2/STM32CubeIDE/plugins/com.st.stm32cube.ide.mcu.externaltools.gnu-tools-for-stm32.12.3.rel1.win32_1.1.0.202410251130/tools/bin/../lib/gcc/arm-none-eabi/12.3.1/../../../../arm-none-eabi/lib/thumb/v7e-m+dp/hard\libm.a
END GROUP
START GROUP
LOAD C:/ST/STM32CubeIDE_1.11.2/STM32CubeIDE/plugins/com.st.stm32cube.ide.mcu.externaltools.gnu-tools-for-stm32.12.3.rel1.win32_1.1.0.202410251130/tools/bin/../lib/gcc/arm-none-eabi/12.3.1/thumb/v7e-m+dp/hard\libgcc.a
LOAD C:/ST/STM32CubeIDE_1.11.2/STM32CubeIDE/plugins/com.st.stm32cube.ide.mcu.externaltools.gnu-tools-for-stm32.12.3.rel1.win32_1.1.0.202410251130/tools/bin/../lib/gcc/arm-none-eabi/12.3.1/../../../../arm-none-eabi/lib/thumb/v7e-m+dp/hard\libc_nano.a
END GROUP
START GROUP
LOAD C:/ST/STM32CubeIDE_1.11.2/STM32CubeIDE/plugins/com.st.stm32cube.ide.mcu.externaltools.gnu-tools-for-stm32.12.3.rel1.win32_1.1.0.202410251130/tools/bin/../lib/gcc/arm-none-eabi/12.3.1/thumb/v7e-m+dp/hard\libgcc.a
LOAD C:/ST/STM32CubeIDE_1.11.2/STM32CubeIDE/plugins/com.st.stm32cube.ide.mcu.externaltools.gnu-tools-for-stm32.12.3.rel1.win32_1.1.0.202410251130/tools/bin/../lib/gcc/arm-none-eabi/12.3.1/../../../../arm-none-eabi/lib/thumb/v7e-m+dp/hard\libc_nano.a
LOAD C:/ST/STM32CubeIDE_1.11.2/STM32CubeIDE/plugins/com.st.stm32cube.ide.mcu.externaltools.gnu-tools-for-stm32.12.3.rel1.win32_1.1.0.202410251130/tools/bin/../lib/gcc/arm-none-eabi/12.3.1/../../../../arm-none-eabi/lib/thumb/v7e-m+dp/hard\libnosys.a
END GROUP
START GROUP
LOAD C:/ST/STM32CubeIDE_1.11.2/STM32CubeIDE/plugins/com.st.stm32cube.ide.mcu.externaltools.gnu-tools-for-stm32.12.3.rel1.win32_1.1.0.202410251130/tools/bin/../lib/gcc/arm-none-eabi/12.3.1/thumb/v7e-m+dp/hard\libgcc.a
LOAD C:/ST/STM32CubeIDE_1.11.2/STM32CubeIDE/plugins/com.st.stm32cube.ide.mcu.externaltools.gnu-tools-for-stm32.12.3.rel1.win32_1.1.0.202410251130/tools/bin/../lib/gcc/arm-none-eabi/12.3.1/../../../../arm-none-eabi/lib/thumb/v7e-m+dp/hard\libc_nano.a
LOAD C:/ST/STM32CubeIDE_1.11.2/STM32CubeIDE/plugins/com.st.stm32cube.ide.mcu.externaltools.gnu-tools-for-stm32.12.3.rel1.win32_1.1.0.202410251130/tools/bin/../lib/gcc/arm-none-eabi/12.3.1/../../../../arm-none-eabi/lib/thumb/v7e-m+dp/hard\libnosys.a
END GROUP
LOAD C:/ST/STM32CubeIDE_1.11.2/STM32CubeIDE/plugins/com.st.stm32cube.ide.mcu.externaltools.gnu-tools-for-stm32.12.3.rel1.win32_1.1.0.202410251130/tools/bin/../lib/gcc/arm-none-eabi/12.3.1/thumb/v7e-m+dp/hard/crtend.o
LOAD C:/ST/STM32CubeIDE_1.11.2/STM32CubeIDE/plugins/com.st.stm32cube.ide.mcu.externaltools.gnu-tools-for-stm32.12.3.rel1.win32_1.1.0.202410251130/tools/bin/../lib/gcc/arm-none-eabi/12.3.1/thumb/v7e-m+dp/hard/crtn.o
                0x24050000                        _estack = (ORIGIN (RAM_D1) + LENGTH (RAM_D1))
                0x00000200                        _Min_Heap_Size = 0x200
                0x00000400                        _Min_Stack_Size = 0x400

.isr_vector     0x08000000      0x2cc
                0x08000000                        . = ALIGN (0x4)
 *(.isr_vector)
 .isr_vector    0x08000000      0x2cc ./Core/Startup/startup_stm32h723zgtx.o
                0x08000000                g_pfnVectors
                0x080002cc                        . = ALIGN (0x4)

.text           0x080002d0    0x1e450
                0x080002d0                        . = ALIGN (0x4)
 *(.text)
 .text          0x080002d0       0x40 C:/ST/STM32CubeIDE_1.11.2/STM32CubeIDE/plugins/com.st.stm32cube.ide.mcu.externaltools.gnu-tools-for-stm32.12.3.rel1.win32_1.1.0.202410251130/tools/bin/../lib/gcc/arm-none-eabi/12.3.1/thumb/v7e-m+dp/hard/crtbegin.o
 .text          0x08000310       0xa0 C:/ST/STM32CubeIDE_1.11.2/STM32CubeIDE/plugins/com.st.stm32cube.ide.mcu.externaltools.gnu-tools-for-stm32.12.3.rel1.win32_1.1.0.202410251130/tools/bin/../lib/gcc/arm-none-eabi/12.3.1/thumb/v7e-m+dp/hard\libgcc.a(_aeabi_ldivmod.o)
                0x08000310                __aeabi_ldivmod
 .text          0x080003b0       0x30 C:/ST/STM32CubeIDE_1.11.2/STM32CubeIDE/plugins/com.st.stm32cube.ide.mcu.externaltools.gnu-tools-for-stm32.12.3.rel1.win32_1.1.0.202410251130/tools/bin/../lib/gcc/arm-none-eabi/12.3.1/thumb/v7e-m+dp/hard\libgcc.a(_aeabi_uldivmod.o)
                0x080003b0                __aeabi_uldivmod
 .text          0x080003e0      0x2bc C:/ST/STM32CubeIDE_1.11.2/STM32CubeIDE/plugins/com.st.stm32cube.ide.mcu.externaltools.gnu-tools-for-stm32.12.3.rel1.win32_1.1.0.202410251130/tools/bin/../lib/gcc/arm-none-eabi/12.3.1/thumb/v7e-m+dp/hard\libgcc.a(_udivmoddi4.o)
                0x080003e0                __udivmoddi4
 .text          0x0800069c        0x4 C:/ST/STM32CubeIDE_1.11.2/STM32CubeIDE/plugins/com.st.stm32cube.ide.mcu.externaltools.gnu-tools-for-stm32.12.3.rel1.win32_1.1.0.202410251130/tools/bin/../lib/gcc/arm-none-eabi/12.3.1/thumb/v7e-m+dp/hard\libgcc.a(_dvmd_tls.o)
                0x0800069c                __aeabi_idiv0
                0x0800069c                __aeabi_ldiv0
 *(.text*)
 .text.BMP180_read_ID
                0x080006a0       0x30 ./Core/Src/BMP180.o
                0x080006a0                BMP180_read_ID
 .text.BMP180_init
                0x080006d0       0x3c ./Core/Src/BMP180.o
                0x080006d0                BMP180_init
 .text.BMP180_READ_temp
                0x0800070c       0x44 ./Core/Src/BMP180.o
                0x0800070c                BMP180_READ_temp
 .text.BMP180_READ_pres
                0x08000750       0x4c ./Core/Src/BMP180.o
                0x08000750                BMP180_READ_pres
 .text.BMP180_READ_temp_IT
                0x0800079c       0x38 ./Core/Src/BMP180.o
                0x0800079c                BMP180_READ_temp_IT
 .text.BMP180_READ_pres_IT
                0x080007d4       0x38 ./Core/Src/BMP180.o
                0x080007d4                BMP180_READ_pres_IT
 .text.BMP180_GET_temp_IT
                0x0800080c       0x2c ./Core/Src/BMP180.o
                0x0800080c                BMP180_GET_temp_IT
 .text.BMP180_GET_pres_IT
                0x08000838       0x38 ./Core/Src/BMP180.o
                0x08000838                BMP180_GET_pres_IT
 .text.BMP180_start_measurment_temp
                0x08000870       0x30 ./Core/Src/BMP180.o
                0x08000870                BMP180_start_measurment_temp
 .text.BMP180_start_measurment_pres
                0x080008a0       0x30 ./Core/Src/BMP180.o
                0x080008a0                BMP180_start_measurment_pres
 .text.BMP180_start_measurment_pres_IT
                0x080008d0       0x38 ./Core/Src/BMP180.o
                0x080008d0                BMP180_start_measurment_pres_IT
 .text.BMP180_start_measurment_temp_IT
                0x08000908       0x38 ./Core/Src/BMP180.o
                0x08000908                BMP180_start_measurment_temp_IT
 .text.BMP180_read_calliberation_data
                0x08000940      0x114 ./Core/Src/BMP180.o
                0x08000940                BMP180_read_calliberation_data
 .text.BMP180_GET_temp
                0x08000a54       0x94 ./Core/Src/BMP180.o
                0x08000a54                BMP180_GET_temp
 .text.BMP180_GET_pres
                0x08000ae8      0x220 ./Core/Src/BMP180.o
                0x08000ae8                BMP180_GET_pres
 .text.BMP180_CALIBRATION
                0x08000d08       0x88 ./Core/Src/BMP180.o
                0x08000d08                BMP180_CALIBRATION
 .text.BMP180_GET_height
                0x08000d90       0x6c ./Core/Src/BMP180.o
                0x08000d90                BMP180_GET_height
 .text.ESC_1_SPEED
                0x08000dfc       0x44 ./Core/Src/ESC.o
                0x08000dfc                ESC_1_SPEED
 .text.ESC_2_SPEED
                0x08000e40       0x44 ./Core/Src/ESC.o
                0x08000e40                ESC_2_SPEED
 .text.ESC_3_SPEED
                0x08000e84       0x44 ./Core/Src/ESC.o
                0x08000e84                ESC_3_SPEED
 .text.ESC_4_SPEED
                0x08000ec8       0x44 ./Core/Src/ESC.o
                0x08000ec8                ESC_4_SPEED
 .text.ESC_INT  0x08000f0c       0x94 ./Core/Src/ESC.o
                0x08000f0c                ESC_INT
 .text.HMC5883L_Init
                0x08000fa0       0xbc ./Core/Src/HMC5883L.o
                0x08000fa0                HMC5883L_Init
 .text.HMC5883L_Get_Z_Start
                0x0800105c       0x44 ./Core/Src/HMC5883L.o
                0x0800105c                HMC5883L_Get_Z_Start
 .text.HMC5883L_Get_Z_Start_IT
                0x080010a0       0x38 ./Core/Src/HMC5883L.o
                0x080010a0                HMC5883L_Get_Z_Start_IT
 .text.HMC5883L_Get_Z_End_IT
                0x080010d8       0xe4 ./Core/Src/HMC5883L.o
                0x080010d8                HMC5883L_Get_Z_End_IT
 .text.HMC5883L_Calibration
                0x080011bc       0x6a ./Core/Src/HMC5883L.o
                0x080011bc                HMC5883L_Calibration
 *fill*         0x08001226        0x2 
 .text.MPU6050_INIT
                0x08001228       0x5c ./Core/Src/MPU6050.o
                0x08001228                MPU6050_INIT
 .text.MPU6050_RESET
                0x08001284       0x30 ./Core/Src/MPU6050.o
                0x08001284                MPU6050_RESET
 .text.MPU6050_CONFIG_DLPF
                0x080012b4       0x38 ./Core/Src/MPU6050.o
                0x080012b4                MPU6050_CONFIG_DLPF
 .text.MPU6050_CONFIG_GYRO
                0x080012ec       0x38 ./Core/Src/MPU6050.o
                0x080012ec                MPU6050_CONFIG_GYRO
 .text.MPU6050_CONFIG_ACCEL
                0x08001324       0x38 ./Core/Src/MPU6050.o
                0x08001324                MPU6050_CONFIG_ACCEL
 .text.MPU6050_CONFIG_SAMPLE_RATE
                0x0800135c       0x30 ./Core/Src/MPU6050.o
                0x0800135c                MPU6050_CONFIG_SAMPLE_RATE
 .text.MPU6050_CONFIG_USER_CONTROL
                0x0800138c       0x30 ./Core/Src/MPU6050.o
                0x0800138c                MPU6050_CONFIG_USER_CONTROL
 .text.MPU6050_CALIBRATION
                0x080013bc      0x1ac ./Core/Src/MPU6050.o
                0x080013bc                MPU6050_CALIBRATION
 .text.MPU6050_GET_ACCEL_TO_ANGLE
                0x08001568      0x114 ./Core/Src/MPU6050.o
                0x08001568                MPU6050_GET_ACCEL_TO_ANGLE
 .text.MPU6050_GET_ACCANDGYR_CALANDSCL_IT
                0x0800167c       0x38 ./Core/Src/MPU6050.o
                0x0800167c                MPU6050_GET_ACCANDGYR_CALANDSCL_IT
 .text.MPU6050_GET_CALANDSCL_IT
                0x080016b4      0x158 ./Core/Src/MPU6050.o
                0x080016b4                MPU6050_GET_CALANDSCL_IT
 .text.MPU6050_GET_ACCANDGYR_FILTRED
                0x0800180c       0x54 ./Core/Src/MPU6050.o
                0x0800180c                MPU6050_GET_ACCANDGYR_FILTRED
 .text.MPU6050_GET_ACCEL_YH
                0x08001860       0x30 ./Core/Src/MPU6050.o
                0x08001860                MPU6050_GET_ACCEL_YH
 .text.MPU6050_GET_ACCEL_YL
                0x08001890       0x30 ./Core/Src/MPU6050.o
                0x08001890                MPU6050_GET_ACCEL_YL
 .text.MPU6050_GET_ACCEL_ZH
                0x080018c0       0x30 ./Core/Src/MPU6050.o
                0x080018c0                MPU6050_GET_ACCEL_ZH
 .text.MPU6050_GET_ACCEL_ZL
                0x080018f0       0x30 ./Core/Src/MPU6050.o
                0x080018f0                MPU6050_GET_ACCEL_ZL
 .text.MPU6050_GET_GYRO_XH
                0x08001920       0x30 ./Core/Src/MPU6050.o
                0x08001920                MPU6050_GET_GYRO_XH
 .text.MPU6050_GET_GYRO_XL
                0x08001950       0x30 ./Core/Src/MPU6050.o
                0x08001950                MPU6050_GET_GYRO_XL
 .text.MPU6050_GET_GYRO_YH
                0x08001980       0x30 ./Core/Src/MPU6050.o
                0x08001980                MPU6050_GET_GYRO_YH
 .text.MPU6050_GET_GYRO_YL
                0x080019b0       0x30 ./Core/Src/MPU6050.o
                0x080019b0                MPU6050_GET_GYRO_YL
 .text.MPU6050_GET_GYRO_ZH
                0x080019e0       0x30 ./Core/Src/MPU6050.o
                0x080019e0                MPU6050_GET_GYRO_ZH
 .text.MPU6050_GET_GYRO_ZL
                0x08001a10       0x30 ./Core/Src/MPU6050.o
                0x08001a10                MPU6050_GET_GYRO_ZL
 .text.MPU6050_GET_ACCEL_FULLVALUE_X
                0x08001a40       0x40 ./Core/Src/MPU6050.o
                0x08001a40                MPU6050_GET_ACCEL_FULLVALUE_X
 .text.MPU6050_GET_ACCEL_FULLVALUE_Y
                0x08001a80       0x28 ./Core/Src/MPU6050.o
                0x08001a80                MPU6050_GET_ACCEL_FULLVALUE_Y
 .text.MPU6050_GET_ACCEL_FULLVALUE_Z
                0x08001aa8       0x28 ./Core/Src/MPU6050.o
                0x08001aa8                MPU6050_GET_ACCEL_FULLVALUE_Z
 .text.MPU6050_GET_GYRO_FULLVALUE_X
                0x08001ad0       0x28 ./Core/Src/MPU6050.o
                0x08001ad0                MPU6050_GET_GYRO_FULLVALUE_X
 .text.MPU6050_GET_GYRO_FULLVALUE_Y
                0x08001af8       0x28 ./Core/Src/MPU6050.o
                0x08001af8                MPU6050_GET_GYRO_FULLVALUE_Y
 .text.MPU6050_GET_GYRO_FULLVALUE_Z
                0x08001b20       0x28 ./Core/Src/MPU6050.o
                0x08001b20                MPU6050_GET_GYRO_FULLVALUE_Z
 .text.MPU6050_READ_ID
                0x08001b48       0x30 ./Core/Src/MPU6050.o
                0x08001b48                MPU6050_READ_ID
 .text.MPU6050_Enable_I2C_Bypass
                0x08001b78       0x30 ./Core/Src/MPU6050.o
                0x08001b78                MPU6050_Enable_I2C_Bypass
 .text.Complementary_getFilter
                0x08001ba8       0xfc ./Core/Src/MPU6050.o
                0x08001ba8                Complementary_getFilter
 .text.nRF24_Delay
                0x08001ca4       0x18 ./Core/Src/NRF24.o
 .text.nRF24_SendSpi
                0x08001cbc       0x2c ./Core/Src/NRF24.o
 .text.nRF24_SendSpi_IT
                0x08001ce8       0x28 ./Core/Src/NRF24.o
 .text.nRF24_ReadSpi
                0x08001d10       0x2c ./Core/Src/NRF24.o
 .text.nRF24_ReadSpi_IT
                0x08001d3c       0x28 ./Core/Src/NRF24.o
 .text.nRF24_ReadRegister
                0x08001d64       0x48 ./Core/Src/NRF24.o
 .text.nRF24_ReadRegisters
                0x08001dac       0x48 ./Core/Src/NRF24.o
 .text.nRF24_ReadRegisters_IT
                0x08001df4       0x4c ./Core/Src/NRF24.o
 .text.nRF24_WriteRegister
                0x08001e40       0x4c ./Core/Src/NRF24.o
 .text.nRF24_WriteRegisters
                0x08001e8c       0x50 ./Core/Src/NRF24.o
 .text.nRF24_WriteRegisters_IT
                0x08001edc       0x50 ./Core/Src/NRF24.o
 .text.nRF24_RX_Mode
                0x08001f2c       0x6c ./Core/Src/NRF24.o
                0x08001f2c                nRF24_RX_Mode
 .text.nRF24_TX_Mode
                0x08001f98       0x60 ./Core/Src/NRF24.o
                0x08001f98                nRF24_TX_Mode
 .text.nRF24_ReadConfig
                0x08001ff8       0x10 ./Core/Src/NRF24.o
                0x08001ff8                nRF24_ReadConfig
 .text.nRF24_WriteConfig
                0x08002008       0x1c ./Core/Src/NRF24.o
                0x08002008                nRF24_WriteConfig
 .text.nRF24_SetPALevel
                0x08002024       0x3e ./Core/Src/NRF24.o
                0x08002024                nRF24_SetPALevel
 .text.nRF24_SetDataRate
                0x08002062       0x4c ./Core/Src/NRF24.o
                0x08002062                nRF24_SetDataRate
 .text.nRF24_ReadStatus
                0x080020ae       0x10 ./Core/Src/NRF24.o
                0x080020ae                nRF24_ReadStatus
 .text.nRF24_WriteStatus
                0x080020be       0x1c ./Core/Src/NRF24.o
                0x080020be                nRF24_WriteStatus
 *fill*         0x080020da        0x2 
 .text.nRF24_FlushRX
                0x080020dc       0x34 ./Core/Src/NRF24.o
                0x080020dc                nRF24_FlushRX
 .text.nRF24_FlushTX
                0x08002110       0x34 ./Core/Src/NRF24.o
                0x08002110                nRF24_FlushTX
 .text.nRF24_EnableCRC
                0x08002144       0x3a ./Core/Src/NRF24.o
                0x08002144                nRF24_EnableCRC
 .text.nRF24_SetCRCLength
                0x0800217e       0x3a ./Core/Src/NRF24.o
                0x0800217e                nRF24_SetCRCLength
 .text.nRF24_SetRetries
                0x080021b8       0x36 ./Core/Src/NRF24.o
                0x080021b8                nRF24_SetRetries
 .text.nRF24_SetRFChannel
                0x080021ee       0x22 ./Core/Src/NRF24.o
                0x080021ee                nRF24_SetRFChannel
 .text.nRF24_SetPayloadSize
                0x08002210       0x38 ./Core/Src/NRF24.o
                0x08002210                nRF24_SetPayloadSize
 .text.nRF24_EnablePipe
                0x08002248       0x6a ./Core/Src/NRF24.o
                0x08002248                nRF24_EnablePipe
 .text.nRF24_AutoACK
                0x080022b2       0x6a ./Core/Src/NRF24.o
                0x080022b2                nRF24_AutoACK
 .text.nRF24_SetAddressWidth
                0x0800231c       0x3a ./Core/Src/NRF24.o
                0x0800231c                nRF24_SetAddressWidth
 .text.nRF24_SetRXAddress
                0x08002356       0x72 ./Core/Src/NRF24.o
                0x08002356                nRF24_SetRXAddress
 .text.nRF24_SetTXAddress
                0x080023c8       0x8c ./Core/Src/NRF24.o
                0x080023c8                nRF24_SetTXAddress
 .text.nRF24_ClearInterrupts
                0x08002454       0x26 ./Core/Src/NRF24.o
                0x08002454                nRF24_ClearInterrupts
 .text.nRF24_EnableRXDataReadyIRQ
                0x0800247a       0x3a ./Core/Src/NRF24.o
                0x0800247a                nRF24_EnableRXDataReadyIRQ
 .text.nRF24_EnableTXDataSentIRQ
                0x080024b4       0x3a ./Core/Src/NRF24.o
                0x080024b4                nRF24_EnableTXDataSentIRQ
 .text.nRF24_EnableMaxRetransmitIRQ
                0x080024ee       0x3a ./Core/Src/NRF24.o
                0x080024ee                nRF24_EnableMaxRetransmitIRQ
 .text.nRF24_WriteTXPayload
                0x08002528       0x1a ./Core/Src/NRF24.o
                0x08002528                nRF24_WriteTXPayload
 *fill*         0x08002542        0x2 
 .text.nRF24_WriteTXPayload_IT
                0x08002544       0x28 ./Core/Src/NRF24.o
                0x08002544                nRF24_WriteTXPayload_IT
 .text.nRF24_WaitTX
                0x0800256c       0x50 ./Core/Src/NRF24.o
                0x0800256c                nRF24_WaitTX
 .text.nRF24_ReadRXPaylaod
                0x080025bc       0x38 ./Core/Src/NRF24.o
                0x080025bc                nRF24_ReadRXPaylaod
 .text.nRF24_ReadRXPaylaod_IT
                0x080025f4       0x28 ./Core/Src/NRF24.o
                0x080025f4                nRF24_ReadRXPaylaod_IT
 .text.nRF24_ReadRXPaylaod_IT_End
                0x0800261c       0x40 ./Core/Src/NRF24.o
                0x0800261c                nRF24_ReadRXPaylaod_IT_End
 .text.nRF24_IsBitSetInFifoStatus
                0x0800265c       0x30 ./Core/Src/NRF24.o
                0x0800265c                nRF24_IsBitSetInFifoStatus
 .text.nRF24_ReadFifoStatus
                0x0800268c       0x10 ./Core/Src/NRF24.o
                0x0800268c                nRF24_ReadFifoStatus
 .text.nRF24_Init
                0x0800269c       0xa8 ./Core/Src/NRF24.o
                0x0800269c                nRF24_Init
 .text.__NVIC_SystemReset
                0x08002744       0x2c ./Core/Src/USART komendy.o
 .text.interpretcommand
                0x08002770       0x98 ./Core/Src/USART komendy.o
                0x08002770                interpretcommand
 .text.executecommand
                0x08002808      0xdbc ./Core/Src/USART komendy.o
                0x08002808                executecommand
 .text.MX_ADC2_Init
                0x080035c4       0xd8 ./Core/Src/adc.o
                0x080035c4                MX_ADC2_Init
 .text.HAL_ADC_MspInit
                0x0800369c      0x104 ./Core/Src/adc.o
                0x0800369c                HAL_ADC_MspInit
 .text.MX_DMA_Init
                0x080037a0       0x70 ./Core/Src/dma.o
                0x080037a0                MX_DMA_Init
 .text.Thrust_filter
                0x08003810      0x254 ./Core/Src/dron.o
                0x08003810                Thrust_filter
 .text.PID_call
                0x08003a64      0x220 ./Core/Src/dron.o
                0x08003a64                PID_call
 *fill*         0x08003c84        0x4 
 .text.Get_batteryvalue
                0x08003c88       0x90 ./Core/Src/dron.o
                0x08003c88                Get_batteryvalue
 .text.SELECT   0x08003d18       0x18 ./Core/Src/fatfs_sd.o
 .text.DESELECT
                0x08003d30       0x18 ./Core/Src/fatfs_sd.o
 .text.SPI_TxByte
                0x08003d48       0x34 ./Core/Src/fatfs_sd.o
 .text.SPI_TxBuffer
                0x08003d7c       0x38 ./Core/Src/fatfs_sd.o
 .text.SPI_RxByte
                0x08003db4       0x3c ./Core/Src/fatfs_sd.o
 .text.SPI_RxBytePtr
                0x08003df0       0x1c ./Core/Src/fatfs_sd.o
 .text.SD_ReadyWait
                0x08003e0c       0x34 ./Core/Src/fatfs_sd.o
 .text.SD_PowerOn
                0x08003e40       0x84 ./Core/Src/fatfs_sd.o
 .text.SD_PowerOff
                0x08003ec4       0x18 ./Core/Src/fatfs_sd.o
 .text.SD_CheckPower
                0x08003edc       0x18 ./Core/Src/fatfs_sd.o
 .text.SD_RxDataBlock
                0x08003ef4       0x60 ./Core/Src/fatfs_sd.o
 .text.SD_TxDataBlock
                0x08003f54       0x86 ./Core/Src/fatfs_sd.o
 .text.SD_SendCmd
                0x08003fda       0xa8 ./Core/Src/fatfs_sd.o
 *fill*         0x08004082        0x2 
 .text.SD_disk_initialize
                0x08004084      0x1d8 ./Core/Src/fatfs_sd.o
                0x08004084                SD_disk_initialize
 .text.SD_disk_status
                0x0800425c       0x2c ./Core/Src/fatfs_sd.o
                0x0800425c                SD_disk_status
 .text.SD_disk_read
                0x08004288       0xd4 ./Core/Src/fatfs_sd.o
                0x08004288                SD_disk_read
 .text.SD_disk_write
                0x0800435c      0x108 ./Core/Src/fatfs_sd.o
                0x0800435c                SD_disk_write
 .text.SD_disk_ioctl
                0x08004464      0x254 ./Core/Src/fatfs_sd.o
                0x08004464                SD_disk_ioctl
 .text.MX_GPIO_Init
                0x080046b8      0x25c ./Core/Src/gpio.o
                0x080046b8                MX_GPIO_Init
 .text.MX_I2C5_Init
                0x08004914       0x84 ./Core/Src/i2c.o
                0x08004914                MX_I2C5_Init
 .text.HAL_I2C_MspInit
                0x08004998       0xe4 ./Core/Src/i2c.o
                0x08004998                HAL_I2C_MspInit
 .text.__NVIC_SystemReset
                0x08004a7c       0x2c ./Core/Src/main.o
 .text.main     0x08004aa8      0xdfc ./Core/Src/main.o
                0x08004aa8                main
 .text.SystemClock_Config
                0x080058a4       0xe4 ./Core/Src/main.o
                0x080058a4                SystemClock_Config
 .text.PeriphCommonClock_Config
                0x08005988       0x64 ./Core/Src/main.o
                0x08005988                PeriphCommonClock_Config
 .text.HAL_TIM_PeriodElapsedCallback
                0x080059ec      0x414 ./Core/Src/main.o
                0x080059ec                HAL_TIM_PeriodElapsedCallback
 .text.HAL_GPIO_EXTI_Callback
                0x08005e00       0x64 ./Core/Src/main.o
                0x08005e00                HAL_GPIO_EXTI_Callback
 .text.HAL_UART_RxCpltCallback
                0x08005e64       0xac ./Core/Src/main.o
                0x08005e64                HAL_UART_RxCpltCallback
 .text.HAL_I2C_MemTxCpltCallback
                0x08005f10       0x58 ./Core/Src/main.o
                0x08005f10                HAL_I2C_MemTxCpltCallback
 .text.HAL_I2C_MemRxCpltCallback
                0x08005f68      0xa98 ./Core/Src/main.o
                0x08005f68                HAL_I2C_MemRxCpltCallback
 .text.HAL_SPI_TxCpltCallback
                0x08006a00       0x80 ./Core/Src/main.o
                0x08006a00                HAL_SPI_TxCpltCallback
 .text.HAL_SPI_RxCpltCallback
                0x08006a80      0x30c ./Core/Src/main.o
                0x08006a80                HAL_SPI_RxCpltCallback
 .text.convert_array_to_value
                0x08006d8c       0xa2 ./Core/Src/main.o
                0x08006d8c                convert_array_to_value
 .text.convert_value_to_array
                0x08006e2e       0xbe ./Core/Src/main.o
                0x08006e2e                convert_value_to_array
 .text.potenga  0x08006eec       0x80 ./Core/Src/main.o
                0x08006eec                potenga
 .text.WartoscBezwgledna
                0x08006f6c       0x3e ./Core/Src/main.o
                0x08006f6c                WartoscBezwgledna
 *fill*         0x08006faa        0x2 
 .text.RGB_LED_Set_color
                0x08006fac       0x3c ./Core/Src/main.o
                0x08006fac                RGB_LED_Set_color
 .text.RGB_LED_For_BAT
                0x08006fe8       0x78 ./Core/Src/main.o
                0x08006fe8                RGB_LED_For_BAT
 .text.convert_value_to_array2
                0x08007060       0xbe ./Core/Src/main.o
                0x08007060                convert_value_to_array2
 .text.convert_value_to_array3
                0x0800711e      0x1f6 ./Core/Src/main.o
                0x0800711e                convert_value_to_array3
 .text.uSD_Card_SendData_To_Buffer
                0x08007314      0x3b8 ./Core/Src/main.o
                0x08007314                uSD_Card_SendData_To_Buffer
 .text.Stack_Push
                0x080076cc       0x98 ./Core/Src/main.o
                0x080076cc                Stack_Push
 .text.ROOL_MAX_VAL
                0x08007764       0x20 ./Core/Src/main.o
                0x08007764                ROOL_MAX_VAL
 .text.ROOL_MIN_VAL
                0x08007784       0x20 ./Core/Src/main.o
                0x08007784                ROOL_MIN_VAL
 .text.PITCH_MAX_VAL
                0x080077a4       0x20 ./Core/Src/main.o
                0x080077a4                PITCH_MAX_VAL
 .text.PITCH_MIN_VAL
                0x080077c4       0x20 ./Core/Src/main.o
                0x080077c4                PITCH_MIN_VAL
 .text.YAW_MAX_VAL
                0x080077e4       0x20 ./Core/Src/main.o
                0x080077e4                YAW_MAX_VAL
 .text.YAW_MIN_VAL
                0x08007804       0x20 ./Core/Src/main.o
                0x08007804                YAW_MIN_VAL
 .text.ROOL_GOOD_VAL
                0x08007824       0x2c ./Core/Src/main.o
                0x08007824                ROOL_GOOD_VAL
 .text.PITCH_GOOD_VAL
                0x08007850       0x2c ./Core/Src/main.o
                0x08007850                PITCH_GOOD_VAL
 .text.YAW_GOOD_VAL
                0x0800787c       0x2c ./Core/Src/main.o
                0x0800787c                YAW_GOOD_VAL
 .text.MPU_Config
                0x080078a8       0x58 ./Core/Src/main.o
 .text.Error_Handler
                0x08007900        0xc ./Core/Src/main.o
                0x08007900                Error_Handler
 .text.MX_SPI1_Init
                0x0800790c       0xac ./Core/Src/spi.o
                0x0800790c                MX_SPI1_Init
 .text.MX_SPI2_Init
                0x080079b8       0xac ./Core/Src/spi.o
                0x080079b8                MX_SPI2_Init
 .text.HAL_SPI_MspInit
                0x08007a64      0x1b8 ./Core/Src/spi.o
                0x08007a64                HAL_SPI_MspInit
 .text.HAL_MspInit
                0x08007c1c       0x34 ./Core/Src/stm32h7xx_hal_msp.o
                0x08007c1c                HAL_MspInit
 .text.SDTimer_Handler
                0x08007c50       0x3c ./Core/Src/stm32h7xx_it.o
                0x08007c50                SDTimer_Handler
 .text.NMI_Handler
                0x08007c8c       0x40 ./Core/Src/stm32h7xx_it.o
                0x08007c8c                NMI_Handler
 .text.HardFault_Handler
                0x08007ccc       0x40 ./Core/Src/stm32h7xx_it.o
                0x08007ccc                HardFault_Handler
 .text.MemManage_Handler
                0x08007d0c       0x40 ./Core/Src/stm32h7xx_it.o
                0x08007d0c                MemManage_Handler
 .text.BusFault_Handler
                0x08007d4c       0x40 ./Core/Src/stm32h7xx_it.o
                0x08007d4c                BusFault_Handler
 .text.UsageFault_Handler
                0x08007d8c       0x40 ./Core/Src/stm32h7xx_it.o
                0x08007d8c                UsageFault_Handler
 .text.SVC_Handler
                0x08007dcc        0xe ./Core/Src/stm32h7xx_it.o
                0x08007dcc                SVC_Handler
 .text.DebugMon_Handler
                0x08007dda        0xe ./Core/Src/stm32h7xx_it.o
                0x08007dda                DebugMon_Handler
 .text.PendSV_Handler
                0x08007de8        0xe ./Core/Src/stm32h7xx_it.o
                0x08007de8                PendSV_Handler
 *fill*         0x08007df6        0x2 
 .text.SysTick_Handler
                0x08007df8       0x2c ./Core/Src/stm32h7xx_it.o
                0x08007df8                SysTick_Handler
 .text.DMA1_Stream0_IRQHandler
                0x08007e24       0x14 ./Core/Src/stm32h7xx_it.o
                0x08007e24                DMA1_Stream0_IRQHandler
 .text.ADC_IRQHandler
                0x08007e38       0x14 ./Core/Src/stm32h7xx_it.o
                0x08007e38                ADC_IRQHandler
 .text.TIM2_IRQHandler
                0x08007e4c       0x14 ./Core/Src/stm32h7xx_it.o
                0x08007e4c                TIM2_IRQHandler
 .text.SPI1_IRQHandler
                0x08007e60       0x14 ./Core/Src/stm32h7xx_it.o
                0x08007e60                SPI1_IRQHandler
 .text.SPI2_IRQHandler
                0x08007e74       0x14 ./Core/Src/stm32h7xx_it.o
                0x08007e74                SPI2_IRQHandler
 .text.USART1_IRQHandler
                0x08007e88       0x14 ./Core/Src/stm32h7xx_it.o
                0x08007e88                USART1_IRQHandler
 .text.EXTI15_10_IRQHandler
                0x08007e9c       0x10 ./Core/Src/stm32h7xx_it.o
                0x08007e9c                EXTI15_10_IRQHandler
 .text.DMA2_Stream0_IRQHandler
                0x08007eac       0x14 ./Core/Src/stm32h7xx_it.o
                0x08007eac                DMA2_Stream0_IRQHandler
 .text.I2C5_EV_IRQHandler
                0x08007ec0       0x14 ./Core/Src/stm32h7xx_it.o
                0x08007ec0                I2C5_EV_IRQHandler
 .text.TIM23_IRQHandler
                0x08007ed4       0x14 ./Core/Src/stm32h7xx_it.o
                0x08007ed4                TIM23_IRQHandler
 .text.TIM24_IRQHandler
                0x08007ee8       0x14 ./Core/Src/stm32h7xx_it.o
                0x08007ee8                TIM24_IRQHandler
 .text.SystemInit
                0x08007efc       0xf0 ./Core/Src/system_stm32h7xx.o
                0x08007efc                SystemInit
 .text.MX_TIM1_Init
                0x08007fec      0x150 ./Core/Src/tim.o
                0x08007fec                MX_TIM1_Init
 .text.MX_TIM2_Init
                0x0800813c       0xa8 ./Core/Src/tim.o
                0x0800813c                MX_TIM2_Init
 .text.MX_TIM3_Init
                0x080081e4       0xf8 ./Core/Src/tim.o
                0x080081e4                MX_TIM3_Init
 .text.MX_TIM8_Init
                0x080082dc       0xac ./Core/Src/tim.o
                0x080082dc                MX_TIM8_Init
 .text.MX_TIM23_Init
                0x08008388       0xb0 ./Core/Src/tim.o
                0x08008388                MX_TIM23_Init
 .text.MX_TIM24_Init
                0x08008438       0xb0 ./Core/Src/tim.o
                0x08008438                MX_TIM24_Init
 .text.HAL_TIM_PWM_MspInit
                0x080084e8       0x74 ./Core/Src/tim.o
                0x080084e8                HAL_TIM_PWM_MspInit
 .text.HAL_TIM_IC_MspInit
                0x0800855c       0xa0 ./Core/Src/tim.o
                0x0800855c                HAL_TIM_IC_MspInit
 .text.HAL_TIM_Base_MspInit
                0x080085fc       0x44 ./Core/Src/tim.o
                0x080085fc                HAL_TIM_Base_MspInit
 .text.HAL_TIM_OC_MspInit
                0x08008640       0x90 ./Core/Src/tim.o
                0x08008640                HAL_TIM_OC_MspInit
 .text.HAL_TIM_MspPostInit
                0x080086d0       0xcc ./Core/Src/tim.o
                0x080086d0                HAL_TIM_MspPostInit
 .text.MX_USART1_UART_Init
                0x0800879c       0x98 ./Core/Src/usart.o
                0x0800879c                MX_USART1_UART_Init
 .text.HAL_UART_MspInit
                0x08008834       0xe4 ./Core/Src/usart.o
                0x08008834                HAL_UART_MspInit
 .text.Reset_Handler
                0x08008918       0x50 ./Core/Startup/startup_stm32h723zgtx.o
                0x08008918                Reset_Handler
 .text.Default_Handler
                0x08008968        0x2 ./Core/Startup/startup_stm32h723zgtx.o
                0x08008968                RTC_Alarm_IRQHandler
                0x08008968                EXTI2_IRQHandler
                0x08008968                TIM8_CC_IRQHandler
                0x08008968                UART8_IRQHandler
                0x08008968                SPI4_IRQHandler
                0x08008968                FDCAN3_IT0_IRQHandler
                0x08008968                TIM1_CC_IRQHandler
                0x08008968                BDMA_Channel6_IRQHandler
                0x08008968                DMA2_Stream5_IRQHandler
                0x08008968                DMA1_Stream5_IRQHandler
                0x08008968                CORDIC_IRQHandler
                0x08008968                BDMA_Channel1_IRQHandler
                0x08008968                TAMP_STAMP_IRQHandler
                0x08008968                EXTI3_IRQHandler
                0x08008968                LPTIM4_IRQHandler
                0x08008968                TIM8_TRG_COM_TIM14_IRQHandler
                0x08008968                LPTIM2_IRQHandler
                0x08008968                DFSDM1_FLT1_IRQHandler
                0x08008968                DMAMUX2_OVR_IRQHandler
                0x08008968                TIM8_UP_TIM13_IRQHandler
                0x08008968                I2C3_ER_IRQHandler
                0x08008968                DFSDM1_FLT2_IRQHandler
                0x08008968                USART10_IRQHandler
                0x08008968                MDMA_IRQHandler
                0x08008968                LPTIM3_IRQHandler
                0x08008968                HSEM1_IRQHandler
                0x08008968                EXTI0_IRQHandler
                0x08008968                I2C2_EV_IRQHandler
                0x08008968                DMA1_Stream2_IRQHandler
                0x08008968                FPU_IRQHandler
                0x08008968                OTG_HS_WKUP_IRQHandler
                0x08008968                FDCAN1_IT1_IRQHandler
                0x08008968                LTDC_ER_IRQHandler
                0x08008968                DMA2_Stream2_IRQHandler
                0x08008968                OCTOSPI1_IRQHandler
                0x08008968                TIM6_DAC_IRQHandler
                0x08008968                DMA2_Stream3_IRQHandler
                0x08008968                OCTOSPI2_IRQHandler
                0x08008968                DFSDM1_FLT3_IRQHandler
                0x08008968                USART6_IRQHandler
                0x08008968                TIM17_IRQHandler
                0x08008968                USART3_IRQHandler
                0x08008968                BDMA_Channel7_IRQHandler
                0x08008968                LPTIM5_IRQHandler
                0x08008968                UART5_IRQHandler
                0x08008968                ADC3_IRQHandler
                0x08008968                TIM4_IRQHandler
                0x08008968                BDMA_Channel2_IRQHandler
                0x08008968                I2C1_EV_IRQHandler
                0x08008968                DMA1_Stream6_IRQHandler
                0x08008968                DMAMUX1_OVR_IRQHandler
                0x08008968                DMA1_Stream1_IRQHandler
                0x08008968                TIM16_IRQHandler
                0x08008968                UART4_IRQHandler
                0x08008968                BDMA_Channel5_IRQHandler
                0x08008968                TIM3_IRQHandler
                0x08008968                RCC_IRQHandler
                0x08008968                UART9_IRQHandler
                0x08008968                TIM8_BRK_TIM12_IRQHandler
                0x08008968                TIM1_TRG_COM_IRQHandler
                0x08008968                Default_Handler
                0x08008968                ECC_IRQHandler
                0x08008968                FMAC_IRQHandler
                0x08008968                CEC_IRQHandler
                0x08008968                BDMA_Channel0_IRQHandler
                0x08008968                I2C5_ER_IRQHandler
                0x08008968                DMA1_Stream7_IRQHandler
                0x08008968                SPI5_IRQHandler
                0x08008968                TIM7_IRQHandler
                0x08008968                FDCAN3_IT1_IRQHandler
                0x08008968                SDMMC1_IRQHandler
                0x08008968                TIM5_IRQHandler
                0x08008968                DMA2_Stream7_IRQHandler
                0x08008968                TIM15_IRQHandler
                0x08008968                PVD_AVD_IRQHandler
                0x08008968                I2C3_EV_IRQHandler
                0x08008968                EXTI9_5_IRQHandler
                0x08008968                RTC_WKUP_IRQHandler
                0x08008968                LTDC_IRQHandler
                0x08008968                ETH_WKUP_IRQHandler
                0x08008968                SPDIF_RX_IRQHandler
                0x08008968                OTG_HS_EP1_IN_IRQHandler
                0x08008968                CRS_IRQHandler
                0x08008968                EXTI4_IRQHandler
                0x08008968                RNG_IRQHandler
                0x08008968                FDCAN2_IT1_IRQHandler
                0x08008968                ETH_IRQHandler
                0x08008968                TIM1_UP_IRQHandler
                0x08008968                BDMA_Channel4_IRQHandler
                0x08008968                OTG_HS_EP1_OUT_IRQHandler
                0x08008968                WWDG_IRQHandler
                0x08008968                SPI6_IRQHandler
                0x08008968                MDIOS_IRQHandler
                0x08008968                I2C4_EV_IRQHandler
                0x08008968                FDCAN2_IT0_IRQHandler
                0x08008968                LPUART1_IRQHandler
                0x08008968                FDCAN1_IT0_IRQHandler
                0x08008968                OTG_HS_IRQHandler
                0x08008968                DMA2D_IRQHandler
                0x08008968                TIM1_BRK_IRQHandler
                0x08008968                EXTI1_IRQHandler
                0x08008968                SDMMC2_IRQHandler
                0x08008968                BDMA_Channel3_IRQHandler
                0x08008968                DTS_IRQHandler
                0x08008968                UART7_IRQHandler
                0x08008968                MDIOS_WKUP_IRQHandler
                0x08008968                USART2_IRQHandler
                0x08008968                DFSDM1_FLT0_IRQHandler
                0x08008968                SAI4_IRQHandler
                0x08008968                I2C2_ER_IRQHandler
                0x08008968                DMA2_Stream1_IRQHandler
                0x08008968                FLASH_IRQHandler
                0x08008968                DMA2_Stream4_IRQHandler
                0x08008968                SPI3_IRQHandler
                0x08008968                WAKEUP_PIN_IRQHandler
                0x08008968                DMA1_Stream4_IRQHandler
                0x08008968                I2C1_ER_IRQHandler
                0x08008968                FMC_IRQHandler
                0x08008968                FDCAN_CAL_IRQHandler
                0x08008968                SWPMI1_IRQHandler
                0x08008968                COMP1_IRQHandler
                0x08008968                LPTIM1_IRQHandler
                0x08008968                DCMI_PSSI_IRQHandler
                0x08008968                I2C4_ER_IRQHandler
                0x08008968                DMA2_Stream6_IRQHandler
                0x08008968                SAI1_IRQHandler
                0x08008968                DMA1_Stream3_IRQHandler
 *fill*         0x0800896a        0x2 
 .text.HAL_Init
                0x0800896c       0x78 ./Drivers/STM32H7xx_HAL_Driver/Src/stm32h7xx_hal.o
                0x0800896c                HAL_Init
 .text.HAL_InitTick
                0x080089e4       0x6c ./Drivers/STM32H7xx_HAL_Driver/Src/stm32h7xx_hal.o
                0x080089e4                HAL_InitTick
 .text.HAL_IncTick
                0x08008a50       0x28 ./Drivers/STM32H7xx_HAL_Driver/Src/stm32h7xx_hal.o
                0x08008a50                HAL_IncTick
 .text.HAL_GetTick
                0x08008a78       0x18 ./Drivers/STM32H7xx_HAL_Driver/Src/stm32h7xx_hal.o
                0x08008a78                HAL_GetTick
 .text.HAL_Delay
                0x08008a90       0x48 ./Drivers/STM32H7xx_HAL_Driver/Src/stm32h7xx_hal.o
                0x08008a90                HAL_Delay
 .text.LL_ADC_SetCommonClock
                0x08008ad8       0x26 ./Drivers/STM32H7xx_HAL_Driver/Src/stm32h7xx_hal_adc.o
 .text.LL_ADC_SetCommonPathInternalCh
                0x08008afe       0x26 ./Drivers/STM32H7xx_HAL_Driver/Src/stm32h7xx_hal_adc.o
 .text.LL_ADC_GetCommonPathInternalCh
                0x08008b24       0x1c ./Drivers/STM32H7xx_HAL_Driver/Src/stm32h7xx_hal_adc.o
 .text.LL_ADC_SetChannelPreselection
                0x08008b40       0x74 ./Drivers/STM32H7xx_HAL_Driver/Src/stm32h7xx_hal_adc.o
 .text.LL_ADC_SetOffset
                0x08008bb4       0x64 ./Drivers/STM32H7xx_HAL_Driver/Src/stm32h7xx_hal_adc.o
 .text.LL_ADC_GetOffsetChannel
                0x08008c18       0x2c ./Drivers/STM32H7xx_HAL_Driver/Src/stm32h7xx_hal_adc.o
 .text.LL_ADC_SetDataRightShift
                0x08008c44       0x32 ./Drivers/STM32H7xx_HAL_Driver/Src/stm32h7xx_hal_adc.o
 *fill*         0x08008c76        0x2 
 .text.LL_ADC_SetOffsetSignedSaturation
                0x08008c78       0x44 ./Drivers/STM32H7xx_HAL_Driver/Src/stm32h7xx_hal_adc.o
 .text.LL_ADC_SetOffsetSaturation
                0x08008cbc       0x44 ./Drivers/STM32H7xx_HAL_Driver/Src/stm32h7xx_hal_adc.o
 .text.LL_ADC_SetOffsetSign
                0x08008d00       0x44 ./Drivers/STM32H7xx_HAL_Driver/Src/stm32h7xx_hal_adc.o
 .text.LL_ADC_SetOffsetState
                0x08008d44       0x54 ./Drivers/STM32H7xx_HAL_Driver/Src/stm32h7xx_hal_adc.o
 .text.LL_ADC_REG_IsTriggerSourceSWStart
                0x08008d98       0x26 ./Drivers/STM32H7xx_HAL_Driver/Src/stm32h7xx_hal_adc.o
 .text.LL_ADC_REG_SetSequencerRanks
                0x08008dbe       0x58 ./Drivers/STM32H7xx_HAL_Driver/Src/stm32h7xx_hal_adc.o
 .text.LL_ADC_REG_SetDataTransferMode
                0x08008e16       0x26 ./Drivers/STM32H7xx_HAL_Driver/Src/stm32h7xx_hal_adc.o
 .text.LL_ADC_EnableDMAReq
                0x08008e3c       0x20 ./Drivers/STM32H7xx_HAL_Driver/Src/stm32h7xx_hal_adc.o
 .text.LL_ADC_REG_SetDMATransferMode
                0x08008e5c       0x34 ./Drivers/STM32H7xx_HAL_Driver/Src/stm32h7xx_hal_adc.o
 .text.LL_ADC_INJ_IsTriggerSourceSWStart
                0x08008e90       0x26 ./Drivers/STM32H7xx_HAL_Driver/Src/stm32h7xx_hal_adc.o
 .text.LL_ADC_SetChannelSamplingTime
                0x08008eb6       0x56 ./Drivers/STM32H7xx_HAL_Driver/Src/stm32h7xx_hal_adc.o
 .text.LL_ADC_SetChannelSingleDiff
                0x08008f0c       0x80 ./Drivers/STM32H7xx_HAL_Driver/Src/stm32h7xx_hal_adc.o
 .text.LL_ADC_GetMultimode
                0x08008f8c       0x1c ./Drivers/STM32H7xx_HAL_Driver/Src/stm32h7xx_hal_adc.o
 .text.LL_ADC_GetMultiDMATransfer
                0x08008fa8       0x1c ./Drivers/STM32H7xx_HAL_Driver/Src/stm32h7xx_hal_adc.o
 .text.LL_ADC_DisableDeepPowerDown
                0x08008fc4       0x24 ./Drivers/STM32H7xx_HAL_Driver/Src/stm32h7xx_hal_adc.o
 .text.LL_ADC_IsDeepPowerDownEnabled
                0x08008fe8       0x28 ./Drivers/STM32H7xx_HAL_Driver/Src/stm32h7xx_hal_adc.o
 .text.LL_ADC_EnableInternalRegulator
                0x08009010       0x28 ./Drivers/STM32H7xx_HAL_Driver/Src/stm32h7xx_hal_adc.o
 .text.LL_ADC_IsInternalRegulatorEnabled
                0x08009038       0x28 ./Drivers/STM32H7xx_HAL_Driver/Src/stm32h7xx_hal_adc.o
 .text.LL_ADC_Enable
                0x08009060       0x28 ./Drivers/STM32H7xx_HAL_Driver/Src/stm32h7xx_hal_adc.o
 .text.LL_ADC_IsEnabled
                0x08009088       0x26 ./Drivers/STM32H7xx_HAL_Driver/Src/stm32h7xx_hal_adc.o
 *fill*         0x080090ae        0x2 
 .text.LL_ADC_REG_StartConversion
                0x080090b0       0x28 ./Drivers/STM32H7xx_HAL_Driver/Src/stm32h7xx_hal_adc.o
 .text.LL_ADC_REG_IsConversionOngoing
                0x080090d8       0x26 ./Drivers/STM32H7xx_HAL_Driver/Src/stm32h7xx_hal_adc.o
 .text.LL_ADC_INJ_IsConversionOngoing
                0x080090fe       0x26 ./Drivers/STM32H7xx_HAL_Driver/Src/stm32h7xx_hal_adc.o
 .text.HAL_ADC_Init
                0x08009124      0x410 ./Drivers/STM32H7xx_HAL_Driver/Src/stm32h7xx_hal_adc.o
                0x08009124                HAL_ADC_Init
 .text.HAL_ADC_Start_DMA
                0x08009534      0x1b8 ./Drivers/STM32H7xx_HAL_Driver/Src/stm32h7xx_hal_adc.o
                0x08009534                HAL_ADC_Start_DMA
 .text.HAL_ADC_IRQHandler
                0x080096ec      0x474 ./Drivers/STM32H7xx_HAL_Driver/Src/stm32h7xx_hal_adc.o
                0x080096ec                HAL_ADC_IRQHandler
 .text.HAL_ADC_ConvCpltCallback
                0x08009b60       0x14 ./Drivers/STM32H7xx_HAL_Driver/Src/stm32h7xx_hal_adc.o
                0x08009b60                HAL_ADC_ConvCpltCallback
 .text.HAL_ADC_ConvHalfCpltCallback
                0x08009b74       0x14 ./Drivers/STM32H7xx_HAL_Driver/Src/stm32h7xx_hal_adc.o
                0x08009b74                HAL_ADC_ConvHalfCpltCallback
 .text.HAL_ADC_LevelOutOfWindowCallback
                0x08009b88       0x14 ./Drivers/STM32H7xx_HAL_Driver/Src/stm32h7xx_hal_adc.o
                0x08009b88                HAL_ADC_LevelOutOfWindowCallback
 .text.HAL_ADC_ErrorCallback
                0x08009b9c       0x14 ./Drivers/STM32H7xx_HAL_Driver/Src/stm32h7xx_hal_adc.o
                0x08009b9c                HAL_ADC_ErrorCallback
 .text.HAL_ADC_ConfigChannel
                0x08009bb0      0x9a8 ./Drivers/STM32H7xx_HAL_Driver/Src/stm32h7xx_hal_adc.o
                0x08009bb0                HAL_ADC_ConfigChannel
 .text.ADC_Enable
                0x0800a558      0x114 ./Drivers/STM32H7xx_HAL_Driver/Src/stm32h7xx_hal_adc.o
                0x0800a558                ADC_Enable
 .text.ADC_DMAConvCplt
                0x0800a66c       0xd8 ./Drivers/STM32H7xx_HAL_Driver/Src/stm32h7xx_hal_adc.o
                0x0800a66c                ADC_DMAConvCplt
 .text.ADC_DMAHalfConvCplt
                0x0800a744       0x1c ./Drivers/STM32H7xx_HAL_Driver/Src/stm32h7xx_hal_adc.o
                0x0800a744                ADC_DMAHalfConvCplt
 .text.ADC_DMAError
                0x0800a760       0x34 ./Drivers/STM32H7xx_HAL_Driver/Src/stm32h7xx_hal_adc.o
                0x0800a760                ADC_DMAError
 .text.ADC_ConfigureBoostMode
                0x0800a794      0x1dc ./Drivers/STM32H7xx_HAL_Driver/Src/stm32h7xx_hal_adc.o
                0x0800a794                ADC_ConfigureBoostMode
 .text.HAL_ADCEx_InjectedConvCpltCallback
                0x0800a970       0x14 ./Drivers/STM32H7xx_HAL_Driver/Src/stm32h7xx_hal_adc_ex.o
                0x0800a970                HAL_ADCEx_InjectedConvCpltCallback
 .text.HAL_ADCEx_InjectedQueueOverflowCallback
                0x0800a984       0x14 ./Drivers/STM32H7xx_HAL_Driver/Src/stm32h7xx_hal_adc_ex.o
                0x0800a984                HAL_ADCEx_InjectedQueueOverflowCallback
 .text.HAL_ADCEx_LevelOutOfWindow2Callback
                0x0800a998       0x14 ./Drivers/STM32H7xx_HAL_Driver/Src/stm32h7xx_hal_adc_ex.o
                0x0800a998                HAL_ADCEx_LevelOutOfWindow2Callback
 .text.HAL_ADCEx_LevelOutOfWindow3Callback
                0x0800a9ac       0x14 ./Drivers/STM32H7xx_HAL_Driver/Src/stm32h7xx_hal_adc_ex.o
                0x0800a9ac                HAL_ADCEx_LevelOutOfWindow3Callback
 .text.HAL_ADCEx_EndOfSamplingCallback
                0x0800a9c0       0x14 ./Drivers/STM32H7xx_HAL_Driver/Src/stm32h7xx_hal_adc_ex.o
                0x0800a9c0                HAL_ADCEx_EndOfSamplingCallback
 .text.__NVIC_SetPriorityGrouping
                0x0800a9d4       0x48 ./Drivers/STM32H7xx_HAL_Driver/Src/stm32h7xx_hal_cortex.o
 .text.__NVIC_GetPriorityGrouping
                0x0800aa1c       0x1c ./Drivers/STM32H7xx_HAL_Driver/Src/stm32h7xx_hal_cortex.o
 .text.__NVIC_EnableIRQ
                0x0800aa38       0x3c ./Drivers/STM32H7xx_HAL_Driver/Src/stm32h7xx_hal_cortex.o
 .text.__NVIC_SetPriority
                0x0800aa74       0x54 ./Drivers/STM32H7xx_HAL_Driver/Src/stm32h7xx_hal_cortex.o
 .text.NVIC_EncodePriority
                0x0800aac8       0x66 ./Drivers/STM32H7xx_HAL_Driver/Src/stm32h7xx_hal_cortex.o
 *fill*         0x0800ab2e        0x2 
 .text.SysTick_Config
                0x0800ab30       0x44 ./Drivers/STM32H7xx_HAL_Driver/Src/stm32h7xx_hal_cortex.o
 .text.HAL_NVIC_SetPriorityGrouping
                0x0800ab74       0x16 ./Drivers/STM32H7xx_HAL_Driver/Src/stm32h7xx_hal_cortex.o
                0x0800ab74                HAL_NVIC_SetPriorityGrouping
 .text.HAL_NVIC_SetPriority
                0x0800ab8a       0x34 ./Drivers/STM32H7xx_HAL_Driver/Src/stm32h7xx_hal_cortex.o
                0x0800ab8a                HAL_NVIC_SetPriority
 .text.HAL_NVIC_EnableIRQ
                0x0800abbe       0x1c ./Drivers/STM32H7xx_HAL_Driver/Src/stm32h7xx_hal_cortex.o
                0x0800abbe                HAL_NVIC_EnableIRQ
 .text.HAL_SYSTICK_Config
                0x0800abda       0x18 ./Drivers/STM32H7xx_HAL_Driver/Src/stm32h7xx_hal_cortex.o
                0x0800abda                HAL_SYSTICK_Config
 *fill*         0x0800abf2        0x2 
 .text.HAL_MPU_Disable
                0x0800abf4       0x30 ./Drivers/STM32H7xx_HAL_Driver/Src/stm32h7xx_hal_cortex.o
                0x0800abf4                HAL_MPU_Disable
 .text.HAL_MPU_Enable
                0x0800ac24       0x40 ./Drivers/STM32H7xx_HAL_Driver/Src/stm32h7xx_hal_cortex.o
                0x0800ac24                HAL_MPU_Enable
 .text.HAL_MPU_ConfigRegion
                0x0800ac64       0x80 ./Drivers/STM32H7xx_HAL_Driver/Src/stm32h7xx_hal_cortex.o
                0x0800ac64                HAL_MPU_ConfigRegion
 .text.HAL_DMA_Init
                0x0800ace4      0x6b0 ./Drivers/STM32H7xx_HAL_Driver/Src/stm32h7xx_hal_dma.o
                0x0800ace4                HAL_DMA_Init
 .text.HAL_DMA_Start_IT
                0x0800b394      0x4d4 ./Drivers/STM32H7xx_HAL_Driver/Src/stm32h7xx_hal_dma.o
                0x0800b394                HAL_DMA_Start_IT
 .text.HAL_DMA_Abort
                0x0800b868      0x63c ./Drivers/STM32H7xx_HAL_Driver/Src/stm32h7xx_hal_dma.o
                0x0800b868                HAL_DMA_Abort
 .text.HAL_DMA_Abort_IT
                0x0800bea4      0x48c ./Drivers/STM32H7xx_HAL_Driver/Src/stm32h7xx_hal_dma.o
                0x0800bea4                HAL_DMA_Abort_IT
 .text.HAL_DMA_IRQHandler
                0x0800c330      0xe54 ./Drivers/STM32H7xx_HAL_Driver/Src/stm32h7xx_hal_dma.o
                0x0800c330                HAL_DMA_IRQHandler
 .text.HAL_DMA_GetState
                0x0800d184       0x1c ./Drivers/STM32H7xx_HAL_Driver/Src/stm32h7xx_hal_dma.o
                0x0800d184                HAL_DMA_GetState
 .text.HAL_DMA_GetError
                0x0800d1a0       0x18 ./Drivers/STM32H7xx_HAL_Driver/Src/stm32h7xx_hal_dma.o
                0x0800d1a0                HAL_DMA_GetError
 .text.DMA_SetConfig
                0x0800d1b8      0x358 ./Drivers/STM32H7xx_HAL_Driver/Src/stm32h7xx_hal_dma.o
 .text.DMA_CalcBaseAndBitshift
                0x0800d510      0x164 ./Drivers/STM32H7xx_HAL_Driver/Src/stm32h7xx_hal_dma.o
 .text.DMA_CheckFifoParam
                0x0800d674       0xf8 ./Drivers/STM32H7xx_HAL_Driver/Src/stm32h7xx_hal_dma.o
 .text.DMA_CalcDMAMUXChannelBaseAndMask
                0x0800d76c      0x134 ./Drivers/STM32H7xx_HAL_Driver/Src/stm32h7xx_hal_dma.o
 .text.DMA_CalcDMAMUXRequestGenBaseAndMask
                0x0800d8a0       0xe8 ./Drivers/STM32H7xx_HAL_Driver/Src/stm32h7xx_hal_dma.o
 .text.HAL_GPIO_Init
                0x0800d988      0x350 ./Drivers/STM32H7xx_HAL_Driver/Src/stm32h7xx_hal_gpio.o
                0x0800d988                HAL_GPIO_Init
 .text.HAL_GPIO_ReadPin
                0x0800dcd8       0x30 ./Drivers/STM32H7xx_HAL_Driver/Src/stm32h7xx_hal_gpio.o
                0x0800dcd8                HAL_GPIO_ReadPin
 .text.HAL_GPIO_WritePin
                0x0800dd08       0x32 ./Drivers/STM32H7xx_HAL_Driver/Src/stm32h7xx_hal_gpio.o
                0x0800dd08                HAL_GPIO_WritePin
 .text.HAL_GPIO_EXTI_IRQHandler
                0x0800dd3a       0x34 ./Drivers/STM32H7xx_HAL_Driver/Src/stm32h7xx_hal_gpio.o
                0x0800dd3a                HAL_GPIO_EXTI_IRQHandler
 *fill*         0x0800dd6e        0x2 
 .text.HAL_I2C_Init
                0x0800dd70      0x138 ./Drivers/STM32H7xx_HAL_Driver/Src/stm32h7xx_hal_i2c.o
                0x0800dd70                HAL_I2C_Init
 .text.HAL_I2C_Mem_Write
                0x0800dea8      0x228 ./Drivers/STM32H7xx_HAL_Driver/Src/stm32h7xx_hal_i2c.o
                0x0800dea8                HAL_I2C_Mem_Write
 .text.HAL_I2C_Mem_Read
                0x0800e0d0      0x234 ./Drivers/STM32H7xx_HAL_Driver/Src/stm32h7xx_hal_i2c.o
                0x0800e0d0                HAL_I2C_Mem_Read
 .text.HAL_I2C_Mem_Write_IT
                0x0800e304      0x114 ./Drivers/STM32H7xx_HAL_Driver/Src/stm32h7xx_hal_i2c.o
                0x0800e304                HAL_I2C_Mem_Write_IT
 .text.HAL_I2C_Mem_Read_IT
                0x0800e418      0x10c ./Drivers/STM32H7xx_HAL_Driver/Src/stm32h7xx_hal_i2c.o
                0x0800e418                HAL_I2C_Mem_Read_IT
 .text.HAL_I2C_EV_IRQHandler
                0x0800e524       0x34 ./Drivers/STM32H7xx_HAL_Driver/Src/stm32h7xx_hal_i2c.o
                0x0800e524                HAL_I2C_EV_IRQHandler
 .text.HAL_I2C_MasterTxCpltCallback
                0x0800e558       0x14 ./Drivers/STM32H7xx_HAL_Driver/Src/stm32h7xx_hal_i2c.o
                0x0800e558                HAL_I2C_MasterTxCpltCallback
 .text.HAL_I2C_MasterRxCpltCallback
                0x0800e56c       0x14 ./Drivers/STM32H7xx_HAL_Driver/Src/stm32h7xx_hal_i2c.o
                0x0800e56c                HAL_I2C_MasterRxCpltCallback
 .text.HAL_I2C_SlaveTxCpltCallback
                0x0800e580       0x14 ./Drivers/STM32H7xx_HAL_Driver/Src/stm32h7xx_hal_i2c.o
                0x0800e580                HAL_I2C_SlaveTxCpltCallback
 .text.HAL_I2C_SlaveRxCpltCallback
                0x0800e594       0x14 ./Drivers/STM32H7xx_HAL_Driver/Src/stm32h7xx_hal_i2c.o
                0x0800e594                HAL_I2C_SlaveRxCpltCallback
 .text.HAL_I2C_AddrCallback
                0x0800e5a8       0x1c ./Drivers/STM32H7xx_HAL_Driver/Src/stm32h7xx_hal_i2c.o
                0x0800e5a8                HAL_I2C_AddrCallback
 .text.HAL_I2C_ListenCpltCallback
                0x0800e5c4       0x14 ./Drivers/STM32H7xx_HAL_Driver/Src/stm32h7xx_hal_i2c.o
                0x0800e5c4                HAL_I2C_ListenCpltCallback
 .text.HAL_I2C_ErrorCallback
                0x0800e5d8       0x14 ./Drivers/STM32H7xx_HAL_Driver/Src/stm32h7xx_hal_i2c.o
                0x0800e5d8                HAL_I2C_ErrorCallback
 .text.HAL_I2C_AbortCpltCallback
                0x0800e5ec       0x14 ./Drivers/STM32H7xx_HAL_Driver/Src/stm32h7xx_hal_i2c.o
                0x0800e5ec                HAL_I2C_AbortCpltCallback
 .text.I2C_Mem_ISR_IT
                0x0800e600      0x24c ./Drivers/STM32H7xx_HAL_Driver/Src/stm32h7xx_hal_i2c.o
 .text.I2C_Slave_ISR_IT
                0x0800e84c      0x1f2 ./Drivers/STM32H7xx_HAL_Driver/Src/stm32h7xx_hal_i2c.o
 .text.I2C_Master_ISR_DMA
                0x0800ea3e      0x1d6 ./Drivers/STM32H7xx_HAL_Driver/Src/stm32h7xx_hal_i2c.o
 .text.I2C_Mem_ISR_DMA
                0x0800ec14      0x24c ./Drivers/STM32H7xx_HAL_Driver/Src/stm32h7xx_hal_i2c.o
 .text.I2C_Slave_ISR_DMA
                0x0800ee60      0x3b4 ./Drivers/STM32H7xx_HAL_Driver/Src/stm32h7xx_hal_i2c.o
 .text.I2C_RequestMemoryWrite
                0x0800f214       0xa8 ./Drivers/STM32H7xx_HAL_Driver/Src/stm32h7xx_hal_i2c.o
 .text.I2C_RequestMemoryRead
                0x0800f2bc       0xa8 ./Drivers/STM32H7xx_HAL_Driver/Src/stm32h7xx_hal_i2c.o
 .text.I2C_ITAddrCplt
                0x0800f364      0x108 ./Drivers/STM32H7xx_HAL_Driver/Src/stm32h7xx_hal_i2c.o
 .text.I2C_ITMasterSeqCplt
                0x0800f46c       0x7a ./Drivers/STM32H7xx_HAL_Driver/Src/stm32h7xx_hal_i2c.o
 .text.I2C_ITSlaveSeqCplt
                0x0800f4e6       0xb8 ./Drivers/STM32H7xx_HAL_Driver/Src/stm32h7xx_hal_i2c.o
 *fill*         0x0800f59e        0x2 
 .text.I2C_ITMasterCplt
                0x0800f5a0      0x190 ./Drivers/STM32H7xx_HAL_Driver/Src/stm32h7xx_hal_i2c.o
 .text.I2C_ITSlaveCplt
                0x0800f730      0x4a8 ./Drivers/STM32H7xx_HAL_Driver/Src/stm32h7xx_hal_i2c.o
 .text.I2C_ITListenCplt
                0x0800fbd8       0xa8 ./Drivers/STM32H7xx_HAL_Driver/Src/stm32h7xx_hal_i2c.o
 .text.I2C_ITError
                0x0800fc80      0x1e0 ./Drivers/STM32H7xx_HAL_Driver/Src/stm32h7xx_hal_i2c.o
 .text.I2C_TreatErrorCallback
                0x0800fe60       0x4e ./Drivers/STM32H7xx_HAL_Driver/Src/stm32h7xx_hal_i2c.o
 .text.I2C_Flush_TXDR
                0x0800feae       0x48 ./Drivers/STM32H7xx_HAL_Driver/Src/stm32h7xx_hal_i2c.o
 .text.I2C_DMAAbort
                0x0800fef6       0x3c ./Drivers/STM32H7xx_HAL_Driver/Src/stm32h7xx_hal_i2c.o
 .text.I2C_WaitOnFlagUntilTimeout
                0x0800ff32       0xb2 ./Drivers/STM32H7xx_HAL_Driver/Src/stm32h7xx_hal_i2c.o
 .text.I2C_WaitOnTXISFlagUntilTimeout
                0x0800ffe4       0x8e ./Drivers/STM32H7xx_HAL_Driver/Src/stm32h7xx_hal_i2c.o
 .text.I2C_WaitOnSTOPFlagUntilTimeout
                0x08010072       0x86 ./Drivers/STM32H7xx_HAL_Driver/Src/stm32h7xx_hal_i2c.o
 .text.I2C_IsErrorOccurred
                0x080100f8      0x1c0 ./Drivers/STM32H7xx_HAL_Driver/Src/stm32h7xx_hal_i2c.o
 .text.I2C_TransferConfig
                0x080102b8       0x64 ./Drivers/STM32H7xx_HAL_Driver/Src/stm32h7xx_hal_i2c.o
 .text.I2C_Enable_IRQ
                0x0801031c      0x108 ./Drivers/STM32H7xx_HAL_Driver/Src/stm32h7xx_hal_i2c.o
 .text.I2C_Disable_IRQ
                0x08010424       0xbc ./Drivers/STM32H7xx_HAL_Driver/Src/stm32h7xx_hal_i2c.o
 .text.HAL_I2CEx_ConfigAnalogFilter
                0x080104e0       0x96 ./Drivers/STM32H7xx_HAL_Driver/Src/stm32h7xx_hal_i2c_ex.o
                0x080104e0                HAL_I2CEx_ConfigAnalogFilter
 .text.HAL_I2CEx_ConfigDigitalFilter
                0x08010576       0x98 ./Drivers/STM32H7xx_HAL_Driver/Src/stm32h7xx_hal_i2c_ex.o
                0x08010576                HAL_I2CEx_ConfigDigitalFilter
 *fill*         0x0801060e        0x2 
 .text.HAL_I2CEx_EnableFastModePlus
                0x08010610       0x48 ./Drivers/STM32H7xx_HAL_Driver/Src/stm32h7xx_hal_i2c_ex.o
                0x08010610                HAL_I2CEx_EnableFastModePlus
 .text.HAL_PWREx_ConfigSupply
                0x08010658       0x74 ./Drivers/STM32H7xx_HAL_Driver/Src/stm32h7xx_hal_pwr_ex.o
                0x08010658                HAL_PWREx_ConfigSupply
 .text.HAL_RCC_OscConfig
                0x080106cc      0x7b4 ./Drivers/STM32H7xx_HAL_Driver/Src/stm32h7xx_hal_rcc.o
                0x080106cc                HAL_RCC_OscConfig
 .text.HAL_RCC_ClockConfig
                0x08010e80      0x36c ./Drivers/STM32H7xx_HAL_Driver/Src/stm32h7xx_hal_rcc.o
                0x08010e80                HAL_RCC_ClockConfig
 .text.HAL_RCC_GetSysClockFreq
                0x080111ec      0x2f4 ./Drivers/STM32H7xx_HAL_Driver/Src/stm32h7xx_hal_rcc.o
                0x080111ec                HAL_RCC_GetSysClockFreq
 .text.HAL_RCC_GetHCLKFreq
                0x080114e0       0x60 ./Drivers/STM32H7xx_HAL_Driver/Src/stm32h7xx_hal_rcc.o
                0x080114e0                HAL_RCC_GetHCLKFreq
 .text.HAL_RCC_GetPCLK1Freq
                0x08011540       0x2c ./Drivers/STM32H7xx_HAL_Driver/Src/stm32h7xx_hal_rcc.o
                0x08011540                HAL_RCC_GetPCLK1Freq
 .text.HAL_RCC_GetPCLK2Freq
                0x0801156c       0x2c ./Drivers/STM32H7xx_HAL_Driver/Src/stm32h7xx_hal_rcc.o
                0x0801156c                HAL_RCC_GetPCLK2Freq
 .text.HAL_RCCEx_PeriphCLKConfig
                0x08011598     0x1340 ./Drivers/STM32H7xx_HAL_Driver/Src/stm32h7xx_hal_rcc_ex.o
                0x08011598                HAL_RCCEx_PeriphCLKConfig
 .text.HAL_RCCEx_GetPeriphCLKFreq
                0x080128d8      0x9a4 ./Drivers/STM32H7xx_HAL_Driver/Src/stm32h7xx_hal_rcc_ex.o
                0x080128d8                HAL_RCCEx_GetPeriphCLKFreq
 .text.HAL_RCCEx_GetD3PCLK1Freq
                0x0801327c       0x2c ./Drivers/STM32H7xx_HAL_Driver/Src/stm32h7xx_hal_rcc_ex.o
                0x0801327c                HAL_RCCEx_GetD3PCLK1Freq
 .text.HAL_RCCEx_GetPLL2ClockFreq
                0x080132a8      0x2a8 ./Drivers/STM32H7xx_HAL_Driver/Src/stm32h7xx_hal_rcc_ex.o
                0x080132a8                HAL_RCCEx_GetPLL2ClockFreq
 .text.HAL_RCCEx_GetPLL3ClockFreq
                0x08013550      0x2a8 ./Drivers/STM32H7xx_HAL_Driver/Src/stm32h7xx_hal_rcc_ex.o
                0x08013550                HAL_RCCEx_GetPLL3ClockFreq
 .text.HAL_RCCEx_GetPLL1ClockFreq
                0x080137f8      0x2a4 ./Drivers/STM32H7xx_HAL_Driver/Src/stm32h7xx_hal_rcc_ex.o
                0x080137f8                HAL_RCCEx_GetPLL1ClockFreq
 .text.RCCEx_PLL2_Config
                0x08013a9c      0x164 ./Drivers/STM32H7xx_HAL_Driver/Src/stm32h7xx_hal_rcc_ex.o
 .text.RCCEx_PLL3_Config
                0x08013c00      0x164 ./Drivers/STM32H7xx_HAL_Driver/Src/stm32h7xx_hal_rcc_ex.o
 .text.HAL_SPI_Init
                0x08013d64      0x248 ./Drivers/STM32H7xx_HAL_Driver/Src/stm32h7xx_hal_spi.o
                0x08013d64                HAL_SPI_Init
 .text.HAL_SPI_Transmit
                0x08013fac      0x3dc ./Drivers/STM32H7xx_HAL_Driver/Src/stm32h7xx_hal_spi.o
                0x08013fac                HAL_SPI_Transmit
 .text.HAL_SPI_Receive
                0x08014388      0x4e4 ./Drivers/STM32H7xx_HAL_Driver/Src/stm32h7xx_hal_spi.o
                0x08014388                HAL_SPI_Receive
 .text.HAL_SPI_TransmitReceive
                0x0801486c      0x674 ./Drivers/STM32H7xx_HAL_Driver/Src/stm32h7xx_hal_spi.o
                0x0801486c                HAL_SPI_TransmitReceive
 .text.HAL_SPI_Transmit_IT
                0x08014ee0      0x154 ./Drivers/STM32H7xx_HAL_Driver/Src/stm32h7xx_hal_spi.o
                0x08014ee0                HAL_SPI_Transmit_IT
 .text.HAL_SPI_Receive_IT
                0x08015034      0x154 ./Drivers/STM32H7xx_HAL_Driver/Src/stm32h7xx_hal_spi.o
                0x08015034                HAL_SPI_Receive_IT
 .text.HAL_SPI_Transmit_DMA
                0x08015188      0x284 ./Drivers/STM32H7xx_HAL_Driver/Src/stm32h7xx_hal_spi.o
                0x08015188                HAL_SPI_Transmit_DMA
 .text.HAL_SPI_IRQHandler
                0x0801540c      0x39c ./Drivers/STM32H7xx_HAL_Driver/Src/stm32h7xx_hal_spi.o
                0x0801540c                HAL_SPI_IRQHandler
 .text.HAL_SPI_TxRxCpltCallback
                0x080157a8       0x14 ./Drivers/STM32H7xx_HAL_Driver/Src/stm32h7xx_hal_spi.o
                0x080157a8                HAL_SPI_TxRxCpltCallback
 .text.HAL_SPI_TxHalfCpltCallback
                0x080157bc       0x14 ./Drivers/STM32H7xx_HAL_Driver/Src/stm32h7xx_hal_spi.o
                0x080157bc                HAL_SPI_TxHalfCpltCallback
 .text.HAL_SPI_ErrorCallback
                0x080157d0       0x14 ./Drivers/STM32H7xx_HAL_Driver/Src/stm32h7xx_hal_spi.o
                0x080157d0                HAL_SPI_ErrorCallback
 .text.HAL_SPI_SuspendCallback
                0x080157e4       0x14 ./Drivers/STM32H7xx_HAL_Driver/Src/stm32h7xx_hal_spi.o
                0x080157e4                HAL_SPI_SuspendCallback
 .text.SPI_DMATransmitCplt
                0x080157f8       0x46 ./Drivers/STM32H7xx_HAL_Driver/Src/stm32h7xx_hal_spi.o
 .text.SPI_DMAHalfTransmitCplt
                0x0801583e       0x1c ./Drivers/STM32H7xx_HAL_Driver/Src/stm32h7xx_hal_spi.o
 .text.SPI_DMAError
                0x0801585a       0x46 ./Drivers/STM32H7xx_HAL_Driver/Src/stm32h7xx_hal_spi.o
 .text.SPI_DMAAbortOnError
                0x080158a0       0x34 ./Drivers/STM32H7xx_HAL_Driver/Src/stm32h7xx_hal_spi.o
 .text.SPI_RxISR_8BIT
                0x080158d4       0x5e ./Drivers/STM32H7xx_HAL_Driver/Src/stm32h7xx_hal_spi.o
 .text.SPI_RxISR_16BIT
                0x08015932       0x60 ./Drivers/STM32H7xx_HAL_Driver/Src/stm32h7xx_hal_spi.o
 .text.SPI_RxISR_32BIT
                0x08015992       0x58 ./Drivers/STM32H7xx_HAL_Driver/Src/stm32h7xx_hal_spi.o
 .text.SPI_TxISR_8BIT
                0x080159ea       0x5a ./Drivers/STM32H7xx_HAL_Driver/Src/stm32h7xx_hal_spi.o
 .text.SPI_TxISR_16BIT
                0x08015a44       0x5e ./Drivers/STM32H7xx_HAL_Driver/Src/stm32h7xx_hal_spi.o
 .text.SPI_TxISR_32BIT
                0x08015aa2       0x58 ./Drivers/STM32H7xx_HAL_Driver/Src/stm32h7xx_hal_spi.o
 *fill*         0x08015afa        0x2 
 .text.SPI_CloseTransfer
                0x08015afc      0x140 ./Drivers/STM32H7xx_HAL_Driver/Src/stm32h7xx_hal_spi.o
 .text.SPI_WaitOnFlagUntilTimeout
                0x08015c3c       0x5c ./Drivers/STM32H7xx_HAL_Driver/Src/stm32h7xx_hal_spi.o
 .text.SPI_GetPacketSize
                0x08015c98       0x36 ./Drivers/STM32H7xx_HAL_Driver/Src/stm32h7xx_hal_spi.o
 .text.HAL_TIM_Base_Init
                0x08015cce       0xae ./Drivers/STM32H7xx_HAL_Driver/Src/stm32h7xx_hal_tim.o
                0x08015cce                HAL_TIM_Base_Init
 .text.HAL_TIM_Base_Start
                0x08015d7c       0xfc ./Drivers/STM32H7xx_HAL_Driver/Src/stm32h7xx_hal_tim.o
                0x08015d7c                HAL_TIM_Base_Start
 .text.HAL_TIM_Base_Start_IT
                0x08015e78      0x10c ./Drivers/STM32H7xx_HAL_Driver/Src/stm32h7xx_hal_tim.o
                0x08015e78                HAL_TIM_Base_Start_IT
 .text.HAL_TIM_Base_Stop_IT
                0x08015f84       0x5e ./Drivers/STM32H7xx_HAL_Driver/Src/stm32h7xx_hal_tim.o
                0x08015f84                HAL_TIM_Base_Stop_IT
 .text.HAL_TIM_OC_Init
                0x08015fe2       0xae ./Drivers/STM32H7xx_HAL_Driver/Src/stm32h7xx_hal_tim.o
                0x08015fe2                HAL_TIM_OC_Init
 .text.HAL_TIM_PWM_Init
                0x08016090       0xae ./Drivers/STM32H7xx_HAL_Driver/Src/stm32h7xx_hal_tim.o
                0x08016090                HAL_TIM_PWM_Init
 *fill*         0x0801613e        0x2 
 .text.HAL_TIM_PWM_Start
                0x08016140      0x238 ./Drivers/STM32H7xx_HAL_Driver/Src/stm32h7xx_hal_tim.o
                0x08016140                HAL_TIM_PWM_Start
 .text.HAL_TIM_IC_Init
                0x08016378       0xae ./Drivers/STM32H7xx_HAL_Driver/Src/stm32h7xx_hal_tim.o
                0x08016378                HAL_TIM_IC_Init
 .text.HAL_TIM_IRQHandler
                0x08016426      0x20e ./Drivers/STM32H7xx_HAL_Driver/Src/stm32h7xx_hal_tim.o
                0x08016426                HAL_TIM_IRQHandler
 .text.HAL_TIM_OC_ConfigChannel
                0x08016634       0xf4 ./Drivers/STM32H7xx_HAL_Driver/Src/stm32h7xx_hal_tim.o
                0x08016634                HAL_TIM_OC_ConfigChannel
 .text.HAL_TIM_IC_ConfigChannel
                0x08016728      0x138 ./Drivers/STM32H7xx_HAL_Driver/Src/stm32h7xx_hal_tim.o
                0x08016728                HAL_TIM_IC_ConfigChannel
 .text.HAL_TIM_PWM_ConfigChannel
                0x08016860      0x228 ./Drivers/STM32H7xx_HAL_Driver/Src/stm32h7xx_hal_tim.o
                0x08016860                HAL_TIM_PWM_ConfigChannel
 .text.HAL_TIM_ConfigClockSource
                0x08016a88      0x1f0 ./Drivers/STM32H7xx_HAL_Driver/Src/stm32h7xx_hal_tim.o
                0x08016a88                HAL_TIM_ConfigClockSource
 .text.HAL_TIM_OC_DelayElapsedCallback
                0x08016c78       0x14 ./Drivers/STM32H7xx_HAL_Driver/Src/stm32h7xx_hal_tim.o
                0x08016c78                HAL_TIM_OC_DelayElapsedCallback
 .text.HAL_TIM_IC_CaptureCallback
                0x08016c8c       0x14 ./Drivers/STM32H7xx_HAL_Driver/Src/stm32h7xx_hal_tim.o
                0x08016c8c                HAL_TIM_IC_CaptureCallback
 .text.HAL_TIM_PWM_PulseFinishedCallback
                0x08016ca0       0x14 ./Drivers/STM32H7xx_HAL_Driver/Src/stm32h7xx_hal_tim.o
                0x08016ca0                HAL_TIM_PWM_PulseFinishedCallback
 .text.HAL_TIM_TriggerCallback
                0x08016cb4       0x14 ./Drivers/STM32H7xx_HAL_Driver/Src/stm32h7xx_hal_tim.o
                0x08016cb4                HAL_TIM_TriggerCallback
 .text.TIM_Base_SetConfig
                0x08016cc8      0x158 ./Drivers/STM32H7xx_HAL_Driver/Src/stm32h7xx_hal_tim.o
                0x08016cc8                TIM_Base_SetConfig
 .text.TIM_OC1_SetConfig
                0x08016e20      0x120 ./Drivers/STM32H7xx_HAL_Driver/Src/stm32h7xx_hal_tim.o
 .text.TIM_OC2_SetConfig
                0x08016f40      0x114 ./Drivers/STM32H7xx_HAL_Driver/Src/stm32h7xx_hal_tim.o
                0x08016f40                TIM_OC2_SetConfig
 .text.TIM_OC3_SetConfig
                0x08017054      0x110 ./Drivers/STM32H7xx_HAL_Driver/Src/stm32h7xx_hal_tim.o
 .text.TIM_OC4_SetConfig
                0x08017164       0xd4 ./Drivers/STM32H7xx_HAL_Driver/Src/stm32h7xx_hal_tim.o
 .text.TIM_OC5_SetConfig
                0x08017238       0xc8 ./Drivers/STM32H7xx_HAL_Driver/Src/stm32h7xx_hal_tim.o
 .text.TIM_OC6_SetConfig
                0x08017300       0xcc ./Drivers/STM32H7xx_HAL_Driver/Src/stm32h7xx_hal_tim.o
 .text.TIM_TI1_SetConfig
                0x080173cc      0x100 ./Drivers/STM32H7xx_HAL_Driver/Src/stm32h7xx_hal_tim.o
                0x080173cc                TIM_TI1_SetConfig
 .text.TIM_TI1_ConfigInputStage
                0x080174cc       0x5e ./Drivers/STM32H7xx_HAL_Driver/Src/stm32h7xx_hal_tim.o
 .text.TIM_TI2_SetConfig
                0x0801752a       0x7a ./Drivers/STM32H7xx_HAL_Driver/Src/stm32h7xx_hal_tim.o
 .text.TIM_TI2_ConfigInputStage
                0x080175a4       0x60 ./Drivers/STM32H7xx_HAL_Driver/Src/stm32h7xx_hal_tim.o
 .text.TIM_TI3_SetConfig
                0x08017604       0x78 ./Drivers/STM32H7xx_HAL_Driver/Src/stm32h7xx_hal_tim.o
 .text.TIM_TI4_SetConfig
                0x0801767c       0x7a ./Drivers/STM32H7xx_HAL_Driver/Src/stm32h7xx_hal_tim.o
 *fill*         0x080176f6        0x2 
 .text.TIM_ITRx_SetConfig
                0x080176f8       0x3c ./Drivers/STM32H7xx_HAL_Driver/Src/stm32h7xx_hal_tim.o
 .text.TIM_ETR_SetConfig
                0x08017734       0x40 ./Drivers/STM32H7xx_HAL_Driver/Src/stm32h7xx_hal_tim.o
                0x08017734                TIM_ETR_SetConfig
 .text.TIM_CCxChannelCmd
                0x08017774       0x4a ./Drivers/STM32H7xx_HAL_Driver/Src/stm32h7xx_hal_tim.o
                0x08017774                TIM_CCxChannelCmd
 *fill*         0x080177be        0x2 
 .text.HAL_TIMEx_MasterConfigSynchronization
                0x080177c0      0x138 ./Drivers/STM32H7xx_HAL_Driver/Src/stm32h7xx_hal_tim_ex.o
                0x080177c0                HAL_TIMEx_MasterConfigSynchronization
 .text.HAL_TIMEx_ConfigBreakDeadTime
                0x080178f8      0x118 ./Drivers/STM32H7xx_HAL_Driver/Src/stm32h7xx_hal_tim_ex.o
                0x080178f8                HAL_TIMEx_ConfigBreakDeadTime
 .text.HAL_TIMEx_CommutCallback
                0x08017a10       0x14 ./Drivers/STM32H7xx_HAL_Driver/Src/stm32h7xx_hal_tim_ex.o
                0x08017a10                HAL_TIMEx_CommutCallback
 .text.HAL_TIMEx_BreakCallback
                0x08017a24       0x14 ./Drivers/STM32H7xx_HAL_Driver/Src/stm32h7xx_hal_tim_ex.o
                0x08017a24                HAL_TIMEx_BreakCallback
 .text.HAL_TIMEx_Break2Callback
                0x08017a38       0x14 ./Drivers/STM32H7xx_HAL_Driver/Src/stm32h7xx_hal_tim_ex.o
                0x08017a38                HAL_TIMEx_Break2Callback
 .text.HAL_UART_Init
                0x08017a4c       0xa0 ./Drivers/STM32H7xx_HAL_Driver/Src/stm32h7xx_hal_uart.o
                0x08017a4c                HAL_UART_Init
 .text.HAL_UART_Transmit
                0x08017aec      0x11c ./Drivers/STM32H7xx_HAL_Driver/Src/stm32h7xx_hal_uart.o
                0x08017aec                HAL_UART_Transmit
 .text.HAL_UART_Transmit_IT
                0x08017c08      0x128 ./Drivers/STM32H7xx_HAL_Driver/Src/stm32h7xx_hal_uart.o
                0x08017c08                HAL_UART_Transmit_IT
 .text.HAL_UART_Receive_IT
                0x08017d30       0x98 ./Drivers/STM32H7xx_HAL_Driver/Src/stm32h7xx_hal_uart.o
                0x08017d30                HAL_UART_Receive_IT
 .text.HAL_UART_IRQHandler
                0x08017dc8      0x7ac ./Drivers/STM32H7xx_HAL_Driver/Src/stm32h7xx_hal_uart.o
                0x08017dc8                HAL_UART_IRQHandler
 .text.HAL_UART_TxCpltCallback
                0x08018574       0x14 ./Drivers/STM32H7xx_HAL_Driver/Src/stm32h7xx_hal_uart.o
                0x08018574                HAL_UART_TxCpltCallback
 .text.HAL_UART_ErrorCallback
                0x08018588       0x14 ./Drivers/STM32H7xx_HAL_Driver/Src/stm32h7xx_hal_uart.o
                0x08018588                HAL_UART_ErrorCallback
 .text.HAL_UARTEx_RxEventCallback
                0x0801859c       0x18 ./Drivers/STM32H7xx_HAL_Driver/Src/stm32h7xx_hal_uart.o
                0x0801859c                HAL_UARTEx_RxEventCallback
 .text.UART_SetConfig
                0x080185b4      0xcd8 ./Drivers/STM32H7xx_HAL_Driver/Src/stm32h7xx_hal_uart.o
                0x080185b4                UART_SetConfig
 .text.UART_AdvFeatureConfig
                0x0801928c      0x144 ./Drivers/STM32H7xx_HAL_Driver/Src/stm32h7xx_hal_uart.o
                0x0801928c                UART_AdvFeatureConfig
 .text.UART_CheckIdleState
                0x080193d0      0x154 ./Drivers/STM32H7xx_HAL_Driver/Src/stm32h7xx_hal_uart.o
                0x080193d0                UART_CheckIdleState
 .text.UART_WaitOnFlagUntilTimeout
                0x08019524       0xda ./Drivers/STM32H7xx_HAL_Driver/Src/stm32h7xx_hal_uart.o
                0x08019524                UART_WaitOnFlagUntilTimeout
 *fill*         0x080195fe        0x2 
 .text.UART_Start_Receive_IT
                0x08019600      0x244 ./Drivers/STM32H7xx_HAL_Driver/Src/stm32h7xx_hal_uart.o
                0x08019600                UART_Start_Receive_IT
 .text.UART_EndRxTransfer
                0x08019844       0xcc ./Drivers/STM32H7xx_HAL_Driver/Src/stm32h7xx_hal_uart.o
 .text.UART_DMAAbortOnError
                0x08019910       0x24 ./Drivers/STM32H7xx_HAL_Driver/Src/stm32h7xx_hal_uart.o
 .text.UART_TxISR_8BIT
                0x08019934       0xb8 ./Drivers/STM32H7xx_HAL_Driver/Src/stm32h7xx_hal_uart.o
 .text.UART_TxISR_16BIT
                0x080199ec       0xc2 ./Drivers/STM32H7xx_HAL_Driver/Src/stm32h7xx_hal_uart.o
 .text.UART_TxISR_8BIT_FIFOEN
                0x08019aae       0xe0 ./Drivers/STM32H7xx_HAL_Driver/Src/stm32h7xx_hal_uart.o
 .text.UART_TxISR_16BIT_FIFOEN
                0x08019b8e       0xea ./Drivers/STM32H7xx_HAL_Driver/Src/stm32h7xx_hal_uart.o
 .text.UART_EndTransmit_IT
                0x08019c78       0x56 ./Drivers/STM32H7xx_HAL_Driver/Src/stm32h7xx_hal_uart.o
 *fill*         0x08019cce        0x2 
 .text.UART_RxISR_8BIT
                0x08019cd0      0x1b8 ./Drivers/STM32H7xx_HAL_Driver/Src/stm32h7xx_hal_uart.o
 .text.UART_RxISR_16BIT
                0x08019e88      0x1b8 ./Drivers/STM32H7xx_HAL_Driver/Src/stm32h7xx_hal_uart.o
 .text.UART_RxISR_8BIT_FIFOEN
                0x0801a040      0x364 ./Drivers/STM32H7xx_HAL_Driver/Src/stm32h7xx_hal_uart.o
 .text.UART_RxISR_16BIT_FIFOEN
                0x0801a3a4      0x36c ./Drivers/STM32H7xx_HAL_Driver/Src/stm32h7xx_hal_uart.o
 .text.HAL_UARTEx_WakeupCallback
                0x0801a710       0x14 ./Drivers/STM32H7xx_HAL_Driver/Src/stm32h7xx_hal_uart_ex.o
                0x0801a710                HAL_UARTEx_WakeupCallback
 .text.HAL_UARTEx_RxFifoFullCallback
                0x0801a724       0x14 ./Drivers/STM32H7xx_HAL_Driver/Src/stm32h7xx_hal_uart_ex.o
                0x0801a724                HAL_UARTEx_RxFifoFullCallback
 .text.HAL_UARTEx_TxFifoEmptyCallback
                0x0801a738       0x14 ./Drivers/STM32H7xx_HAL_Driver/Src/stm32h7xx_hal_uart_ex.o
                0x0801a738                HAL_UARTEx_TxFifoEmptyCallback
 .text.HAL_UARTEx_DisableFifoMode
                0x0801a74c       0x72 ./Drivers/STM32H7xx_HAL_Driver/Src/stm32h7xx_hal_uart_ex.o
                0x0801a74c                HAL_UARTEx_DisableFifoMode
 .text.HAL_UARTEx_SetTxFifoThreshold
                0x0801a7be       0x7c ./Drivers/STM32H7xx_HAL_Driver/Src/stm32h7xx_hal_uart_ex.o
                0x0801a7be                HAL_UARTEx_SetTxFifoThreshold
 .text.HAL_UARTEx_SetRxFifoThreshold
                0x0801a83a       0x7c ./Drivers/STM32H7xx_HAL_Driver/Src/stm32h7xx_hal_uart_ex.o
                0x0801a83a                HAL_UARTEx_SetRxFifoThreshold
 *fill*         0x0801a8b6        0x2 
 .text.UARTEx_SetNbDataToProcess
                0x0801a8b8       0x9c ./Drivers/STM32H7xx_HAL_Driver/Src/stm32h7xx_hal_uart_ex.o
 .text.MX_FATFS_Init
                0x0801a954       0x24 ./FATFS/App/fatfs.o
                0x0801a954                MX_FATFS_Init
 .text.get_fattime
                0x0801a978       0x10 ./FATFS/App/fatfs.o
                0x0801a978                get_fattime
 .text.USER_initialize
                0x0801a988       0x1c ./FATFS/Target/user_diskio.o
                0x0801a988                USER_initialize
 .text.USER_status
                0x0801a9a4       0x1c ./FATFS/Target/user_diskio.o
                0x0801a9a4                USER_status
 .text.USER_read
                0x0801a9c0       0x26 ./FATFS/Target/user_diskio.o
                0x0801a9c0                USER_read
 .text.USER_write
                0x0801a9e6       0x26 ./FATFS/Target/user_diskio.o
                0x0801a9e6                USER_write
 .text.USER_ioctl
                0x0801aa0c       0x26 ./FATFS/Target/user_diskio.o
                0x0801aa0c                USER_ioctl
 *fill*         0x0801aa32        0x2 
 .text.disk_status
                0x0801aa34       0x34 ./Middlewares/Third_Party/FatFs/src/diskio.o
                0x0801aa34                disk_status
 .text.disk_initialize
                0x0801aa68       0x50 ./Middlewares/Third_Party/FatFs/src/diskio.o
                0x0801aa68                disk_initialize
 .text.disk_read
                0x0801aab8       0x40 ./Middlewares/Third_Party/FatFs/src/diskio.o
                0x0801aab8                disk_read
 .text.disk_write
                0x0801aaf8       0x40 ./Middlewares/Third_Party/FatFs/src/diskio.o
                0x0801aaf8                disk_write
 .text.disk_ioctl
                0x0801ab38       0x3c ./Middlewares/Third_Party/FatFs/src/diskio.o
                0x0801ab38                disk_ioctl
 .text.ld_word  0x0801ab74       0x30 ./Middlewares/Third_Party/FatFs/src/ff.o
 .text.ld_dword
                0x0801aba4       0x46 ./Middlewares/Third_Party/FatFs/src/ff.o
 .text.st_word  0x0801abea       0x36 ./Middlewares/Third_Party/FatFs/src/ff.o
 .text.st_dword
                0x0801ac20       0x58 ./Middlewares/Third_Party/FatFs/src/ff.o
 .text.mem_cpy  0x0801ac78       0x42 ./Middlewares/Third_Party/FatFs/src/ff.o
 .text.mem_set  0x0801acba       0x36 ./Middlewares/Third_Party/FatFs/src/ff.o
 .text.mem_cmp  0x0801acf0       0x4e ./Middlewares/Third_Party/FatFs/src/ff.o
 .text.chk_chr  0x0801ad3e       0x36 ./Middlewares/Third_Party/FatFs/src/ff.o
 .text.chk_lock
                0x0801ad74       0xb8 ./Middlewares/Third_Party/FatFs/src/ff.o
 .text.enq_lock
                0x0801ae2c       0x44 ./Middlewares/Third_Party/FatFs/src/ff.o
 .text.inc_lock
                0x0801ae70      0x11c ./Middlewares/Third_Party/FatFs/src/ff.o
 .text.dec_lock
                0x0801af8c       0x78 ./Middlewares/Third_Party/FatFs/src/ff.o
 .text.clear_lock
                0x0801b004       0x48 ./Middlewares/Third_Party/FatFs/src/ff.o
 .text.sync_window
                0x0801b04c       0x88 ./Middlewares/Third_Party/FatFs/src/ff.o
 .text.move_window
                0x0801b0d4       0x5a ./Middlewares/Third_Party/FatFs/src/ff.o
 *fill*         0x0801b12e        0x2 
 .text.sync_fs  0x0801b130       0xe0 ./Middlewares/Third_Party/FatFs/src/ff.o
 .text.clust2sect
                0x0801b210       0x3e ./Middlewares/Third_Party/FatFs/src/ff.o
 .text.get_fat  0x0801b24e      0x1a6 ./Middlewares/Third_Party/FatFs/src/ff.o
 .text.put_fat  0x0801b3f4      0x234 ./Middlewares/Third_Party/FatFs/src/ff.o
 .text.remove_chain
                0x0801b628       0xca ./Middlewares/Third_Party/FatFs/src/ff.o
 .text.create_chain
                0x0801b6f2      0x130 ./Middlewares/Third_Party/FatFs/src/ff.o
 .text.clmt_clust
                0x0801b822       0x70 ./Middlewares/Third_Party/FatFs/src/ff.o
 .text.dir_sdi  0x0801b892      0x112 ./Middlewares/Third_Party/FatFs/src/ff.o
 .text.dir_next
                0x0801b9a4      0x1ac ./Middlewares/Third_Party/FatFs/src/ff.o
 .text.dir_alloc
                0x0801bb50       0x8e ./Middlewares/Third_Party/FatFs/src/ff.o
 .text.ld_clust
                0x0801bbde       0x3e ./Middlewares/Third_Party/FatFs/src/ff.o
 .text.st_clust
                0x0801bc1c       0x40 ./Middlewares/Third_Party/FatFs/src/ff.o
 .text.cmp_lfn  0x0801bc5c       0xe0 ./Middlewares/Third_Party/FatFs/src/ff.o
 .text.pick_lfn
                0x0801bd3c       0xc8 ./Middlewares/Third_Party/FatFs/src/ff.o
 .text.put_lfn  0x0801be04       0xd0 ./Middlewares/Third_Party/FatFs/src/ff.o
 .text.gen_numname
                0x0801bed4      0x11c ./Middlewares/Third_Party/FatFs/src/ff.o
 .text.sum_sfn  0x0801bff0       0x42 ./Middlewares/Third_Party/FatFs/src/ff.o
 .text.dir_read
                0x0801c032      0x14e ./Middlewares/Third_Party/FatFs/src/ff.o
 .text.dir_find
                0x0801c180      0x180 ./Middlewares/Third_Party/FatFs/src/ff.o
 .text.dir_register
                0x0801c300      0x1f0 ./Middlewares/Third_Party/FatFs/src/ff.o
 .text.dir_remove
                0x0801c4f0       0x94 ./Middlewares/Third_Party/FatFs/src/ff.o
 .text.create_name
                0x0801c584      0x370 ./Middlewares/Third_Party/FatFs/src/ff.o
 .text.follow_path
                0x0801c8f4       0xec ./Middlewares/Third_Party/FatFs/src/ff.o
 .text.get_ldnumber
                0x0801c9e0       0x88 ./Middlewares/Third_Party/FatFs/src/ff.o
 .text.check_fs
                0x0801ca68       0xac ./Middlewares/Third_Party/FatFs/src/ff.o
 .text.find_volume
                0x0801cb14      0x50c ./Middlewares/Third_Party/FatFs/src/ff.o
 .text.validate
                0x0801d020       0x6a ./Middlewares/Third_Party/FatFs/src/ff.o
 *fill*         0x0801d08a        0x2 
 .text.f_mount  0x0801d08c       0x8c ./Middlewares/Third_Party/FatFs/src/ff.o
                0x0801d08c                f_mount
 .text.f_open   0x0801d118      0x390 ./Middlewares/Third_Party/FatFs/src/ff.o
                0x0801d118                f_open
 .text.f_write  0x0801d4a8      0x328 ./Middlewares/Third_Party/FatFs/src/ff.o
                0x0801d4a8                f_write
 .text.f_sync   0x0801d7d0       0xfc ./Middlewares/Third_Party/FatFs/src/ff.o
                0x0801d7d0                f_sync
 .text.f_close  0x0801d8cc       0x54 ./Middlewares/Third_Party/FatFs/src/ff.o
                0x0801d8cc                f_close
 .text.f_unlink
                0x0801d920      0x156 ./Middlewares/Third_Party/FatFs/src/ff.o
                0x0801d920                f_unlink
 *fill*         0x0801da76        0x2 
 .text.FATFS_LinkDriverEx
                0x0801da78       0x98 ./Middlewares/Third_Party/FatFs/src/ff_gen_drv.o
                0x0801da78                FATFS_LinkDriverEx
 .text.FATFS_LinkDriver
                0x0801db10       0x1e ./Middlewares/Third_Party/FatFs/src/ff_gen_drv.o
                0x0801db10                FATFS_LinkDriver
 *fill*         0x0801db2e        0x2 
 .text.ff_convert
                0x0801db30       0x78 ./Middlewares/Third_Party/FatFs/src/option/ccsbcs.o
                0x0801db30                ff_convert
 .text.ff_wtoupper
                0x0801dba8      0x114 ./Middlewares/Third_Party/FatFs/src/option/ccsbcs.o
                0x0801dba8                ff_wtoupper
 .text.memset   0x0801dcbc       0x10 C:/ST/STM32CubeIDE_1.11.2/STM32CubeIDE/plugins/com.st.stm32cube.ide.mcu.externaltools.gnu-tools-for-stm32.12.3.rel1.win32_1.1.0.202410251130/tools/bin/../lib/gcc/arm-none-eabi/12.3.1/../../../../arm-none-eabi/lib/thumb/v7e-m+dp/hard\libc_nano.a(libc_a-memset.o)
                0x0801dcbc                memset
 .text.__errno  0x0801dccc        0xc C:/ST/STM32CubeIDE_1.11.2/STM32CubeIDE/plugins/com.st.stm32cube.ide.mcu.externaltools.gnu-tools-for-stm32.12.3.rel1.win32_1.1.0.202410251130/tools/bin/../lib/gcc/arm-none-eabi/12.3.1/../../../../arm-none-eabi/lib/thumb/v7e-m+dp/hard\libc_nano.a(libc_a-errno.o)
                0x0801dccc                __errno
 .text.__libc_init_array
                0x0801dcd8       0x48 C:/ST/STM32CubeIDE_1.11.2/STM32CubeIDE/plugins/com.st.stm32cube.ide.mcu.externaltools.gnu-tools-for-stm32.12.3.rel1.win32_1.1.0.202410251130/tools/bin/../lib/gcc/arm-none-eabi/12.3.1/../../../../arm-none-eabi/lib/thumb/v7e-m+dp/hard\libc_nano.a(libc_a-init.o)
                0x0801dcd8                __libc_init_array
 .text.memcpy   0x0801dd20       0x1c C:/ST/STM32CubeIDE_1.11.2/STM32CubeIDE/plugins/com.st.stm32cube.ide.mcu.externaltools.gnu-tools-for-stm32.12.3.rel1.win32_1.1.0.202410251130/tools/bin/../lib/gcc/arm-none-eabi/12.3.1/../../../../arm-none-eabi/lib/thumb/v7e-m+dp/hard\libc_nano.a(libc_a-memcpy-stub.o)
                0x0801dd20                memcpy
 .text.atan2    0x0801dd3c        0x4 C:/ST/STM32CubeIDE_1.11.2/STM32CubeIDE/plugins/com.st.stm32cube.ide.mcu.externaltools.gnu-tools-for-stm32.12.3.rel1.win32_1.1.0.202410251130/tools/bin/../lib/gcc/arm-none-eabi/12.3.1/../../../../arm-none-eabi/lib/thumb/v7e-m+dp/hard\libm.a(libm_a-w_atan2.o)
                0x0801dd3c                atan2
 .text.sqrt     0x0801dd40       0x40 C:/ST/STM32CubeIDE_1.11.2/STM32CubeIDE/plugins/com.st.stm32cube.ide.mcu.externaltools.gnu-tools-for-stm32.12.3.rel1.win32_1.1.0.202410251130/tools/bin/../lib/gcc/arm-none-eabi/12.3.1/../../../../arm-none-eabi/lib/thumb/v7e-m+dp/hard\libm.a(libm_a-w_sqrt.o)
                0x0801dd40                sqrt
 .text.atan     0x0801dd80      0x1f4 C:/ST/STM32CubeIDE_1.11.2/STM32CubeIDE/plugins/com.st.stm32cube.ide.mcu.externaltools.gnu-tools-for-stm32.12.3.rel1.win32_1.1.0.202410251130/tools/bin/../lib/gcc/arm-none-eabi/12.3.1/../../../../arm-none-eabi/lib/thumb/v7e-m+dp/hard\libm.a(libm_a-s_atan.o)
                0x0801dd80                atan
 .text.fabs     0x0801df74       0x10 C:/ST/STM32CubeIDE_1.11.2/STM32CubeIDE/plugins/com.st.stm32cube.ide.mcu.externaltools.gnu-tools-for-stm32.12.3.rel1.win32_1.1.0.202410251130/tools/bin/../lib/gcc/arm-none-eabi/12.3.1/../../../../arm-none-eabi/lib/thumb/v7e-m+dp/hard\libm.a(libm_a-s_fabs.o)
                0x0801df74                fabs
 .text.checkint
                0x0801df84       0x68 C:/ST/STM32CubeIDE_1.11.2/STM32CubeIDE/plugins/com.st.stm32cube.ide.mcu.externaltools.gnu-tools-for-stm32.12.3.rel1.win32_1.1.0.202410251130/tools/bin/../lib/gcc/arm-none-eabi/12.3.1/../../../../arm-none-eabi/lib/thumb/v7e-m+dp/hard\libm.a(libm_a-pow.o)
 *fill*         0x0801dfec        0x4 
 .text.pow      0x0801dff0      0x4a0 C:/ST/STM32CubeIDE_1.11.2/STM32CubeIDE/plugins/com.st.stm32cube.ide.mcu.externaltools.gnu-tools-for-stm32.12.3.rel1.win32_1.1.0.202410251130/tools/bin/../lib/gcc/arm-none-eabi/12.3.1/../../../../arm-none-eabi/lib/thumb/v7e-m+dp/hard\libm.a(libm_a-pow.o)
                0x0801dff0                pow
 .text.__ieee754_sqrt
                0x0801e490        0x6 C:/ST/STM32CubeIDE_1.11.2/STM32CubeIDE/plugins/com.st.stm32cube.ide.mcu.externaltools.gnu-tools-for-stm32.12.3.rel1.win32_1.1.0.202410251130/tools/bin/../lib/gcc/arm-none-eabi/12.3.1/../../../../arm-none-eabi/lib/thumb/v7e-m+dp/hard\libm.a(libm_a-e_sqrt.o)
                0x0801e490                __ieee754_sqrt
 *fill*         0x0801e496        0x2 
 .text.__ieee754_atan2
                0x0801e498      0x184 C:/ST/STM32CubeIDE_1.11.2/STM32CubeIDE/plugins/com.st.stm32cube.ide.mcu.externaltools.gnu-tools-for-stm32.12.3.rel1.win32_1.1.0.202410251130/tools/bin/../lib/gcc/arm-none-eabi/12.3.1/../../../../arm-none-eabi/lib/thumb/v7e-m+dp/hard\libm.a(libm_a-e_atan2.o)
                0x0801e498                __ieee754_atan2
 .text.with_errno
                0x0801e61c       0x1c C:/ST/STM32CubeIDE_1.11.2/STM32CubeIDE/plugins/com.st.stm32cube.ide.mcu.externaltools.gnu-tools-for-stm32.12.3.rel1.win32_1.1.0.202410251130/tools/bin/../lib/gcc/arm-none-eabi/12.3.1/../../../../arm-none-eabi/lib/thumb/v7e-m+dp/hard\libm.a(libm_a-math_err.o)
 .text.xflow    0x0801e638       0x22 C:/ST/STM32CubeIDE_1.11.2/STM32CubeIDE/plugins/com.st.stm32cube.ide.mcu.externaltools.gnu-tools-for-stm32.12.3.rel1.win32_1.1.0.202410251130/tools/bin/../lib/gcc/arm-none-eabi/12.3.1/../../../../arm-none-eabi/lib/thumb/v7e-m+dp/hard\libm.a(libm_a-math_err.o)
 *fill*         0x0801e65a        0x6 
 .text.__math_uflow
                0x0801e660       0x10 C:/ST/STM32CubeIDE_1.11.2/STM32CubeIDE/plugins/com.st.stm32cube.ide.mcu.externaltools.gnu-tools-for-stm32.12.3.rel1.win32_1.1.0.202410251130/tools/bin/../lib/gcc/arm-none-eabi/12.3.1/../../../../arm-none-eabi/lib/thumb/v7e-m+dp/hard\libm.a(libm_a-math_err.o)
                0x0801e660                __math_uflow
 .text.__math_oflow
                0x0801e670       0x10 C:/ST/STM32CubeIDE_1.11.2/STM32CubeIDE/plugins/com.st.stm32cube.ide.mcu.externaltools.gnu-tools-for-stm32.12.3.rel1.win32_1.1.0.202410251130/tools/bin/../lib/gcc/arm-none-eabi/12.3.1/../../../../arm-none-eabi/lib/thumb/v7e-m+dp/hard\libm.a(libm_a-math_err.o)