Archive member included to satisfy reference by file (symbol)

C:/ST/STM32CubeIDE_1.11.2/STM32CubeIDE/plugins/com.st.stm32cube.ide.mcu.externaltools.gnu-tools-for-stm32.12.3.rel1.win32_1.1.0.202410251130/tools/bin/../lib/gcc/arm-none-eabi/12.3.1/../../../../arm-none-eabi/lib/thumb/v7e-m+dp/hard\libc_nano.a(libc_a-exit.o)
                              C:/ST/STM32CubeIDE_1.11.2/STM32CubeIDE/plugins/com.st.stm32cube.ide.mcu.externaltools.gnu-tools-for-stm32.12.3.rel1.win32_1.1.0.202410251130/tools/bin/../lib/gcc/arm-none-eabi/12.3.1/../../../../arm-none-eabi/lib/thumb/v7e-m+dp/hard/crt0.o (exit)
C:/ST/STM32CubeIDE_1.11.2/STM32CubeIDE/plugins/com.st.stm32cube.ide.mcu.externaltools.gnu-tools-for-stm32.12.3.rel1.win32_1.1.0.202410251130/tools/bin/../lib/gcc/arm-none-eabi/12.3.1/../../../../arm-none-eabi/lib/thumb/v7e-m+dp/hard\libc_nano.a(libc_a-findfp.o)
                              C:/ST/STM32CubeIDE_1.11.2/STM32CubeIDE/plugins/com.st.stm32cube.ide.mcu.externaltools.gnu-tools-for-stm32.12.3.rel1.win32_1.1.0.202410251130/tools/bin/../lib/gcc/arm-none-eabi/12.3.1/../../../../arm-none-eabi/lib/thumb/v7e-m+dp/hard\libc_nano.a(libc_a-exit.o) (__stdio_exit_handler)
C:/ST/STM32CubeIDE_1.11.2/STM32CubeIDE/plugins/com.st.stm32cube.ide.mcu.externaltools.gnu-tools-for-stm32.12.3.rel1.win32_1.1.0.202410251130/tools/bin/../lib/gcc/arm-none-eabi/12.3.1/../../../../arm-none-eabi/lib/thumb/v7e-m+dp/hard\libc_nano.a(libc_a-fwalk.o)
                              C:/ST/STM32CubeIDE_1.11.2/STM32CubeIDE/plugins/com.st.stm32cube.ide.mcu.externaltools.gnu-tools-for-stm32.12.3.rel1.win32_1.1.0.202410251130/tools/bin/../lib/gcc/arm-none-eabi/12.3.1/../../../../arm-none-eabi/lib/thumb/v7e-m+dp/hard\libc_nano.a(libc_a-findfp.o) (_fwalk_sglue)
C:/ST/STM32CubeIDE_1.11.2/STM32CubeIDE/plugins/com.st.stm32cube.ide.mcu.externaltools.gnu-tools-for-stm32.12.3.rel1.win32_1.1.0.202410251130/tools/bin/../lib/gcc/arm-none-eabi/12.3.1/../../../../arm-none-eabi/lib/thumb/v7e-m+dp/hard\libc_nano.a(libc_a-stdio.o)
                              C:/ST/STM32CubeIDE_1.11.2/STM32CubeIDE/plugins/com.st.stm32cube.ide.mcu.externaltools.gnu-tools-for-stm32.12.3.rel1.win32_1.1.0.202410251130/tools/bin/../lib/gcc/arm-none-eabi/12.3.1/../../../../arm-none-eabi/lib/thumb/v7e-m+dp/hard\libc_nano.a(libc_a-findfp.o) (__sread)
C:/ST/STM32CubeIDE_1.11.2/STM32CubeIDE/plugins/com.st.stm32cube.ide.mcu.externaltools.gnu-tools-for-stm32.12.3.rel1.win32_1.1.0.202410251130/tools/bin/../lib/gcc/arm-none-eabi/12.3.1/../../../../arm-none-eabi/lib/thumb/v7e-m+dp/hard\libc_nano.a(libc_a-memset.o)
                              C:/ST/STM32CubeIDE_1.11.2/STM32CubeIDE/plugins/com.st.stm32cube.ide.mcu.externaltools.gnu-tools-for-stm32.12.3.rel1.win32_1.1.0.202410251130/tools/bin/../lib/gcc/arm-none-eabi/12.3.1/../../../../arm-none-eabi/lib/thumb/v7e-m+dp/hard/crt0.o (memset)
C:/ST/STM32CubeIDE_1.11.2/STM32CubeIDE/plugins/com.st.stm32cube.ide.mcu.externaltools.gnu-tools-for-stm32.12.3.rel1.win32_1.1.0.202410251130/tools/bin/../lib/gcc/arm-none-eabi/12.3.1/../../../../arm-none-eabi/lib/thumb/v7e-m+dp/hard\libc_nano.a(libc_a-closer.o)
                              C:/ST/STM32CubeIDE_1.11.2/STM32CubeIDE/plugins/com.st.stm32cube.ide.mcu.externaltools.gnu-tools-for-stm32.12.3.rel1.win32_1.1.0.202410251130/tools/bin/../lib/gcc/arm-none-eabi/12.3.1/../../../../arm-none-eabi/lib/thumb/v7e-m+dp/hard\libc_nano.a(libc_a-stdio.o) (_close_r)
C:/ST/STM32CubeIDE_1.11.2/STM32CubeIDE/plugins/com.st.stm32cube.ide.mcu.externaltools.gnu-tools-for-stm32.12.3.rel1.win32_1.1.0.202410251130/tools/bin/../lib/gcc/arm-none-eabi/12.3.1/../../../../arm-none-eabi/lib/thumb/v7e-m+dp/hard\libc_nano.a(libc_a-reent.o)
                              C:/ST/STM32CubeIDE_1.11.2/STM32CubeIDE/plugins/com.st.stm32cube.ide.mcu.externaltools.gnu-tools-for-stm32.12.3.rel1.win32_1.1.0.202410251130/tools/bin/../lib/gcc/arm-none-eabi/12.3.1/../../../../arm-none-eabi/lib/thumb/v7e-m+dp/hard\libc_nano.a(libc_a-closer.o) (errno)
C:/ST/STM32CubeIDE_1.11.2/STM32CubeIDE/plugins/com.st.stm32cube.ide.mcu.externaltools.gnu-tools-for-stm32.12.3.rel1.win32_1.1.0.202410251130/tools/bin/../lib/gcc/arm-none-eabi/12.3.1/../../../../arm-none-eabi/lib/thumb/v7e-m+dp/hard\libc_nano.a(libc_a-impure.o)
                              C:/ST/STM32CubeIDE_1.11.2/STM32CubeIDE/plugins/com.st.stm32cube.ide.mcu.externaltools.gnu-tools-for-stm32.12.3.rel1.win32_1.1.0.202410251130/tools/bin/../lib/gcc/arm-none-eabi/12.3.1/../../../../arm-none-eabi/lib/thumb/v7e-m+dp/hard\libc_nano.a(libc_a-reent.o) (_impure_ptr)
C:/ST/STM32CubeIDE_1.11.2/STM32CubeIDE/plugins/com.st.stm32cube.ide.mcu.externaltools.gnu-tools-for-stm32.12.3.rel1.win32_1.1.0.202410251130/tools/bin/../lib/gcc/arm-none-eabi/12.3.1/../../../../arm-none-eabi/lib/thumb/v7e-m+dp/hard\libc_nano.a(libc_a-lseekr.o)
[...]
Memory Configuration

Name             Origin             Length             Attributes
ITCMRAM          0x00000000         0x00010000         xrw
DTCMRAM          0x20000000         0x00020000         xrw
FLASH            0x08000000         0x00100000         xr
RAM_D1           0x24000000         0x00050000         xrw
RAM_D2           0x30000000         0x00008000         xrw
RAM_D3           0x38000000         0x00004000         xrw
*default*        0x00000000         0xffffffff

Linker script and memory map

LOAD C:/ST/STM32CubeIDE_1.11.2/STM32CubeIDE/plugins/com.st.stm32cube.ide.mcu.externaltools.gnu-tools-for-stm32.12.3.rel1.win32_1.1.0.202410251130/tools/bin/../lib/gcc/arm-none-eabi/12.3.1/thumb/v7e-m+dp/hard/crti.o
LOAD C:/ST/STM32CubeIDE_1.11.2/STM32CubeIDE/plugins/com.st.stm32cube.ide.mcu.externaltools.gnu-tools-for-stm32.12.3.rel1.win32_1.1.0.202410251130/tools/bin/../lib/gcc/arm-none-eabi/12.3.1/thumb/v7e-m+dp/hard/crtbegin.o
LOAD C:/ST/STM32CubeIDE_1.11.2/STM32CubeIDE/plugins/com.st.stm32cube.ide.mcu.externaltools.gnu-tools-for-stm32.12.3.rel1.win32_1.1.0.202410251130/tools/bin/../lib/gcc/arm-none-eabi/12.3.1/../../../../arm-none-eabi/lib/thumb/v7e-m+dp/hard/crt0.o
LOAD ./Core/Src/BMP180.o
LOAD ./Core/Src/ESC.o
LOAD ./Core/Src/HMC5883L.o
LOAD ./Core/Src/Kalibracjia silnikow.o
LOAD ./Core/Src/MPU6050.o
LOAD ./Core/Src/NRF24.o
LOAD ./Core/Src/USART komendy.o
LOAD ./Core/Src/adc.o
LOAD ./Core/Src/dma.o
LOAD ./Core/Src/dron.o
LOAD ./Core/Src/fatfs_sd.o
LOAD ./Core/Src/gpio.o
LOAD ./Core/Src/i2c.o
LOAD ./Core/Src/main.o
LOAD ./Core/Src/memorymap.o
LOAD ./Core/Src/rng_Tx_code.o
LOAD ./Core/Src/spi.o
LOAD ./Core/Src/stm32h7xx_hal_msp.o
LOAD ./Core/Src/stm32h7xx_it.o
LOAD ./Core/Src/syscalls.o
LOAD ./Core/Src/sysmem.o
LOAD ./Core/Src/system_stm32h7xx.o
LOAD ./Core/Src/tim.o
LOAD ./Core/Src/usart.o
LOAD ./Core/Startup/startup_stm32h723zgtx.o
LOAD ./Drivers/STM32H7xx_HAL_Driver/Src/stm32h7xx_hal.o
LOAD ./Drivers/STM32H7xx_HAL_Driver/Src/stm32h7xx_hal_adc.o
LOAD ./Drivers/STM32H7xx_HAL_Driver/Src/stm32h7xx_hal_adc_ex.o
LOAD ./Drivers/STM32H7xx_HAL_Driver/Src/stm32h7xx_hal_cortex.o
LOAD ./Drivers/STM32H7xx_HAL_Driver/Src/stm32h7xx_hal_dma.o
LOAD ./Drivers/STM32H7xx_HAL_Driver/Src/stm32h7xx_hal_dma_ex.o
LOAD ./Drivers/STM32H7xx_HAL_Driver/Src/stm32h7xx_hal_exti.o
LOAD ./Drivers/STM32H7xx_HAL_Driver/Src/stm32h7xx_hal_flash.o
LOAD ./Drivers/STM32H7xx_HAL_Driver/Src/stm32h7xx_hal_flash_ex.o
LOAD ./Drivers/STM32H7xx_HAL_Driver/Src/stm32h7xx_hal_gpio.o
LOAD ./Drivers/STM32H7xx_HAL_Driver/Src/stm32h7xx_hal_hsem.o
LOAD ./Drivers/STM32H7xx_HAL_Driver/Src/stm32h7xx_hal_i2c.o
LOAD ./Drivers/STM32H7xx_HAL_Driver/Src/stm32h7xx_hal_i2c_ex.o
LOAD ./Drivers/STM32H7xx_HAL_Driver/Src/stm32h7xx_hal_mdma.o
LOAD ./Drivers/STM32H7xx_HAL_Driver/Src/stm32h7xx_hal_pwr.o
LOAD ./Drivers/STM32H7xx_HAL_Driver/Src/stm32h7xx_hal_pwr_ex.o
LOAD ./Drivers/STM32H7xx_HAL_Driver/Src/stm32h7xx_hal_rcc.o
LOAD ./Drivers/STM32H7xx_HAL_Driver/Src/stm32h7xx_hal_rcc_ex.o
LOAD ./Drivers/STM32H7xx_HAL_Driver/Src/stm32h7xx_hal_spi.o
LOAD ./Drivers/STM32H7xx_HAL_Driver/Src/stm32h7xx_hal_spi_ex.o
LOAD ./Drivers/STM32H7xx_HAL_Driver/Src/stm32h7xx_hal_tim.o
LOAD ./Drivers/STM32H7xx_HAL_Driver/Src/stm32h7xx_hal_tim_ex.o
LOAD ./Drivers/STM32H7xx_HAL_Driver/Src/stm32h7xx_hal_uart.o
LOAD ./Drivers/STM32H7xx_HAL_Driver/Src/stm32h7xx_hal_uart_ex.o
LOAD ./FATFS/App/fatfs.o
LOAD ./FATFS/Target/user_diskio.o
LOAD ./Middlewares/Third_Party/FatFs/src/diskio.o
LOAD ./Middlewares/Third_Party/FatFs/src/ff.o
LOAD ./Middlewares/Third_Party/FatFs/src/ff_gen_drv.o
LOAD ./Middlewares/Third_Party/FatFs/src/option/ccsbcs.o
LOAD ./Middlewares/Third_Party/FatFs/src/option/syscall.o
START GROUP
LOAD C:/ST/STM32CubeIDE_1.11.2/STM32CubeIDE/plugins/com.st.stm32cube.ide.mcu.externaltools.gnu-tools-for-stm32.12.3.rel1.win32_1.1.0.202410251130/tools/bin/../lib/gcc/arm-none-eabi/12.3.1/../../../../arm-none-eabi/lib/thumb/v7e-m+dp/hard\libc_nano.a
LOAD C:/ST/STM32CubeIDE_1.11.2/STM32CubeIDE/plugins/com.st.stm32cube.ide.mcu.externaltools.gnu-tools-for-stm32.12.3.rel1.win32_1.1.0.202410251130/tools/bin/../lib/gcc/arm-none-eabi/12.3.1/../../../../arm-none-eabi/lib/thumb/v7e-m+dp/hard\libm.a
END GROUP
START GROUP
LOAD C:/ST/STM32CubeIDE_1.11.2/STM32CubeIDE/plugins/com.st.stm32cube.ide.mcu.externaltools.gnu-tools-for-stm32.12.3.rel1.win32_1.1.0.202410251130/tools/bin/../lib/gcc/arm-none-eabi/12.3.1/thumb/v7e-m+dp/hard\libgcc.a
LOAD C:/ST/STM32CubeIDE_1.11.2/STM32CubeIDE/plugins/com.st.stm32cube.ide.mcu.externaltools.gnu-tools-for-stm32.12.3.rel1.win32_1.1.0.202410251130/tools/bin/../lib/gcc/arm-none-eabi/12.3.1/../../../../arm-none-eabi/lib/thumb/v7e-m+dp/hard\libc_nano.a
END GROUP
START GROUP
LOAD C:/ST/STM32CubeIDE_1.11.2/STM32CubeIDE/plugins/com.st.stm32cube.ide.mcu.externaltools.gnu-tools-for-stm32.12.3.rel1.win32_1.1.0.202410251130/tools/bin/../lib/gcc/arm-none-eabi/12.3.1/thumb/v7e-m+dp/hard\libgcc.a
LOAD C:/ST/STM32CubeIDE_1.11.2/STM32CubeIDE/plugins/com.st.stm32cube.ide.mcu.externaltools.gnu-tools-for-stm32.12.3.rel1.win32_1.1.0.202410251130/tools/bin/../lib/gcc/arm-none-eabi/12.3.1/../../../../arm-none-eabi/lib/thumb/v7e-m+dp/hard\libc_nano.a
LOAD C:/ST/STM32CubeIDE_1.11.2/STM32CubeIDE/plugins/com.st.stm32cube.ide.mcu.externaltools.gnu-tools-for-stm32.12.3.rel1.win32_1.1.0.202410251130/tools/bin/../lib/gcc/arm-none-eabi/12.3.1/../../../../arm-none-eabi/lib/thumb/v7e-m+dp/hard\libnosys.a
END GROUP
START GROUP
LOAD C:/ST/STM32CubeIDE_1.11.2/STM32CubeIDE/plugins/com.st.stm32cube.ide.mcu.externaltools.gnu-tools-for-stm32.12.3.rel1.win32_1.1.0.202410251130/tools/bin/../lib/gcc/arm-none-eabi/12.3.1/thumb/v7e-m+dp/hard\libgcc.a
LOAD C:/ST/STM32CubeIDE_1.11.2/STM32CubeIDE/plugins/com.st.stm32cube.ide.mcu.externaltools.gnu-tools-for-stm32.12.3.rel1.win32_1.1.0.202410251130/tools/bin/../lib/gcc/arm-none-eabi/12.3.1/../../../../arm-none-eabi/lib/thumb/v7e-m+dp/hard\libc_nano.a
LOAD C:/ST/STM32CubeIDE_1.11.2/STM32CubeIDE/plugins/com.st.stm32cube.ide.mcu.externaltools.gnu-tools-for-stm32.12.3.rel1.win32_1.1.0.202410251130/tools/bin/../lib/gcc/arm-none-eabi/12.3.1/../../../../arm-none-eabi/lib/thumb/v7e-m+dp/hard\libnosys.a
END GROUP
LOAD C:/ST/STM32CubeIDE_1.11.2/STM32CubeIDE/plugins/com.st.stm32cube.ide.mcu.externaltools.gnu-tools-for-stm32.12.3.rel1.win32_1.1.0.202410251130/tools/bin/../lib/gcc/arm-none-eabi/12.3.1/thumb/v7e-m+dp/hard/crtend.o
LOAD C:/ST/STM32CubeIDE_1.11.2/STM32CubeIDE/plugins/com.st.stm32cube.ide.mcu.externaltools.gnu-tools-for-stm32.12.3.rel1.win32_1.1.0.202410251130/tools/bin/../lib/gcc/arm-none-eabi/12.3.1/thumb/v7e-m+dp/hard/crtn.o
                0x24050000                        _estack = (ORIGIN (RAM_D1) + LENGTH (RAM_D1))
                0x00000200                        _Min_Heap_Size = 0x200
                0x00000400                        _Min_Stack_Size = 0x400

.isr_vector     0x08000000      0x2cc
                0x08000000                        . = ALIGN (0x4)
 *(.isr_vector)
 .isr_vector    0x08000000      0x2cc ./Core/Startup/startup_stm32h723zgtx.o
                0x08000000                g_pfnVectors
                0x080002cc                        . = ALIGN (0x4)

.text           0x080002d0    0x1de28
                0x080002d0                        . = ALIGN (0x4)
 *(.text)
 .text          0x080002d0       0x40 C:/ST/STM32CubeIDE_1.11.2/STM32CubeIDE/plugins/com.st.stm32cube.ide.mcu.externaltools.gnu-tools-for-stm32.12.3.rel1.win32_1.1.0.202410251130/tools/bin/../lib/gcc/arm-none-eabi/12.3.1/thumb/v7e-m+dp/hard/crtbegin.o
 .text          0x08000310       0xa0 C:/ST/STM32CubeIDE_1.11.2/STM32CubeIDE/plugins/com.st.stm32cube.ide.mcu.externaltools.gnu-tools-for-stm32.12.3.rel1.win32_1.1.0.202410251130/tools/bin/../lib/gcc/arm-none-eabi/12.3.1/thumb/v7e-m+dp/hard\libgcc.a(_aeabi_ldivmod.o)
                0x08000310                __aeabi_ldivmod
 .text          0x080003b0       0x30 C:/ST/STM32CubeIDE_1.11.2/STM32CubeIDE/plugins/com.st.stm32cube.ide.mcu.externaltools.gnu-tools-for-stm32.12.3.rel1.win32_1.1.0.202410251130/tools/bin/../lib/gcc/arm-none-eabi/12.3.1/thumb/v7e-m+dp/hard\libgcc.a(_aeabi_uldivmod.o)
                0x080003b0                __aeabi_uldivmod
 .text          0x080003e0      0x2bc C:/ST/STM32CubeIDE_1.11.2/STM32CubeIDE/plugins/com.st.stm32cube.ide.mcu.externaltools.gnu-tools-for-stm32.12.3.rel1.win32_1.1.0.202410251130/tools/bin/../lib/gcc/arm-none-eabi/12.3.1/thumb/v7e-m+dp/hard\libgcc.a(_udivmoddi4.o)
                0x080003e0                __udivmoddi4
 .text          0x0800069c        0x4 C:/ST/STM32CubeIDE_1.11.2/STM32CubeIDE/plugins/com.st.stm32cube.ide.mcu.externaltools.gnu-tools-for-stm32.12.3.rel1.win32_1.1.0.202410251130/tools/bin/../lib/gcc/arm-none-eabi/12.3.1/thumb/v7e-m+dp/hard\libgcc.a(_dvmd_tls.o)
                0x0800069c                __aeabi_idiv0
                0x0800069c                __aeabi_ldiv0
 *(.text*)
 .text.BMP180_read_ID
                0x080006a0       0x30 ./Core/Src/BMP180.o
                0x080006a0                BMP180_read_ID
 .text.BMP180_init
                0x080006d0       0x3c ./Core/Src/BMP180.o
                0x080006d0                BMP180_init
 .text.BMP180_READ_temp
                0x0800070c       0x44 ./Core/Src/BMP180.o
                0x0800070c                BMP180_READ_temp
 .text.BMP180_READ_pres
                0x08000750       0x40 ./Core/Src/BMP180.o
                0x08000750                BMP180_READ_pres
 .text.BMP180_GET_temp_IT
                0x08000790       0x2c ./Core/Src/BMP180.o
                0x08000790                BMP180_GET_temp_IT
 .text.BMP180_GET_pres_IT
                0x080007bc       0x30 ./Core/Src/BMP180.o
                0x080007bc                BMP180_GET_pres_IT
 .text.BMP180_start_measurment_temp
                0x080007ec       0x30 ./Core/Src/BMP180.o
                0x080007ec                BMP180_start_measurment_temp
 .text.BMP180_start_measurment_pres
                0x0800081c       0x30 ./Core/Src/BMP180.o
                0x0800081c                BMP180_start_measurment_pres
 .text.BMP180_start_measurment_pres_IT
                0x0800084c       0x38 ./Core/Src/BMP180.o
                0x0800084c                BMP180_start_measurment_pres_IT
 .text.BMP180_start_measurment_temp_IT
                0x08000884       0x38 ./Core/Src/BMP180.o
                0x08000884                BMP180_start_measurment_temp_IT
 .text.BMP180_read_calliberation_data
                0x080008bc      0x114 ./Core/Src/BMP180.o
                0x080008bc                BMP180_read_calliberation_data
 .text.BMP180_GET_temp
                0x080009d0       0x94 ./Core/Src/BMP180.o
                0x080009d0                BMP180_GET_temp
 .text.BMP180_GET_pres
                0x08000a64      0x284 ./Core/Src/BMP180.o
                0x08000a64                BMP180_GET_pres
 .text.BMP180_CALIBRATION
                0x08000ce8       0x88 ./Core/Src/BMP180.o
                0x08000ce8                BMP180_CALIBRATION
 .text.BMP180_GET_height
                0x08000d70       0x40 ./Core/Src/BMP180.o
                0x08000d70                BMP180_GET_height
 .text.ESC_1_SPEED
                0x08000db0       0x44 ./Core/Src/ESC.o
                0x08000db0                ESC_1_SPEED
 .text.ESC_2_SPEED
                0x08000df4       0x44 ./Core/Src/ESC.o
                0x08000df4                ESC_2_SPEED
 .text.ESC_3_SPEED
                0x08000e38       0x44 ./Core/Src/ESC.o
                0x08000e38                ESC_3_SPEED
 .text.ESC_4_SPEED
                0x08000e7c       0x44 ./Core/Src/ESC.o
                0x08000e7c                ESC_4_SPEED
 .text.ESC_INT  0x08000ec0       0x94 ./Core/Src/ESC.o
                0x08000ec0                ESC_INT
 .text.HMC5883L_Init
                0x08000f54       0xbc ./Core/Src/HMC5883L.o
                0x08000f54                HMC5883L_Init
 .text.HMC5883L_Get_Z_Start
                0x08001010       0x44 ./Core/Src/HMC5883L.o
                0x08001010                HMC5883L_Get_Z_Start
 .text.HMC5883L_Get_Z_Start_IT
                0x08001054       0x34 ./Core/Src/HMC5883L.o
                0x08001054                HMC5883L_Get_Z_Start_IT
 .text.HMC5883L_Get_Z_End_IT
                0x08001088       0xe4 ./Core/Src/HMC5883L.o
                0x08001088                HMC5883L_Get_Z_End_IT
 .text.HMC5883L_Calibration
                0x0800116c       0x6a ./Core/Src/HMC5883L.o
                0x0800116c                HMC5883L_Calibration
 *fill*         0x080011d6        0x2 
 .text.MPU6050_INIT
                0x080011d8       0x5c ./Core/Src/MPU6050.o
                0x080011d8                MPU6050_INIT
 .text.MPU6050_RESET
                0x08001234       0x30 ./Core/Src/MPU6050.o
                0x08001234                MPU6050_RESET
 .text.MPU6050_CONFIG_DLPF
                0x08001264       0x38 ./Core/Src/MPU6050.o
                0x08001264                MPU6050_CONFIG_DLPF
 .text.MPU6050_CONFIG_GYRO
                0x0800129c       0x38 ./Core/Src/MPU6050.o
                0x0800129c                MPU6050_CONFIG_GYRO
 .text.MPU6050_CONFIG_ACCEL
                0x080012d4       0x38 ./Core/Src/MPU6050.o
                0x080012d4                MPU6050_CONFIG_ACCEL
 .text.MPU6050_CONFIG_SAMPLE_RATE
                0x0800130c       0x30 ./Core/Src/MPU6050.o
                0x0800130c                MPU6050_CONFIG_SAMPLE_RATE
 .text.MPU6050_CONFIG_USER_CONTROL
                0x0800133c       0x30 ./Core/Src/MPU6050.o
                0x0800133c                MPU6050_CONFIG_USER_CONTROL
 .text.MPU6050_CALIBRATION
                0x0800136c      0x1ac ./Core/Src/MPU6050.o
                0x0800136c                MPU6050_CALIBRATION
 .text.MPU6050_GET_ACCEL_TO_ANGLE
                0x08001518      0x114 ./Core/Src/MPU6050.o
                0x08001518                MPU6050_GET_ACCEL_TO_ANGLE
 .text.MPU6050_GET_ACCANDGYR_CALANDSCL_IT
                0x0800162c       0x38 ./Core/Src/MPU6050.o
                0x0800162c                MPU6050_GET_ACCANDGYR_CALANDSCL_IT
 .text.MPU6050_GET_CALANDSCL_IT
                0x08001664      0x158 ./Core/Src/MPU6050.o
                0x08001664                MPU6050_GET_CALANDSCL_IT
 .text.MPU6050_GET_ACCANDGYR_FILTRED
                0x080017bc       0x54 ./Core/Src/MPU6050.o
                0x080017bc                MPU6050_GET_ACCANDGYR_FILTRED
 .text.MPU6050_GET_ACCEL_YH
                0x08001810       0x30 ./Core/Src/MPU6050.o
                0x08001810                MPU6050_GET_ACCEL_YH
 .text.MPU6050_GET_ACCEL_YL
                0x08001840       0x30 ./Core/Src/MPU6050.o
                0x08001840                MPU6050_GET_ACCEL_YL
 .text.MPU6050_GET_ACCEL_ZH
                0x08001870       0x30 ./Core/Src/MPU6050.o
                0x08001870                MPU6050_GET_ACCEL_ZH
 .text.MPU6050_GET_ACCEL_ZL
                0x080018a0       0x30 ./Core/Src/MPU6050.o
                0x080018a0                MPU6050_GET_ACCEL_ZL
 .text.MPU6050_GET_GYRO_XH
                0x080018d0       0x30 ./Core/Src/MPU6050.o
                0x080018d0                MPU6050_GET_GYRO_XH
 .text.MPU6050_GET_GYRO_XL
                0x08001900       0x30 ./Core/Src/MPU6050.o
                0x08001900                MPU6050_GET_GYRO_XL
 .text.MPU6050_GET_GYRO_YH
                0x08001930       0x30 ./Core/Src/MPU6050.o
                0x08001930                MPU6050_GET_GYRO_YH
 .text.MPU6050_GET_GYRO_YL
                0x08001960       0x30 ./Core/Src/MPU6050.o
                0x08001960                MPU6050_GET_GYRO_YL
 .text.MPU6050_GET_GYRO_ZH
                0x08001990       0x30 ./Core/Src/MPU6050.o
                0x08001990                MPU6050_GET_GYRO_ZH
 .text.MPU6050_GET_GYRO_ZL
                0x080019c0       0x30 ./Core/Src/MPU6050.o
                0x080019c0                MPU6050_GET_GYRO_ZL
 .text.MPU6050_GET_ACCEL_FULLVALUE_X
                0x080019f0       0x40 ./Core/Src/MPU6050.o
                0x080019f0                MPU6050_GET_ACCEL_FULLVALUE_X
 .text.MPU6050_GET_ACCEL_FULLVALUE_Y
                0x08001a30       0x28 ./Core/Src/MPU6050.o
                0x08001a30                MPU6050_GET_ACCEL_FULLVALUE_Y
 .text.MPU6050_GET_ACCEL_FULLVALUE_Z
                0x08001a58       0x28 ./Core/Src/MPU6050.o
                0x08001a58                MPU6050_GET_ACCEL_FULLVALUE_Z
 .text.MPU6050_GET_GYRO_FULLVALUE_X
                0x08001a80       0x28 ./Core/Src/MPU6050.o
                0x08001a80                MPU6050_GET_GYRO_FULLVALUE_X
 .text.MPU6050_GET_GYRO_FULLVALUE_Y
                0x08001aa8       0x28 ./Core/Src/MPU6050.o
                0x08001aa8                MPU6050_GET_GYRO_FULLVALUE_Y
 .text.MPU6050_GET_GYRO_FULLVALUE_Z
                0x08001ad0       0x28 ./Core/Src/MPU6050.o
                0x08001ad0                MPU6050_GET_GYRO_FULLVALUE_Z
 .text.MPU6050_READ_ID
                0x08001af8       0x30 ./Core/Src/MPU6050.o
                0x08001af8                MPU6050_READ_ID
 .text.MPU6050_Enable_I2C_Bypass
                0x08001b28       0x30 ./Core/Src/MPU6050.o
                0x08001b28                MPU6050_Enable_I2C_Bypass
 .text.Complementary_getFilter
                0x08001b58       0xfc ./Core/Src/MPU6050.o
                0x08001b58                Complementary_getFilter
 .text.nRF24_Delay
                0x08001c54       0x18 ./Core/Src/NRF24.o
 .text.nRF24_SendSpi
                0x08001c6c       0x2c ./Core/Src/NRF24.o
 .text.nRF24_SendSpi_IT
                0x08001c98       0x28 ./Core/Src/NRF24.o
 .text.nRF24_ReadSpi
                0x08001cc0       0x2c ./Core/Src/NRF24.o
 .text.nRF24_ReadSpi_IT
                0x08001cec       0x28 ./Core/Src/NRF24.o
 .text.nRF24_ReadRegister
                0x08001d14       0x48 ./Core/Src/NRF24.o
 .text.nRF24_ReadRegisters
                0x08001d5c       0x48 ./Core/Src/NRF24.o
 .text.nRF24_ReadRegisters_IT
                0x08001da4       0x4c ./Core/Src/NRF24.o
 .text.nRF24_WriteRegister
                0x08001df0       0x4c ./Core/Src/NRF24.o
 .text.nRF24_WriteRegisters
                0x08001e3c       0x50 ./Core/Src/NRF24.o
 .text.nRF24_WriteRegisters_IT
                0x08001e8c       0x50 ./Core/Src/NRF24.o
 .text.nRF24_RX_Mode
                0x08001edc       0x6c ./Core/Src/NRF24.o
                0x08001edc                nRF24_RX_Mode
 .text.nRF24_TX_Mode
                0x08001f48       0x60 ./Core/Src/NRF24.o
                0x08001f48                nRF24_TX_Mode
 .text.nRF24_ReadConfig
                0x08001fa8       0x10 ./Core/Src/NRF24.o
                0x08001fa8                nRF24_ReadConfig
 .text.nRF24_WriteConfig
                0x08001fb8       0x1c ./Core/Src/NRF24.o
                0x08001fb8                nRF24_WriteConfig
 .text.nRF24_SetPALevel
                0x08001fd4       0x3e ./Core/Src/NRF24.o
                0x08001fd4                nRF24_SetPALevel
 .text.nRF24_SetDataRate
                0x08002012       0x4c ./Core/Src/NRF24.o
                0x08002012                nRF24_SetDataRate
 .text.nRF24_ReadStatus
                0x0800205e       0x10 ./Core/Src/NRF24.o
                0x0800205e                nRF24_ReadStatus
 .text.nRF24_WriteStatus
                0x0800206e       0x1c ./Core/Src/NRF24.o
                0x0800206e                nRF24_WriteStatus
 *fill*         0x0800208a        0x2 
 .text.nRF24_FlushRX
                0x0800208c       0x34 ./Core/Src/NRF24.o
                0x0800208c                nRF24_FlushRX
 .text.nRF24_FlushTX
                0x080020c0       0x34 ./Core/Src/NRF24.o
                0x080020c0                nRF24_FlushTX
 .text.nRF24_EnableCRC
                0x080020f4       0x3a ./Core/Src/NRF24.o
                0x080020f4                nRF24_EnableCRC
 .text.nRF24_SetCRCLength
                0x0800212e       0x3a ./Core/Src/NRF24.o
                0x0800212e                nRF24_SetCRCLength
 .text.nRF24_SetRetries
                0x08002168       0x36 ./Core/Src/NRF24.o
                0x08002168                nRF24_SetRetries
 .text.nRF24_SetRFChannel
                0x0800219e       0x22 ./Core/Src/NRF24.o
                0x0800219e                nRF24_SetRFChannel
 .text.nRF24_SetPayloadSize
                0x080021c0       0x38 ./Core/Src/NRF24.o
                0x080021c0                nRF24_SetPayloadSize
 .text.nRF24_EnablePipe
                0x080021f8       0x6a ./Core/Src/NRF24.o
                0x080021f8                nRF24_EnablePipe
 .text.nRF24_AutoACK
                0x08002262       0x6a ./Core/Src/NRF24.o
                0x08002262                nRF24_AutoACK
 .text.nRF24_SetAddressWidth
                0x080022cc       0x3a ./Core/Src/NRF24.o
                0x080022cc                nRF24_SetAddressWidth
 .text.nRF24_SetRXAddress
                0x08002306       0x72 ./Core/Src/NRF24.o
                0x08002306                nRF24_SetRXAddress
 .text.nRF24_SetTXAddress
                0x08002378       0x8c ./Core/Src/NRF24.o
                0x08002378                nRF24_SetTXAddress
 .text.nRF24_ClearInterrupts
                0x08002404       0x26 ./Core/Src/NRF24.o
                0x08002404                nRF24_ClearInterrupts
 .text.nRF24_EnableRXDataReadyIRQ
                0x0800242a       0x3a ./Core/Src/NRF24.o
                0x0800242a                nRF24_EnableRXDataReadyIRQ
 .text.nRF24_EnableTXDataSentIRQ
                0x08002464       0x3a ./Core/Src/NRF24.o
                0x08002464                nRF24_EnableTXDataSentIRQ
 .text.nRF24_EnableMaxRetransmitIRQ
                0x0800249e       0x3a ./Core/Src/NRF24.o
                0x0800249e                nRF24_EnableMaxRetransmitIRQ
 .text.nRF24_WriteTXPayload
                0x080024d8       0x1a ./Core/Src/NRF24.o
                0x080024d8                nRF24_WriteTXPayload
 *fill*         0x080024f2        0x2 
 .text.nRF24_WriteTXPayload_IT
                0x080024f4       0x28 ./Core/Src/NRF24.o
                0x080024f4                nRF24_WriteTXPayload_IT
 .text.nRF24_WaitTX
                0x0800251c       0x50 ./Core/Src/NRF24.o
                0x0800251c                nRF24_WaitTX
 .text.nRF24_ReadRXPaylaod
                0x0800256c       0x38 ./Core/Src/NRF24.o
                0x0800256c                nRF24_ReadRXPaylaod
 .text.nRF24_ReadRXPaylaod_IT
                0x080025a4       0x28 ./Core/Src/NRF24.o
                0x080025a4                nRF24_ReadRXPaylaod_IT
 .text.nRF24_ReadRXPaylaod_IT_End
                0x080025cc       0x40 ./Core/Src/NRF24.o
                0x080025cc                nRF24_ReadRXPaylaod_IT_End
 .text.nRF24_IsBitSetInFifoStatus
                0x0800260c       0x30 ./Core/Src/NRF24.o
                0x0800260c                nRF24_IsBitSetInFifoStatus
 .text.nRF24_ReadFifoStatus
                0x0800263c       0x10 ./Core/Src/NRF24.o
                0x0800263c                nRF24_ReadFifoStatus
 .text.nRF24_Init
                0x0800264c       0xa8 ./Core/Src/NRF24.o
                0x0800264c                nRF24_Init
 .text.__NVIC_SystemReset
                0x080026f4       0x2c ./Core/Src/USART komendy.o
 .text.interpretcommand
                0x08002720       0x9c ./Core/Src/USART komendy.o
                0x08002720                interpretcommand
 .text.executecommand
                0x080027bc      0xd8c ./Core/Src/USART komendy.o
                0x080027bc                executecommand
 .text.MX_ADC2_Init
                0x08003548       0xd8 ./Core/Src/adc.o
                0x08003548                MX_ADC2_Init
 .text.HAL_ADC_MspInit
                0x08003620      0x104 ./Core/Src/adc.o
                0x08003620                HAL_ADC_MspInit
 .text.MX_DMA_Init
                0x08003724       0x70 ./Core/Src/dma.o
                0x08003724                MX_DMA_Init
 *fill*         0x08003794        0x4 
 .text.Thrust_filter
                0x08003798      0x254 ./Core/Src/dron.o
                0x08003798                Thrust_filter
 .text.PID_call
                0x080039ec      0x1d0 ./Core/Src/dron.o
                0x080039ec                PID_call
 *fill*         0x08003bbc        0x4 
 .text.Get_batteryvalue
                0x08003bc0       0x90 ./Core/Src/dron.o
                0x08003bc0                Get_batteryvalue
 .text.SELECT   0x08003c50       0x18 ./Core/Src/fatfs_sd.o
 .text.DESELECT
                0x08003c68       0x18 ./Core/Src/fatfs_sd.o
 .text.SPI_TxByte
                0x08003c80       0x34 ./Core/Src/fatfs_sd.o
 .text.SPI_TxBuffer
                0x08003cb4       0x38 ./Core/Src/fatfs_sd.o
 .text.SPI_RxByte
                0x08003cec       0x3c ./Core/Src/fatfs_sd.o
 .text.SPI_RxBytePtr
                0x08003d28       0x1c ./Core/Src/fatfs_sd.o
 .text.SD_ReadyWait
                0x08003d44       0x34 ./Core/Src/fatfs_sd.o
 .text.SD_PowerOn
                0x08003d78       0x84 ./Core/Src/fatfs_sd.o
 .text.SD_PowerOff
                0x08003dfc       0x18 ./Core/Src/fatfs_sd.o
 .text.SD_CheckPower
                0x08003e14       0x18 ./Core/Src/fatfs_sd.o
 .text.SD_RxDataBlock
                0x08003e2c       0x60 ./Core/Src/fatfs_sd.o
 .text.SD_TxDataBlock
                0x08003e8c       0x86 ./Core/Src/fatfs_sd.o
 .text.SD_SendCmd
                0x08003f12       0xa8 ./Core/Src/fatfs_sd.o
 *fill*         0x08003fba        0x2 
 .text.SD_disk_initialize
                0x08003fbc      0x1d8 ./Core/Src/fatfs_sd.o
                0x08003fbc                SD_disk_initialize
 .text.SD_disk_status
                0x08004194       0x2c ./Core/Src/fatfs_sd.o
                0x08004194                SD_disk_status
 .text.SD_disk_read
                0x080041c0       0xd4 ./Core/Src/fatfs_sd.o
                0x080041c0                SD_disk_read
 .text.SD_disk_write
                0x08004294      0x108 ./Core/Src/fatfs_sd.o
                0x08004294                SD_disk_write
 .text.SD_disk_ioctl
                0x0800439c      0x254 ./Core/Src/fatfs_sd.o
                0x0800439c                SD_disk_ioctl
 .text.MX_GPIO_Init
                0x080045f0      0x25c ./Core/Src/gpio.o
                0x080045f0                MX_GPIO_Init
 .text.MX_I2C5_Init
                0x0800484c       0x84 ./Core/Src/i2c.o
                0x0800484c                MX_I2C5_Init
 .text.HAL_I2C_MspInit
                0x080048d0       0xe4 ./Core/Src/i2c.o
                0x080048d0                HAL_I2C_MspInit
 .text.__NVIC_SystemReset
                0x080049b4       0x2c ./Core/Src/main.o
 .text.main     0x080049e0      0xd38 ./Core/Src/main.o
                0x080049e0                main
 .text.SystemClock_Config
                0x08005718       0xe4 ./Core/Src/main.o
                0x08005718                SystemClock_Config
 .text.PeriphCommonClock_Config
                0x080057fc       0x64 ./Core/Src/main.o
                0x080057fc                PeriphCommonClock_Config
 .text.HAL_TIM_PeriodElapsedCallback
                0x08005860      0x3e0 ./Core/Src/main.o
                0x08005860                HAL_TIM_PeriodElapsedCallback
 .text.HAL_GPIO_EXTI_Callback
                0x08005c40       0x64 ./Core/Src/main.o
                0x08005c40                HAL_GPIO_EXTI_Callback
 .text.HAL_UART_RxCpltCallback
                0x08005ca4       0xb0 ./Core/Src/main.o
                0x08005ca4                HAL_UART_RxCpltCallback
 .text.HAL_I2C_MemTxCpltCallback
                0x08005d54       0x14 ./Core/Src/main.o
                0x08005d54                HAL_I2C_MemTxCpltCallback
 .text.HAL_I2C_MemRxCpltCallback
                0x08005d68      0xaac ./Core/Src/main.o
                0x08005d68                HAL_I2C_MemRxCpltCallback
 .text.HAL_SPI_TxCpltCallback
                0x08006814       0x80 ./Core/Src/main.o
                0x08006814                HAL_SPI_TxCpltCallback
 .text.HAL_SPI_RxCpltCallback
                0x08006894      0x308 ./Core/Src/main.o
                0x08006894                HAL_SPI_RxCpltCallback
 .text.convert_array_to_value
                0x08006b9c       0xa2 ./Core/Src/main.o
                0x08006b9c                convert_array_to_value
 .text.convert_value_to_array
                0x08006c3e       0xbe ./Core/Src/main.o
                0x08006c3e                convert_value_to_array
 .text.potenga  0x08006cfc       0x80 ./Core/Src/main.o
                0x08006cfc                potenga
 .text.WartoscBezwgledna
                0x08006d7c       0x3e ./Core/Src/main.o
                0x08006d7c                WartoscBezwgledna
 *fill*         0x08006dba        0x2 
 .text.RGB_LED_Set_color
                0x08006dbc       0x3c ./Core/Src/main.o
                0x08006dbc                RGB_LED_Set_color
 .text.RGB_LED_For_BAT
                0x08006df8       0x78 ./Core/Src/main.o
                0x08006df8                RGB_LED_For_BAT
 .text.convert_value_to_array2
                0x08006e70       0xbe ./Core/Src/main.o
                0x08006e70                convert_value_to_array2
 .text.convert_value_to_array3
                0x08006f2e      0x1f6 ./Core/Src/main.o
                0x08006f2e                convert_value_to_array3
 .text.uSD_Card_SendData_To_Buffer
                0x08007124      0x398 ./Core/Src/main.o
                0x08007124                uSD_Card_SendData_To_Buffer
 .text.Stack_Push
                0x080074bc       0x98 ./Core/Src/main.o
                0x080074bc                Stack_Push
 .text.ROOL_MAX_VAL
                0x08007554       0x20 ./Core/Src/main.o
                0x08007554                ROOL_MAX_VAL
 .text.ROOL_MIN_VAL
                0x08007574       0x20 ./Core/Src/main.o
                0x08007574                ROOL_MIN_VAL
 .text.PITCH_MAX_VAL
                0x08007594       0x20 ./Core/Src/main.o
                0x08007594                PITCH_MAX_VAL
 .text.PITCH_MIN_VAL
                0x080075b4       0x20 ./Core/Src/main.o
                0x080075b4                PITCH_MIN_VAL
 .text.YAW_MAX_VAL
                0x080075d4       0x20 ./Core/Src/main.o
                0x080075d4                YAW_MAX_VAL
 .text.YAW_MIN_VAL
                0x080075f4       0x20 ./Core/Src/main.o
                0x080075f4                YAW_MIN_VAL
 .text.ROOL_GOOD_VAL
                0x08007614       0x2c ./Core/Src/main.o
                0x08007614                ROOL_GOOD_VAL
 .text.PITCH_GOOD_VAL
                0x08007640       0x2c ./Core/Src/main.o
                0x08007640                PITCH_GOOD_VAL
 .text.YAW_GOOD_VAL
                0x0800766c       0x2c ./Core/Src/main.o
                0x0800766c                YAW_GOOD_VAL
 .text.MPU_Config
                0x08007698       0x58 ./Core/Src/main.o
 .text.Error_Handler
                0x080076f0        0xc ./Core/Src/main.o
                0x080076f0                Error_Handler
 .text.MX_SPI1_Init
                0x080076fc       0xac ./Core/Src/spi.o
                0x080076fc                MX_SPI1_Init
 .text.MX_SPI2_Init
                0x080077a8       0xac ./Core/Src/spi.o
                0x080077a8                MX_SPI2_Init
 .text.HAL_SPI_MspInit
                0x08007854      0x1b8 ./Core/Src/spi.o
                0x08007854                HAL_SPI_MspInit
 .text.HAL_MspInit
                0x08007a0c       0x34 ./Core/Src/stm32h7xx_hal_msp.o
                0x08007a0c                HAL_MspInit
 .text.SDTimer_Handler
                0x08007a40       0x3c ./Core/Src/stm32h7xx_it.o
                0x08007a40                SDTimer_Handler
 .text.NMI_Handler
                0x08007a7c       0x40 ./Core/Src/stm32h7xx_it.o
                0x08007a7c                NMI_Handler
 .text.HardFault_Handler
                0x08007abc       0x40 ./Core/Src/stm32h7xx_it.o
                0x08007abc                HardFault_Handler
 .text.MemManage_Handler
                0x08007afc       0x40 ./Core/Src/stm32h7xx_it.o
                0x08007afc                MemManage_Handler
 .text.BusFault_Handler
                0x08007b3c       0x40 ./Core/Src/stm32h7xx_it.o
                0x08007b3c                BusFault_Handler
 .text.UsageFault_Handler
                0x08007b7c       0x40 ./Core/Src/stm32h7xx_it.o
                0x08007b7c                UsageFault_Handler
 .text.SVC_Handler
                0x08007bbc        0xe ./Core/Src/stm32h7xx_it.o
                0x08007bbc                SVC_Handler
 .text.DebugMon_Handler
                0x08007bca        0xe ./Core/Src/stm32h7xx_it.o
                0x08007bca                DebugMon_Handler
 .text.PendSV_Handler
                0x08007bd8        0xe ./Core/Src/stm32h7xx_it.o
                0x08007bd8                PendSV_Handler
 *fill*         0x08007be6        0x2 
 .text.SysTick_Handler
                0x08007be8       0x2c ./Core/Src/stm32h7xx_it.o
                0x08007be8                SysTick_Handler
 .text.DMA1_Stream0_IRQHandler
                0x08007c14       0x14 ./Core/Src/stm32h7xx_it.o
                0x08007c14                DMA1_Stream0_IRQHandler
 .text.ADC_IRQHandler
                0x08007c28       0x14 ./Core/Src/stm32h7xx_it.o
                0x08007c28                ADC_IRQHandler
 .text.TIM2_IRQHandler
                0x08007c3c       0x14 ./Core/Src/stm32h7xx_it.o
                0x08007c3c                TIM2_IRQHandler
 .text.SPI1_IRQHandler
                0x08007c50       0x14 ./Core/Src/stm32h7xx_it.o
                0x08007c50                SPI1_IRQHandler
 .text.SPI2_IRQHandler
                0x08007c64       0x14 ./Core/Src/stm32h7xx_it.o
                0x08007c64                SPI2_IRQHandler
 .text.USART1_IRQHandler
                0x08007c78       0x14 ./Core/Src/stm32h7xx_it.o
                0x08007c78                USART1_IRQHandler
 .text.EXTI15_10_IRQHandler
                0x08007c8c       0x10 ./Core/Src/stm32h7xx_it.o
                0x08007c8c                EXTI15_10_IRQHandler
 .text.DMA2_Stream0_IRQHandler
                0x08007c9c       0x14 ./Core/Src/stm32h7xx_it.o
                0x08007c9c                DMA2_Stream0_IRQHandler
 .text.I2C5_EV_IRQHandler
                0x08007cb0       0x14 ./Core/Src/stm32h7xx_it.o
                0x08007cb0                I2C5_EV_IRQHandler
 .text.SystemInit
                0x08007cc4       0xf0 ./Core/Src/system_stm32h7xx.o
                0x08007cc4                SystemInit
 .text.MX_TIM1_Init
                0x08007db4      0x150 ./Core/Src/tim.o
                0x08007db4                MX_TIM1_Init
 .text.MX_TIM2_Init
                0x08007f04       0xa8 ./Core/Src/tim.o
                0x08007f04                MX_TIM2_Init
 .text.MX_TIM3_Init
                0x08007fac       0xf8 ./Core/Src/tim.o
                0x08007fac                MX_TIM3_Init
 .text.MX_TIM8_Init
                0x080080a4       0xac ./Core/Src/tim.o
                0x080080a4                MX_TIM8_Init
 .text.HAL_TIM_PWM_MspInit
                0x08008150       0x74 ./Core/Src/tim.o
                0x08008150                HAL_TIM_PWM_MspInit
 .text.HAL_TIM_IC_MspInit
                0x080081c4       0xa0 ./Core/Src/tim.o
                0x080081c4                HAL_TIM_IC_MspInit
 .text.HAL_TIM_Base_MspInit
                0x08008264       0x44 ./Core/Src/tim.o
                0x08008264                HAL_TIM_Base_MspInit
 .text.HAL_TIM_MspPostInit
                0x080082a8       0xcc ./Core/Src/tim.o
                0x080082a8                HAL_TIM_MspPostInit
 .text.MX_USART1_UART_Init
                0x08008374       0x98 ./Core/Src/usart.o
                0x08008374                MX_USART1_UART_Init
 .text.HAL_UART_MspInit
                0x0800840c       0xe4 ./Core/Src/usart.o
                0x0800840c                HAL_UART_MspInit
 .text.Reset_Handler
                0x080084f0       0x50 ./Core/Startup/startup_stm32h723zgtx.o
                0x080084f0                Reset_Handler
 .text.Default_Handler
                0x08008540        0x2 ./Core/Startup/startup_stm32h723zgtx.o
                0x08008540                RTC_Alarm_IRQHandler
                0x08008540                EXTI2_IRQHandler
                0x08008540                TIM8_CC_IRQHandler
                0x08008540                UART8_IRQHandler
                0x08008540                SPI4_IRQHandler
                0x08008540                FDCAN3_IT0_IRQHandler
                0x08008540                TIM1_CC_IRQHandler
                0x08008540                BDMA_Channel6_IRQHandler
                0x08008540                DMA2_Stream5_IRQHandler
                0x08008540                DMA1_Stream5_IRQHandler
                0x08008540                CORDIC_IRQHandler
                0x08008540                BDMA_Channel1_IRQHandler
                0x08008540                TAMP_STAMP_IRQHandler
                0x08008540                EXTI3_IRQHandler
                0x08008540                LPTIM4_IRQHandler
                0x08008540                TIM8_TRG_COM_TIM14_IRQHandler
                0x08008540                LPTIM2_IRQHandler
                0x08008540                DFSDM1_FLT1_IRQHandler
                0x08008540                DMAMUX2_OVR_IRQHandler
                0x08008540                TIM8_UP_TIM13_IRQHandler
                0x08008540                I2C3_ER_IRQHandler
                0x08008540                DFSDM1_FLT2_IRQHandler
                0x08008540                USART10_IRQHandler
                0x08008540                MDMA_IRQHandler
                0x08008540                LPTIM3_IRQHandler
                0x08008540                HSEM1_IRQHandler
                0x08008540                EXTI0_IRQHandler
                0x08008540                I2C2_EV_IRQHandler
                0x08008540                DMA1_Stream2_IRQHandler
                0x08008540                FPU_IRQHandler
                0x08008540                OTG_HS_WKUP_IRQHandler
                0x08008540                FDCAN1_IT1_IRQHandler
                0x08008540                LTDC_ER_IRQHandler
                0x08008540                DMA2_Stream2_IRQHandler
                0x08008540                OCTOSPI1_IRQHandler
                0x08008540                TIM6_DAC_IRQHandler
                0x08008540                DMA2_Stream3_IRQHandler
                0x08008540                OCTOSPI2_IRQHandler
                0x08008540                DFSDM1_FLT3_IRQHandler
                0x08008540                TIM23_IRQHandler
                0x08008540                USART6_IRQHandler
                0x08008540                TIM17_IRQHandler
                0x08008540                USART3_IRQHandler
                0x08008540                BDMA_Channel7_IRQHandler
                0x08008540                LPTIM5_IRQHandler
                0x08008540                UART5_IRQHandler
                0x08008540                ADC3_IRQHandler
                0x08008540                TIM4_IRQHandler
                0x08008540                BDMA_Channel2_IRQHandler
                0x08008540                I2C1_EV_IRQHandler
                0x08008540                DMA1_Stream6_IRQHandler
                0x08008540                DMAMUX1_OVR_IRQHandler
                0x08008540                DMA1_Stream1_IRQHandler
                0x08008540                TIM16_IRQHandler
                0x08008540                UART4_IRQHandler
                0x08008540                BDMA_Channel5_IRQHandler
                0x08008540                TIM3_IRQHandler
                0x08008540                RCC_IRQHandler
                0x08008540                UART9_IRQHandler
                0x08008540                TIM8_BRK_TIM12_IRQHandler
                0x08008540                TIM1_TRG_COM_IRQHandler
                0x08008540                Default_Handler
                0x08008540                ECC_IRQHandler
                0x08008540                FMAC_IRQHandler
                0x08008540                CEC_IRQHandler
                0x08008540                BDMA_Channel0_IRQHandler
                0x08008540                I2C5_ER_IRQHandler
                0x08008540                DMA1_Stream7_IRQHandler
                0x08008540                SPI5_IRQHandler
                0x08008540                TIM7_IRQHandler
                0x08008540                FDCAN3_IT1_IRQHandler
                0x08008540                SDMMC1_IRQHandler
                0x08008540                TIM5_IRQHandler
                0x08008540                DMA2_Stream7_IRQHandler
                0x08008540                TIM15_IRQHandler
                0x08008540                PVD_AVD_IRQHandler
                0x08008540                I2C3_EV_IRQHandler
                0x08008540                EXTI9_5_IRQHandler
                0x08008540                RTC_WKUP_IRQHandler
                0x08008540                LTDC_IRQHandler
                0x08008540                ETH_WKUP_IRQHandler
                0x08008540                SPDIF_RX_IRQHandler
                0x08008540                OTG_HS_EP1_IN_IRQHandler
                0x08008540                TIM24_IRQHandler
                0x08008540                CRS_IRQHandler
                0x08008540                EXTI4_IRQHandler
                0x08008540                RNG_IRQHandler
                0x08008540                FDCAN2_IT1_IRQHandler
                0x08008540                ETH_IRQHandler
                0x08008540                TIM1_UP_IRQHandler
                0x08008540                BDMA_Channel4_IRQHandler
                0x08008540                OTG_HS_EP1_OUT_IRQHandler
                0x08008540                WWDG_IRQHandler
                0x08008540                SPI6_IRQHandler
                0x08008540                MDIOS_IRQHandler
                0x08008540                I2C4_EV_IRQHandler
                0x08008540                FDCAN2_IT0_IRQHandler
                0x08008540                LPUART1_IRQHandler
                0x08008540                FDCAN1_IT0_IRQHandler
                0x08008540                OTG_HS_IRQHandler
                0x08008540                DMA2D_IRQHandler
                0x08008540                TIM1_BRK_IRQHandler
                0x08008540                EXTI1_IRQHandler
                0x08008540                SDMMC2_IRQHandler
                0x08008540                BDMA_Channel3_IRQHandler
                0x08008540                DTS_IRQHandler
                0x08008540                UART7_IRQHandler
                0x08008540                MDIOS_WKUP_IRQHandler
                0x08008540                USART2_IRQHandler
                0x08008540                DFSDM1_FLT0_IRQHandler
                0x08008540                SAI4_IRQHandler
                0x08008540                I2C2_ER_IRQHandler
                0x08008540                DMA2_Stream1_IRQHandler
                0x08008540                FLASH_IRQHandler
                0x08008540                DMA2_Stream4_IRQHandler
                0x08008540                SPI3_IRQHandler
                0x08008540                WAKEUP_PIN_IRQHandler
                0x08008540                DMA1_Stream4_IRQHandler
                0x08008540                I2C1_ER_IRQHandler
                0x08008540                FMC_IRQHandler
                0x08008540                FDCAN_CAL_IRQHandler
                0x08008540                SWPMI1_IRQHandler
                0x08008540                COMP1_IRQHandler
                0x08008540                LPTIM1_IRQHandler
                0x08008540                DCMI_PSSI_IRQHandler
                0x08008540                I2C4_ER_IRQHandler
                0x08008540                DMA2_Stream6_IRQHandler
                0x08008540                SAI1_IRQHandler
                0x08008540                DMA1_Stream3_IRQHandler
 *fill*         0x08008542        0x2 
 .text.HAL_Init
                0x08008544       0x78 ./Drivers/STM32H7xx_HAL_Driver/Src/stm32h7xx_hal.o
                0x08008544                HAL_Init
 .text.HAL_InitTick
                0x080085bc       0x6c ./Drivers/STM32H7xx_HAL_Driver/Src/stm32h7xx_hal.o
                0x080085bc                HAL_InitTick
 .text.HAL_IncTick
                0x08008628       0x28 ./Drivers/STM32H7xx_HAL_Driver/Src/stm32h7xx_hal.o
                0x08008628                HAL_IncTick
 .text.HAL_GetTick
                0x08008650       0x18 ./Drivers/STM32H7xx_HAL_Driver/Src/stm32h7xx_hal.o
                0x08008650                HAL_GetTick
 .text.HAL_Delay
                0x08008668       0x48 ./Drivers/STM32H7xx_HAL_Driver/Src/stm32h7xx_hal.o
                0x08008668                HAL_Delay
 .text.LL_ADC_SetCommonClock
                0x080086b0       0x26 ./Drivers/STM32H7xx_HAL_Driver/Src/stm32h7xx_hal_adc.o
 .text.LL_ADC_SetCommonPathInternalCh
                0x080086d6       0x26 ./Drivers/STM32H7xx_HAL_Driver/Src/stm32h7xx_hal_adc.o
 .text.LL_ADC_GetCommonPathInternalCh
                0x080086fc       0x1c ./Drivers/STM32H7xx_HAL_Driver/Src/stm32h7xx_hal_adc.o
 .text.LL_ADC_SetChannelPreselection
                0x08008718       0x74 ./Drivers/STM32H7xx_HAL_Driver/Src/stm32h7xx_hal_adc.o
 .text.LL_ADC_SetOffset
                0x0800878c       0x64 ./Drivers/STM32H7xx_HAL_Driver/Src/stm32h7xx_hal_adc.o
 .text.LL_ADC_GetOffsetChannel
                0x080087f0       0x2c ./Drivers/STM32H7xx_HAL_Driver/Src/stm32h7xx_hal_adc.o
 .text.LL_ADC_SetDataRightShift
                0x0800881c       0x32 ./Drivers/STM32H7xx_HAL_Driver/Src/stm32h7xx_hal_adc.o
 *fill*         0x0800884e        0x2 
 .text.LL_ADC_SetOffsetSignedSaturation
                0x08008850       0x44 ./Drivers/STM32H7xx_HAL_Driver/Src/stm32h7xx_hal_adc.o
 .text.LL_ADC_SetOffsetSaturation
                0x08008894       0x44 ./Drivers/STM32H7xx_HAL_Driver/Src/stm32h7xx_hal_adc.o
 .text.LL_ADC_SetOffsetSign
                0x080088d8       0x44 ./Drivers/STM32H7xx_HAL_Driver/Src/stm32h7xx_hal_adc.o
 .text.LL_ADC_SetOffsetState
                0x0800891c       0x54 ./Drivers/STM32H7xx_HAL_Driver/Src/stm32h7xx_hal_adc.o
 .text.LL_ADC_REG_IsTriggerSourceSWStart
                0x08008970       0x26 ./Drivers/STM32H7xx_HAL_Driver/Src/stm32h7xx_hal_adc.o
 .text.LL_ADC_REG_SetSequencerRanks
                0x08008996       0x58 ./Drivers/STM32H7xx_HAL_Driver/Src/stm32h7xx_hal_adc.o
 .text.LL_ADC_REG_SetDataTransferMode
                0x080089ee       0x26 ./Drivers/STM32H7xx_HAL_Driver/Src/stm32h7xx_hal_adc.o
 .text.LL_ADC_EnableDMAReq
                0x08008a14       0x20 ./Drivers/STM32H7xx_HAL_Driver/Src/stm32h7xx_hal_adc.o
 .text.LL_ADC_REG_SetDMATransferMode
                0x08008a34       0x34 ./Drivers/STM32H7xx_HAL_Driver/Src/stm32h7xx_hal_adc.o
 .text.LL_ADC_INJ_IsTriggerSourceSWStart
                0x08008a68       0x26 ./Drivers/STM32H7xx_HAL_Driver/Src/stm32h7xx_hal_adc.o
 .text.LL_ADC_SetChannelSamplingTime
                0x08008a8e       0x56 ./Drivers/STM32H7xx_HAL_Driver/Src/stm32h7xx_hal_adc.o
 .text.LL_ADC_SetChannelSingleDiff
                0x08008ae4       0x80 ./Drivers/STM32H7xx_HAL_Driver/Src/stm32h7xx_hal_adc.o
 .text.LL_ADC_GetMultimode
                0x08008b64       0x1c ./Drivers/STM32H7xx_HAL_Driver/Src/stm32h7xx_hal_adc.o
 .text.LL_ADC_GetMultiDMATransfer
                0x08008b80       0x1c ./Drivers/STM32H7xx_HAL_Driver/Src/stm32h7xx_hal_adc.o
 .text.LL_ADC_DisableDeepPowerDown
                0x08008b9c       0x24 ./Drivers/STM32H7xx_HAL_Driver/Src/stm32h7xx_hal_adc.o
 .text.LL_ADC_IsDeepPowerDownEnabled
                0x08008bc0       0x28 ./Drivers/STM32H7xx_HAL_Driver/Src/stm32h7xx_hal_adc.o
 .text.LL_ADC_EnableInternalRegulator
                0x08008be8       0x28 ./Drivers/STM32H7xx_HAL_Driver/Src/stm32h7xx_hal_adc.o
 .text.LL_ADC_IsInternalRegulatorEnabled
                0x08008c10       0x28 ./Drivers/STM32H7xx_HAL_Driver/Src/stm32h7xx_hal_adc.o
 .text.LL_ADC_Enable
                0x08008c38       0x28 ./Drivers/STM32H7xx_HAL_Driver/Src/stm32h7xx_hal_adc.o
 .text.LL_ADC_IsEnabled
                0x08008c60       0x26 ./Drivers/STM32H7xx_HAL_Driver/Src/stm32h7xx_hal_adc.o
 *fill*         0x08008c86        0x2 
 .text.LL_ADC_REG_StartConversion
                0x08008c88       0x28 ./Drivers/STM32H7xx_HAL_Driver/Src/stm32h7xx_hal_adc.o
 .text.LL_ADC_REG_IsConversionOngoing
                0x08008cb0       0x26 ./Drivers/STM32H7xx_HAL_Driver/Src/stm32h7xx_hal_adc.o
 .text.LL_ADC_INJ_IsConversionOngoing
                0x08008cd6       0x26 ./Drivers/STM32H7xx_HAL_Driver/Src/stm32h7xx_hal_adc.o
 .text.HAL_ADC_Init
                0x08008cfc      0x410 ./Drivers/STM32H7xx_HAL_Driver/Src/stm32h7xx_hal_adc.o
                0x08008cfc                HAL_ADC_Init
 .text.HAL_ADC_Start_DMA
                0x0800910c      0x1b8 ./Drivers/STM32H7xx_HAL_Driver/Src/stm32h7xx_hal_adc.o
                0x0800910c                HAL_ADC_Start_DMA
 .text.HAL_ADC_IRQHandler
                0x080092c4      0x474 ./Drivers/STM32H7xx_HAL_Driver/Src/stm32h7xx_hal_adc.o
                0x080092c4                HAL_ADC_IRQHandler
 .text.HAL_ADC_ConvCpltCallback
                0x08009738       0x14 ./Drivers/STM32H7xx_HAL_Driver/Src/stm32h7xx_hal_adc.o
                0x08009738                HAL_ADC_ConvCpltCallback
 .text.HAL_ADC_ConvHalfCpltCallback
                0x0800974c       0x14 ./Drivers/STM32H7xx_HAL_Driver/Src/stm32h7xx_hal_adc.o
                0x0800974c                HAL_ADC_ConvHalfCpltCallback
 .text.HAL_ADC_LevelOutOfWindowCallback
                0x08009760       0x14 ./Drivers/STM32H7xx_HAL_Driver/Src/stm32h7xx_hal_adc.o
                0x08009760                HAL_ADC_LevelOutOfWindowCallback
 .text.HAL_ADC_ErrorCallback
                0x08009774       0x14 ./Drivers/STM32H7xx_HAL_Driver/Src/stm32h7xx_hal_adc.o
                0x08009774                HAL_ADC_ErrorCallback
 .text.HAL_ADC_ConfigChannel
                0x08009788      0x9a8 ./Drivers/STM32H7xx_HAL_Driver/Src/stm32h7xx_hal_adc.o
                0x08009788                HAL_ADC_ConfigChannel
 .text.ADC_Enable
                0x0800a130      0x114 ./Drivers/STM32H7xx_HAL_Driver/Src/stm32h7xx_hal_adc.o
                0x0800a130                ADC_Enable
 .text.ADC_DMAConvCplt
                0x0800a244       0xd8 ./Drivers/STM32H7xx_HAL_Driver/Src/stm32h7xx_hal_adc.o
                0x0800a244                ADC_DMAConvCplt
 .text.ADC_DMAHalfConvCplt
                0x0800a31c       0x1c ./Drivers/STM32H7xx_HAL_Driver/Src/stm32h7xx_hal_adc.o
                0x0800a31c                ADC_DMAHalfConvCplt
 .text.ADC_DMAError
                0x0800a338       0x34 ./Drivers/STM32H7xx_HAL_Driver/Src/stm32h7xx_hal_adc.o
                0x0800a338                ADC_DMAError
 .text.ADC_ConfigureBoostMode
                0x0800a36c      0x1dc ./Drivers/STM32H7xx_HAL_Driver/Src/stm32h7xx_hal_adc.o
                0x0800a36c                ADC_ConfigureBoostMode
 .text.HAL_ADCEx_InjectedConvCpltCallback
                0x0800a548       0x14 ./Drivers/STM32H7xx_HAL_Driver/Src/stm32h7xx_hal_adc_ex.o
                0x0800a548                HAL_ADCEx_InjectedConvCpltCallback
 .text.HAL_ADCEx_InjectedQueueOverflowCallback
                0x0800a55c       0x14 ./Drivers/STM32H7xx_HAL_Driver/Src/stm32h7xx_hal_adc_ex.o
                0x0800a55c                HAL_ADCEx_InjectedQueueOverflowCallback
 .text.HAL_ADCEx_LevelOutOfWindow2Callback
                0x0800a570       0x14 ./Drivers/STM32H7xx_HAL_Driver/Src/stm32h7xx_hal_adc_ex.o
                0x0800a570                HAL_ADCEx_LevelOutOfWindow2Callback
 .text.HAL_ADCEx_LevelOutOfWindow3Callback
                0x0800a584       0x14 ./Drivers/STM32H7xx_HAL_Driver/Src/stm32h7xx_hal_adc_ex.o
                0x0800a584                HAL_ADCEx_LevelOutOfWindow3Callback
 .text.HAL_ADCEx_EndOfSamplingCallback
                0x0800a598       0x14 ./Drivers/STM32H7xx_HAL_Driver/Src/stm32h7xx_hal_adc_ex.o
                0x0800a598                HAL_ADCEx_EndOfSamplingCallback
 .text.__NVIC_SetPriorityGrouping
                0x0800a5ac       0x48 ./Drivers/STM32H7xx_HAL_Driver/Src/stm32h7xx_hal_cortex.o
 .text.__NVIC_GetPriorityGrouping
                0x0800a5f4       0x1c ./Drivers/STM32H7xx_HAL_Driver/Src/stm32h7xx_hal_cortex.o
 .text.__NVIC_EnableIRQ
                0x0800a610       0x3c ./Drivers/STM32H7xx_HAL_Driver/Src/stm32h7xx_hal_cortex.o
 .text.__NVIC_SetPriority
                0x0800a64c       0x54 ./Drivers/STM32H7xx_HAL_Driver/Src/stm32h7xx_hal_cortex.o
 .text.NVIC_EncodePriority
                0x0800a6a0       0x66 ./Drivers/STM32H7xx_HAL_Driver/Src/stm32h7xx_hal_cortex.o
 *fill*         0x0800a706        0x2 
 .text.SysTick_Config
                0x0800a708       0x44 ./Drivers/STM32H7xx_HAL_Driver/Src/stm32h7xx_hal_cortex.o
 .text.HAL_NVIC_SetPriorityGrouping
                0x0800a74c       0x16 ./Drivers/STM32H7xx_HAL_Driver/Src/stm32h7xx_hal_cortex.o
                0x0800a74c                HAL_NVIC_SetPriorityGrouping
 .text.HAL_NVIC_SetPriority
                0x0800a762       0x34 ./Drivers/STM32H7xx_HAL_Driver/Src/stm32h7xx_hal_cortex.o
                0x0800a762                HAL_NVIC_SetPriority
 .text.HAL_NVIC_EnableIRQ
                0x0800a796       0x1c ./Drivers/STM32H7xx_HAL_Driver/Src/stm32h7xx_hal_cortex.o
                0x0800a796                HAL_NVIC_EnableIRQ
 .text.HAL_SYSTICK_Config
                0x0800a7b2       0x18 ./Drivers/STM32H7xx_HAL_Driver/Src/stm32h7xx_hal_cortex.o
                0x0800a7b2                HAL_SYSTICK_Config
 *fill*         0x0800a7ca        0x2 
 .text.HAL_MPU_Disable
                0x0800a7cc       0x30 ./Drivers/STM32H7xx_HAL_Driver/Src/stm32h7xx_hal_cortex.o
                0x0800a7cc                HAL_MPU_Disable
 .text.HAL_MPU_Enable
                0x0800a7fc       0x40 ./Drivers/STM32H7xx_HAL_Driver/Src/stm32h7xx_hal_cortex.o
                0x0800a7fc                HAL_MPU_Enable
 .text.HAL_MPU_ConfigRegion
                0x0800a83c       0x80 ./Drivers/STM32H7xx_HAL_Driver/Src/stm32h7xx_hal_cortex.o
                0x0800a83c                HAL_MPU_ConfigRegion
 .text.HAL_DMA_Init
                0x0800a8bc      0x6b0 ./Drivers/STM32H7xx_HAL_Driver/Src/stm32h7xx_hal_dma.o
                0x0800a8bc                HAL_DMA_Init
 .text.HAL_DMA_Start_IT
                0x0800af6c      0x4d4 ./Drivers/STM32H7xx_HAL_Driver/Src/stm32h7xx_hal_dma.o
                0x0800af6c                HAL_DMA_Start_IT
 .text.HAL_DMA_Abort
                0x0800b440      0x63c ./Drivers/STM32H7xx_HAL_Driver/Src/stm32h7xx_hal_dma.o
                0x0800b440                HAL_DMA_Abort
 .text.HAL_DMA_Abort_IT
                0x0800ba7c      0x48c ./Drivers/STM32H7xx_HAL_Driver/Src/stm32h7xx_hal_dma.o
                0x0800ba7c                HAL_DMA_Abort_IT
 .text.HAL_DMA_IRQHandler
                0x0800bf08      0xe54 ./Drivers/STM32H7xx_HAL_Driver/Src/stm32h7xx_hal_dma.o
                0x0800bf08                HAL_DMA_IRQHandler
 .text.HAL_DMA_GetState
                0x0800cd5c       0x1c ./Drivers/STM32H7xx_HAL_Driver/Src/stm32h7xx_hal_dma.o
                0x0800cd5c                HAL_DMA_GetState
 .text.HAL_DMA_GetError
                0x0800cd78       0x18 ./Drivers/STM32H7xx_HAL_Driver/Src/stm32h7xx_hal_dma.o
                0x0800cd78                HAL_DMA_GetError
 .text.DMA_SetConfig
                0x0800cd90      0x358 ./Drivers/STM32H7xx_HAL_Driver/Src/stm32h7xx_hal_dma.o
 .text.DMA_CalcBaseAndBitshift
                0x0800d0e8      0x164 ./Drivers/STM32H7xx_HAL_Driver/Src/stm32h7xx_hal_dma.o
 .text.DMA_CheckFifoParam
                0x0800d24c       0xf8 ./Drivers/STM32H7xx_HAL_Driver/Src/stm32h7xx_hal_dma.o
 .text.DMA_CalcDMAMUXChannelBaseAndMask
                0x0800d344      0x134 ./Drivers/STM32H7xx_HAL_Driver/Src/stm32h7xx_hal_dma.o
 .text.DMA_CalcDMAMUXRequestGenBaseAndMask
                0x0800d478       0xe8 ./Drivers/STM32H7xx_HAL_Driver/Src/stm32h7xx_hal_dma.o
 .text.HAL_GPIO_Init
                0x0800d560      0x350 ./Drivers/STM32H7xx_HAL_Driver/Src/stm32h7xx_hal_gpio.o
                0x0800d560                HAL_GPIO_Init
 .text.HAL_GPIO_ReadPin
                0x0800d8b0       0x30 ./Drivers/STM32H7xx_HAL_Driver/Src/stm32h7xx_hal_gpio.o
                0x0800d8b0                HAL_GPIO_ReadPin
 .text.HAL_GPIO_WritePin
                0x0800d8e0       0x32 ./Drivers/STM32H7xx_HAL_Driver/Src/stm32h7xx_hal_gpio.o
                0x0800d8e0                HAL_GPIO_WritePin
 .text.HAL_GPIO_EXTI_IRQHandler
                0x0800d912       0x34 ./Drivers/STM32H7xx_HAL_Driver/Src/stm32h7xx_hal_gpio.o
                0x0800d912                HAL_GPIO_EXTI_IRQHandler
 *fill*         0x0800d946        0x2 
 .text.HAL_I2C_Init
                0x0800d948      0x138 ./Drivers/STM32H7xx_HAL_Driver/Src/stm32h7xx_hal_i2c.o
                0x0800d948                HAL_I2C_Init
 .text.HAL_I2C_Mem_Write
                0x0800da80      0x228 ./Drivers/STM32H7xx_HAL_Driver/Src/stm32h7xx_hal_i2c.o
                0x0800da80                HAL_I2C_Mem_Write
 .text.HAL_I2C_Mem_Read
                0x0800dca8      0x234 ./Drivers/STM32H7xx_HAL_Driver/Src/stm32h7xx_hal_i2c.o
                0x0800dca8                HAL_I2C_Mem_Read
 .text.HAL_I2C_Mem_Write_IT
                0x0800dedc      0x114 ./Drivers/STM32H7xx_HAL_Driver/Src/stm32h7xx_hal_i2c.o
                0x0800dedc                HAL_I2C_Mem_Write_IT
 .text.HAL_I2C_Mem_Read_IT
                0x0800dff0      0x10c ./Drivers/STM32H7xx_HAL_Driver/Src/stm32h7xx_hal_i2c.o
                0x0800dff0                HAL_I2C_Mem_Read_IT
 .text.HAL_I2C_EV_IRQHandler
                0x0800e0fc       0x34 ./Drivers/STM32H7xx_HAL_Driver/Src/stm32h7xx_hal_i2c.o
                0x0800e0fc                HAL_I2C_EV_IRQHandler
 .text.HAL_I2C_MasterTxCpltCallback
                0x0800e130       0x14 ./Drivers/STM32H7xx_HAL_Driver/Src/stm32h7xx_hal_i2c.o
                0x0800e130                HAL_I2C_MasterTxCpltCallback
 .text.HAL_I2C_MasterRxCpltCallback
                0x0800e144       0x14 ./Drivers/STM32H7xx_HAL_Driver/Src/stm32h7xx_hal_i2c.o
                0x0800e144                HAL_I2C_MasterRxCpltCallback
 .text.HAL_I2C_SlaveTxCpltCallback
                0x0800e158       0x14 ./Drivers/STM32H7xx_HAL_Driver/Src/stm32h7xx_hal_i2c.o
                0x0800e158                HAL_I2C_SlaveTxCpltCallback
 .text.HAL_I2C_SlaveRxCpltCallback
                0x0800e16c       0x14 ./Drivers/STM32H7xx_HAL_Driver/Src/stm32h7xx_hal_i2c.o
                0x0800e16c                HAL_I2C_SlaveRxCpltCallback
 .text.HAL_I2C_AddrCallback
                0x0800e180       0x1c ./Drivers/STM32H7xx_HAL_Driver/Src/stm32h7xx_hal_i2c.o
                0x0800e180                HAL_I2C_AddrCallback
 .text.HAL_I2C_ListenCpltCallback
                0x0800e19c       0x14 ./Drivers/STM32H7xx_HAL_Driver/Src/stm32h7xx_hal_i2c.o
                0x0800e19c                HAL_I2C_ListenCpltCallback
 .text.HAL_I2C_ErrorCallback
                0x0800e1b0       0x14 ./Drivers/STM32H7xx_HAL_Driver/Src/stm32h7xx_hal_i2c.o
                0x0800e1b0                HAL_I2C_ErrorCallback
 .text.HAL_I2C_AbortCpltCallback
                0x0800e1c4       0x14 ./Drivers/STM32H7xx_HAL_Driver/Src/stm32h7xx_hal_i2c.o
                0x0800e1c4                HAL_I2C_AbortCpltCallback
 .text.I2C_Mem_ISR_IT
                0x0800e1d8      0x24c ./Drivers/STM32H7xx_HAL_Driver/Src/stm32h7xx_hal_i2c.o
 .text.I2C_Slave_ISR_IT
                0x0800e424      0x1f2 ./Drivers/STM32H7xx_HAL_Driver/Src/stm32h7xx_hal_i2c.o
 .text.I2C_Master_ISR_DMA
                0x0800e616      0x1d6 ./Drivers/STM32H7xx_HAL_Driver/Src/stm32h7xx_hal_i2c.o
 .text.I2C_Mem_ISR_DMA
                0x0800e7ec      0x24c ./Drivers/STM32H7xx_HAL_Driver/Src/stm32h7xx_hal_i2c.o
 .text.I2C_Slave_ISR_DMA
                0x0800ea38      0x3b4 ./Drivers/STM32H7xx_HAL_Driver/Src/stm32h7xx_hal_i2c.o
 .text.I2C_RequestMemoryWrite
                0x0800edec       0xa8 ./Drivers/STM32H7xx_HAL_Driver/Src/stm32h7xx_hal_i2c.o
 .text.I2C_RequestMemoryRead
                0x0800ee94       0xa8 ./Drivers/STM32H7xx_HAL_Driver/Src/stm32h7xx_hal_i2c.o
 .text.I2C_ITAddrCplt
                0x0800ef3c      0x108 ./Drivers/STM32H7xx_HAL_Driver/Src/stm32h7xx_hal_i2c.o
 .text.I2C_ITMasterSeqCplt
                0x0800f044       0x7a ./Drivers/STM32H7xx_HAL_Driver/Src/stm32h7xx_hal_i2c.o
 .text.I2C_ITSlaveSeqCplt
                0x0800f0be       0xb8 ./Drivers/STM32H7xx_HAL_Driver/Src/stm32h7xx_hal_i2c.o
 *fill*         0x0800f176        0x2 
 .text.I2C_ITMasterCplt
                0x0800f178      0x190 ./Drivers/STM32H7xx_HAL_Driver/Src/stm32h7xx_hal_i2c.o
 .text.I2C_ITSlaveCplt
                0x0800f308      0x4a8 ./Drivers/STM32H7xx_HAL_Driver/Src/stm32h7xx_hal_i2c.o
 .text.I2C_ITListenCplt
                0x0800f7b0       0xa8 ./Drivers/STM32H7xx_HAL_Driver/Src/stm32h7xx_hal_i2c.o
 .text.I2C_ITError
                0x0800f858      0x1e0 ./Drivers/STM32H7xx_HAL_Driver/Src/stm32h7xx_hal_i2c.o
 .text.I2C_TreatErrorCallback
                0x0800fa38       0x4e ./Drivers/STM32H7xx_HAL_Driver/Src/stm32h7xx_hal_i2c.o
 .text.I2C_Flush_TXDR
                0x0800fa86       0x48 ./Drivers/STM32H7xx_HAL_Driver/Src/stm32h7xx_hal_i2c.o
 .text.I2C_DMAAbort
                0x0800face       0x3c ./Drivers/STM32H7xx_HAL_Driver/Src/stm32h7xx_hal_i2c.o
 .text.I2C_WaitOnFlagUntilTimeout
                0x0800fb0a       0xb2 ./Drivers/STM32H7xx_HAL_Driver/Src/stm32h7xx_hal_i2c.o
 .text.I2C_WaitOnTXISFlagUntilTimeout
                0x0800fbbc       0x8e ./Drivers/STM32H7xx_HAL_Driver/Src/stm32h7xx_hal_i2c.o
 .text.I2C_WaitOnSTOPFlagUntilTimeout
                0x0800fc4a       0x86 ./Drivers/STM32H7xx_HAL_Driver/Src/stm32h7xx_hal_i2c.o
 .text.I2C_IsErrorOccurred
                0x0800fcd0      0x1c0 ./Drivers/STM32H7xx_HAL_Driver/Src/stm32h7xx_hal_i2c.o
 .text.I2C_TransferConfig
                0x0800fe90       0x64 ./Drivers/STM32H7xx_HAL_Driver/Src/stm32h7xx_hal_i2c.o
 .text.I2C_Enable_IRQ
                0x0800fef4      0x108 ./Drivers/STM32H7xx_HAL_Driver/Src/stm32h7xx_hal_i2c.o
 .text.I2C_Disable_IRQ
                0x0800fffc       0xbc ./Drivers/STM32H7xx_HAL_Driver/Src/stm32h7xx_hal_i2c.o
 .text.HAL_I2CEx_ConfigAnalogFilter
                0x080100b8       0x96 ./Drivers/STM32H7xx_HAL_Driver/Src/stm32h7xx_hal_i2c_ex.o
                0x080100b8                HAL_I2CEx_ConfigAnalogFilter
 .text.HAL_I2CEx_ConfigDigitalFilter
                0x0801014e       0x98 ./Drivers/STM32H7xx_HAL_Driver/Src/stm32h7xx_hal_i2c_ex.o
                0x0801014e                HAL_I2CEx_ConfigDigitalFilter
 *fill*         0x080101e6        0x2 
 .text.HAL_I2CEx_EnableFastModePlus
                0x080101e8       0x48 ./Drivers/STM32H7xx_HAL_Driver/Src/stm32h7xx_hal_i2c_ex.o
                0x080101e8                HAL_I2CEx_EnableFastModePlus
 .text.HAL_PWREx_ConfigSupply
                0x08010230       0x74 ./Drivers/STM32H7xx_HAL_Driver/Src/stm32h7xx_hal_pwr_ex.o
                0x08010230                HAL_PWREx_ConfigSupply
 .text.HAL_RCC_OscConfig
                0x080102a4      0x7b4 ./Drivers/STM32H7xx_HAL_Driver/Src/stm32h7xx_hal_rcc.o
                0x080102a4                HAL_RCC_OscConfig
 .text.HAL_RCC_ClockConfig
                0x08010a58      0x36c ./Drivers/STM32H7xx_HAL_Driver/Src/stm32h7xx_hal_rcc.o
                0x08010a58                HAL_RCC_ClockConfig
 .text.HAL_RCC_GetSysClockFreq
                0x08010dc4      0x2f4 ./Drivers/STM32H7xx_HAL_Driver/Src/stm32h7xx_hal_rcc.o
                0x08010dc4                HAL_RCC_GetSysClockFreq
 .text.HAL_RCC_GetHCLKFreq
                0x080110b8       0x60 ./Drivers/STM32H7xx_HAL_Driver/Src/stm32h7xx_hal_rcc.o
                0x080110b8                HAL_RCC_GetHCLKFreq
 .text.HAL_RCC_GetPCLK1Freq
                0x08011118       0x2c ./Drivers/STM32H7xx_HAL_Driver/Src/stm32h7xx_hal_rcc.o
                0x08011118                HAL_RCC_GetPCLK1Freq
 .text.HAL_RCC_GetPCLK2Freq
                0x08011144       0x2c ./Drivers/STM32H7xx_HAL_Driver/Src/stm32h7xx_hal_rcc.o
                0x08011144                HAL_RCC_GetPCLK2Freq
 .text.HAL_RCCEx_PeriphCLKConfig
                0x08011170     0x1340 ./Drivers/STM32H7xx_HAL_Driver/Src/stm32h7xx_hal_rcc_ex.o
                0x08011170                HAL_RCCEx_PeriphCLKConfig
 .text.HAL_RCCEx_GetPeriphCLKFreq
                0x080124b0      0x9a4 ./Drivers/STM32H7xx_HAL_Driver/Src/stm32h7xx_hal_rcc_ex.o
                0x080124b0                HAL_RCCEx_GetPeriphCLKFreq
 .text.HAL_RCCEx_GetD3PCLK1Freq
                0x08012e54       0x2c ./Drivers/STM32H7xx_HAL_Driver/Src/stm32h7xx_hal_rcc_ex.o
                0x08012e54                HAL_RCCEx_GetD3PCLK1Freq
 .text.HAL_RCCEx_GetPLL2ClockFreq
                0x08012e80      0x2a8 ./Drivers/STM32H7xx_HAL_Driver/Src/stm32h7xx_hal_rcc_ex.o
                0x08012e80                HAL_RCCEx_GetPLL2ClockFreq
 .text.HAL_RCCEx_GetPLL3ClockFreq
                0x08013128      0x2a8 ./Drivers/STM32H7xx_HAL_Driver/Src/stm32h7xx_hal_rcc_ex.o
                0x08013128                HAL_RCCEx_GetPLL3ClockFreq
 .text.HAL_RCCEx_GetPLL1ClockFreq
                0x080133d0      0x2a4 ./Drivers/STM32H7xx_HAL_Driver/Src/stm32h7xx_hal_rcc_ex.o
                0x080133d0                HAL_RCCEx_GetPLL1ClockFreq
 .text.RCCEx_PLL2_Config
                0x08013674      0x164 ./Drivers/STM32H7xx_HAL_Driver/Src/stm32h7xx_hal_rcc_ex.o
 .text.RCCEx_PLL3_Config
                0x080137d8      0x164 ./Drivers/STM32H7xx_HAL_Driver/Src/stm32h7xx_hal_rcc_ex.o
 .text.HAL_SPI_Init
                0x0801393c      0x248 ./Drivers/STM32H7xx_HAL_Driver/Src/stm32h7xx_hal_spi.o
                0x0801393c                HAL_SPI_Init
 .text.HAL_SPI_Transmit
                0x08013b84      0x3dc ./Drivers/STM32H7xx_HAL_Driver/Src/stm32h7xx_hal_spi.o
                0x08013b84                HAL_SPI_Transmit
 .text.HAL_SPI_Receive
                0x08013f60      0x4e4 ./Drivers/STM32H7xx_HAL_Driver/Src/stm32h7xx_hal_spi.o
                0x08013f60                HAL_SPI_Receive
 .text.HAL_SPI_TransmitReceive
                0x08014444      0x674 ./Drivers/STM32H7xx_HAL_Driver/Src/stm32h7xx_hal_spi.o
                0x08014444                HAL_SPI_TransmitReceive
 .text.HAL_SPI_Transmit_IT
                0x08014ab8      0x154 ./Drivers/STM32H7xx_HAL_Driver/Src/stm32h7xx_hal_spi.o
                0x08014ab8                HAL_SPI_Transmit_IT
 .text.HAL_SPI_Receive_IT
                0x08014c0c      0x154 ./Drivers/STM32H7xx_HAL_Driver/Src/stm32h7xx_hal_spi.o
                0x08014c0c                HAL_SPI_Receive_IT
 .text.HAL_SPI_Transmit_DMA
                0x08014d60      0x284 ./Drivers/STM32H7xx_HAL_Driver/Src/stm32h7xx_hal_spi.o
                0x08014d60                HAL_SPI_Transmit_DMA
 .text.HAL_SPI_IRQHandler
                0x08014fe4      0x39c ./Drivers/STM32H7xx_HAL_Driver/Src/stm32h7xx_hal_spi.o
                0x08014fe4                HAL_SPI_IRQHandler
 .text.HAL_SPI_TxRxCpltCallback
                0x08015380       0x14 ./Drivers/STM32H7xx_HAL_Driver/Src/stm32h7xx_hal_spi.o
                0x08015380                HAL_SPI_TxRxCpltCallback
 .text.HAL_SPI_TxHalfCpltCallback
                0x08015394       0x14 ./Drivers/STM32H7xx_HAL_Driver/Src/stm32h7xx_hal_spi.o
                0x08015394                HAL_SPI_TxHalfCpltCallback
 .text.HAL_SPI_ErrorCallback
                0x080153a8       0x14 ./Drivers/STM32H7xx_HAL_Driver/Src/stm32h7xx_hal_spi.o
                0x080153a8                HAL_SPI_ErrorCallback
 .text.HAL_SPI_SuspendCallback
                0x080153bc       0x14 ./Drivers/STM32H7xx_HAL_Driver/Src/stm32h7xx_hal_spi.o
                0x080153bc                HAL_SPI_SuspendCallback
 .text.SPI_DMATransmitCplt
                0x080153d0       0x46 ./Drivers/STM32H7xx_HAL_Driver/Src/stm32h7xx_hal_spi.o
 .text.SPI_DMAHalfTransmitCplt
                0x08015416       0x1c ./Drivers/STM32H7xx_HAL_Driver/Src/stm32h7xx_hal_spi.o
 .text.SPI_DMAError
                0x08015432       0x46 ./Drivers/STM32H7xx_HAL_Driver/Src/stm32h7xx_hal_spi.o
 .text.SPI_DMAAbortOnError
                0x08015478       0x34 ./Drivers/STM32H7xx_HAL_Driver/Src/stm32h7xx_hal_spi.o
 .text.SPI_RxISR_8BIT
                0x080154ac       0x5e ./Drivers/STM32H7xx_HAL_Driver/Src/stm32h7xx_hal_spi.o
 .text.SPI_RxISR_16BIT
                0x0801550a       0x60 ./Drivers/STM32H7xx_HAL_Driver/Src/stm32h7xx_hal_spi.o
 .text.SPI_RxISR_32BIT
                0x0801556a       0x58 ./Drivers/STM32H7xx_HAL_Driver/Src/stm32h7xx_hal_spi.o
 .text.SPI_TxISR_8BIT
                0x080155c2       0x5a ./Drivers/STM32H7xx_HAL_Driver/Src/stm32h7xx_hal_spi.o
 .text.SPI_TxISR_16BIT
                0x0801561c       0x5e ./Drivers/STM32H7xx_HAL_Driver/Src/stm32h7xx_hal_spi.o
 .text.SPI_TxISR_32BIT
                0x0801567a       0x58 ./Drivers/STM32H7xx_HAL_Driver/Src/stm32h7xx_hal_spi.o
 *fill*         0x080156d2        0x2 
 .text.SPI_CloseTransfer
                0x080156d4      0x140 ./Drivers/STM32H7xx_HAL_Driver/Src/stm32h7xx_hal_spi.o
 .text.SPI_WaitOnFlagUntilTimeout
                0x08015814       0x5c ./Drivers/STM32H7xx_HAL_Driver/Src/stm32h7xx_hal_spi.o
 .text.SPI_GetPacketSize
                0x08015870       0x36 ./Drivers/STM32H7xx_HAL_Driver/Src/stm32h7xx_hal_spi.o
 .text.HAL_TIM_Base_Init
                0x080158a6       0xae ./Drivers/STM32H7xx_HAL_Driver/Src/stm32h7xx_hal_tim.o
                0x080158a6                HAL_TIM_Base_Init
 .text.HAL_TIM_Base_Start
                0x08015954       0xfc ./Drivers/STM32H7xx_HAL_Driver/Src/stm32h7xx_hal_tim.o
                0x08015954                HAL_TIM_Base_Start
 .text.HAL_TIM_Base_Start_IT
                0x08015a50      0x10c ./Drivers/STM32H7xx_HAL_Driver/Src/stm32h7xx_hal_tim.o
                0x08015a50                HAL_TIM_Base_Start_IT
 .text.HAL_TIM_PWM_Init
                0x08015b5c       0xae ./Drivers/STM32H7xx_HAL_Driver/Src/stm32h7xx_hal_tim.o
                0x08015b5c                HAL_TIM_PWM_Init
 *fill*         0x08015c0a        0x2 
 .text.HAL_TIM_PWM_Start
                0x08015c0c      0x238 ./Drivers/STM32H7xx_HAL_Driver/Src/stm32h7xx_hal_tim.o
                0x08015c0c                HAL_TIM_PWM_Start
 .text.HAL_TIM_IC_Init
                0x08015e44       0xae ./Drivers/STM32H7xx_HAL_Driver/Src/stm32h7xx_hal_tim.o
                0x08015e44                HAL_TIM_IC_Init
 .text.HAL_TIM_IRQHandler
                0x08015ef2      0x20e ./Drivers/STM32H7xx_HAL_Driver/Src/stm32h7xx_hal_tim.o
                0x08015ef2                HAL_TIM_IRQHandler
 .text.HAL_TIM_IC_ConfigChannel
                0x08016100      0x138 ./Drivers/STM32H7xx_HAL_Driver/Src/stm32h7xx_hal_tim.o
                0x08016100                HAL_TIM_IC_ConfigChannel
 .text.HAL_TIM_PWM_ConfigChannel
                0x08016238      0x228 ./Drivers/STM32H7xx_HAL_Driver/Src/stm32h7xx_hal_tim.o
                0x08016238                HAL_TIM_PWM_ConfigChannel
 .text.HAL_TIM_ConfigClockSource
                0x08016460      0x1f0 ./Drivers/STM32H7xx_HAL_Driver/Src/stm32h7xx_hal_tim.o
                0x08016460                HAL_TIM_ConfigClockSource
 .text.HAL_TIM_OC_DelayElapsedCallback
                0x08016650       0x14 ./Drivers/STM32H7xx_HAL_Driver/Src/stm32h7xx_hal_tim.o
                0x08016650                HAL_TIM_OC_DelayElapsedCallback
 .text.HAL_TIM_IC_CaptureCallback
                0x08016664       0x14 ./Drivers/STM32H7xx_HAL_Driver/Src/stm32h7xx_hal_tim.o
                0x08016664                HAL_TIM_IC_CaptureCallback
 .text.HAL_TIM_PWM_PulseFinishedCallback
                0x08016678       0x14 ./Drivers/STM32H7xx_HAL_Driver/Src/stm32h7xx_hal_tim.o
                0x08016678                HAL_TIM_PWM_PulseFinishedCallback
 .text.HAL_TIM_TriggerCallback
                0x0801668c       0x14 ./Drivers/STM32H7xx_HAL_Driver/Src/stm32h7xx_hal_tim.o
                0x0801668c                HAL_TIM_TriggerCallback
 .text.TIM_Base_SetConfig
                0x080166a0      0x158 ./Drivers/STM32H7xx_HAL_Driver/Src/stm32h7xx_hal_tim.o
                0x080166a0                TIM_Base_SetConfig
 .text.TIM_OC1_SetConfig
                0x080167f8      0x120 ./Drivers/STM32H7xx_HAL_Driver/Src/stm32h7xx_hal_tim.o
 .text.TIM_OC2_SetConfig
                0x08016918      0x114 ./Drivers/STM32H7xx_HAL_Driver/Src/stm32h7xx_hal_tim.o
                0x08016918                TIM_OC2_SetConfig
 .text.TIM_OC3_SetConfig
                0x08016a2c      0x110 ./Drivers/STM32H7xx_HAL_Driver/Src/stm32h7xx_hal_tim.o
 .text.TIM_OC4_SetConfig
                0x08016b3c       0xd4 ./Drivers/STM32H7xx_HAL_Driver/Src/stm32h7xx_hal_tim.o
 .text.TIM_OC5_SetConfig
                0x08016c10       0xc8 ./Drivers/STM32H7xx_HAL_Driver/Src/stm32h7xx_hal_tim.o
 .text.TIM_OC6_SetConfig
                0x08016cd8       0xcc ./Drivers/STM32H7xx_HAL_Driver/Src/stm32h7xx_hal_tim.o
 .text.TIM_TI1_SetConfig
                0x08016da4      0x100 ./Drivers/STM32H7xx_HAL_Driver/Src/stm32h7xx_hal_tim.o
                0x08016da4                TIM_TI1_SetConfig
 .text.TIM_TI1_ConfigInputStage
                0x08016ea4       0x5e ./Drivers/STM32H7xx_HAL_Driver/Src/stm32h7xx_hal_tim.o
 .text.TIM_TI2_SetConfig
                0x08016f02       0x7a ./Drivers/STM32H7xx_HAL_Driver/Src/stm32h7xx_hal_tim.o
 .text.TIM_TI2_ConfigInputStage
                0x08016f7c       0x60 ./Drivers/STM32H7xx_HAL_Driver/Src/stm32h7xx_hal_tim.o
 .text.TIM_TI3_SetConfig
                0x08016fdc       0x78 ./Drivers/STM32H7xx_HAL_Driver/Src/stm32h7xx_hal_tim.o
 .text.TIM_TI4_SetConfig
                0x08017054       0x7a ./Drivers/STM32H7xx_HAL_Driver/Src/stm32h7xx_hal_tim.o
 *fill*         0x080170ce        0x2 
 .text.TIM_ITRx_SetConfig
                0x080170d0       0x3c ./Drivers/STM32H7xx_HAL_Driver/Src/stm32h7xx_hal_tim.o
 .text.TIM_ETR_SetConfig
                0x0801710c       0x40 ./Drivers/STM32H7xx_HAL_Driver/Src/stm32h7xx_hal_tim.o
                0x0801710c                TIM_ETR_SetConfig
 .text.TIM_CCxChannelCmd
                0x0801714c       0x4a ./Drivers/STM32H7xx_HAL_Driver/Src/stm32h7xx_hal_tim.o
                0x0801714c                TIM_CCxChannelCmd
 *fill*         0x08017196        0x2 
 .text.HAL_TIMEx_MasterConfigSynchronization
                0x08017198      0x138 ./Drivers/STM32H7xx_HAL_Driver/Src/stm32h7xx_hal_tim_ex.o
                0x08017198                HAL_TIMEx_MasterConfigSynchronization
 .text.HAL_TIMEx_ConfigBreakDeadTime
                0x080172d0      0x118 ./Drivers/STM32H7xx_HAL_Driver/Src/stm32h7xx_hal_tim_ex.o
                0x080172d0                HAL_TIMEx_ConfigBreakDeadTime
 .text.HAL_TIMEx_CommutCallback
                0x080173e8       0x14 ./Drivers/STM32H7xx_HAL_Driver/Src/stm32h7xx_hal_tim_ex.o
                0x080173e8                HAL_TIMEx_CommutCallback
 .text.HAL_TIMEx_BreakCallback
                0x080173fc       0x14 ./Drivers/STM32H7xx_HAL_Driver/Src/stm32h7xx_hal_tim_ex.o
                0x080173fc                HAL_TIMEx_BreakCallback
 .text.HAL_TIMEx_Break2Callback
                0x08017410       0x14 ./Drivers/STM32H7xx_HAL_Driver/Src/stm32h7xx_hal_tim_ex.o
                0x08017410                HAL_TIMEx_Break2Callback
 .text.HAL_UART_Init
                0x08017424       0xa0 ./Drivers/STM32H7xx_HAL_Driver/Src/stm32h7xx_hal_uart.o
                0x08017424                HAL_UART_Init
 .text.HAL_UART_Transmit
                0x080174c4      0x11c ./Drivers/STM32H7xx_HAL_Driver/Src/stm32h7xx_hal_uart.o
                0x080174c4                HAL_UART_Transmit
 .text.HAL_UART_Transmit_IT
                0x080175e0      0x128 ./Drivers/STM32H7xx_HAL_Driver/Src/stm32h7xx_hal_uart.o
                0x080175e0                HAL_UART_Transmit_IT
 .text.HAL_UART_Receive_IT
                0x08017708       0x98 ./Drivers/STM32H7xx_HAL_Driver/Src/stm32h7xx_hal_uart.o
                0x08017708                HAL_UART_Receive_IT
 .text.HAL_UART_IRQHandler
                0x080177a0      0x7ac ./Drivers/STM32H7xx_HAL_Driver/Src/stm32h7xx_hal_uart.o
                0x080177a0                HAL_UART_IRQHandler
 .text.HAL_UART_TxCpltCallback
                0x08017f4c       0x14 ./Drivers/STM32H7xx_HAL_Driver/Src/stm32h7xx_hal_uart.o
                0x08017f4c                HAL_UART_TxCpltCallback
 .text.HAL_UART_ErrorCallback
                0x08017f60       0x14 ./Drivers/STM32H7xx_HAL_Driver/Src/stm32h7xx_hal_uart.o
                0x08017f60                HAL_UART_ErrorCallback
 .text.HAL_UARTEx_RxEventCallback
                0x08017f74       0x18 ./Drivers/STM32H7xx_HAL_Driver/Src/stm32h7xx_hal_uart.o
                0x08017f74                HAL_UARTEx_RxEventCallback
 .text.UART_SetConfig
                0x08017f8c      0xcd8 ./Drivers/STM32H7xx_HAL_Driver/Src/stm32h7xx_hal_uart.o
                0x08017f8c                UART_SetConfig
 .text.UART_AdvFeatureConfig
                0x08018c64      0x144 ./Drivers/STM32H7xx_HAL_Driver/Src/stm32h7xx_hal_uart.o
                0x08018c64                UART_AdvFeatureConfig
 .text.UART_CheckIdleState
                0x08018da8      0x154 ./Drivers/STM32H7xx_HAL_Driver/Src/stm32h7xx_hal_uart.o
                0x08018da8                UART_CheckIdleState
 .text.UART_WaitOnFlagUntilTimeout
                0x08018efc       0xda ./Drivers/STM32H7xx_HAL_Driver/Src/stm32h7xx_hal_uart.o
                0x08018efc                UART_WaitOnFlagUntilTimeout
 *fill*         0x08018fd6        0x2 
 .text.UART_Start_Receive_IT
                0x08018fd8      0x244 ./Drivers/STM32H7xx_HAL_Driver/Src/stm32h7xx_hal_uart.o
                0x08018fd8                UART_Start_Receive_IT
 .text.UART_EndRxTransfer
                0x0801921c       0xcc ./Drivers/STM32H7xx_HAL_Driver/Src/stm32h7xx_hal_uart.o
 .text.UART_DMAAbortOnError
                0x080192e8       0x24 ./Drivers/STM32H7xx_HAL_Driver/Src/stm32h7xx_hal_uart.o
 .text.UART_TxISR_8BIT
                0x0801930c       0xb8 ./Drivers/STM32H7xx_HAL_Driver/Src/stm32h7xx_hal_uart.o
 .text.UART_TxISR_16BIT
                0x080193c4       0xc2 ./Drivers/STM32H7xx_HAL_Driver/Src/stm32h7xx_hal_uart.o
 .text.UART_TxISR_8BIT_FIFOEN
                0x08019486       0xe0 ./Drivers/STM32H7xx_HAL_Driver/Src/stm32h7xx_hal_uart.o
 .text.UART_TxISR_16BIT_FIFOEN
                0x08019566       0xea ./Drivers/STM32H7xx_HAL_Driver/Src/stm32h7xx_hal_uart.o
 .text.UART_EndTransmit_IT
                0x08019650       0x56 ./Drivers/STM32H7xx_HAL_Driver/Src/stm32h7xx_hal_uart.o
 *fill*         0x080196a6        0x2 
 .text.UART_RxISR_8BIT
                0x080196a8      0x1b8 ./Drivers/STM32H7xx_HAL_Driver/Src/stm32h7xx_hal_uart.o
 .text.UART_RxISR_16BIT
                0x08019860      0x1b8 ./Drivers/STM32H7xx_HAL_Driver/Src/stm32h7xx_hal_uart.o
 .text.UART_RxISR_8BIT_FIFOEN
                0x08019a18      0x364 ./Drivers/STM32H7xx_HAL_Driver/Src/stm32h7xx_hal_uart.o
 .text.UART_RxISR_16BIT_FIFOEN
                0x08019d7c      0x36c ./Drivers/STM32H7xx_HAL_Driver/Src/stm32h7xx_hal_uart.o
 .text.HAL_UARTEx_WakeupCallback
                0x0801a0e8       0x14 ./Drivers/STM32H7xx_HAL_Driver/Src/stm32h7xx_hal_uart_ex.o
                0x0801a0e8                HAL_UARTEx_WakeupCallback
 .text.HAL_UARTEx_RxFifoFullCallback
                0x0801a0fc       0x14 ./Drivers/STM32H7xx_HAL_Driver/Src/stm32h7xx_hal_uart_ex.o
                0x0801a0fc                HAL_UARTEx_RxFifoFullCallback
 .text.HAL_UARTEx_TxFifoEmptyCallback
                0x0801a110       0x14 ./Drivers/STM32H7xx_HAL_Driver/Src/stm32h7xx_hal_uart_ex.o
                0x0801a110                HAL_UARTEx_TxFifoEmptyCallback
 .text.HAL_UARTEx_DisableFifoMode
                0x0801a124       0x72 ./Drivers/STM32H7xx_HAL_Driver/Src/stm32h7xx_hal_uart_ex.o
                0x0801a124                HAL_UARTEx_DisableFifoMode
 .text.HAL_UARTEx_SetTxFifoThreshold
                0x0801a196       0x7c ./Drivers/STM32H7xx_HAL_Driver/Src/stm32h7xx_hal_uart_ex.o
                0x0801a196                HAL_UARTEx_SetTxFifoThreshold
 .text.HAL_UARTEx_SetRxFifoThreshold
                0x0801a212       0x7c ./Drivers/STM32H7xx_HAL_Driver/Src/stm32h7xx_hal_uart_ex.o
                0x0801a212                HAL_UARTEx_SetRxFifoThreshold
 *fill*         0x0801a28e        0x2 
 .text.UARTEx_SetNbDataToProcess
                0x0801a290       0x9c ./Drivers/STM32H7xx_HAL_Driver/Src/stm32h7xx_hal_uart_ex.o
 .text.MX_FATFS_Init
                0x0801a32c       0x24 ./FATFS/App/fatfs.o
                0x0801a32c                MX_FATFS_Init
 .text.get_fattime
                0x0801a350       0x10 ./FATFS/App/fatfs.o
                0x0801a350                get_fattime
 .text.USER_initialize
                0x0801a360       0x1c ./FATFS/Target/user_diskio.o
                0x0801a360                USER_initialize
 .text.USER_status
                0x0801a37c       0x1c ./FATFS/Target/user_diskio.o
                0x0801a37c                USER_status
 .text.USER_read
                0x0801a398       0x26 ./FATFS/Target/user_diskio.o
                0x0801a398                USER_read
 .text.USER_write
                0x0801a3be       0x26 ./FATFS/Target/user_diskio.o
                0x0801a3be                USER_write
 .text.USER_ioctl
                0x0801a3e4       0x26 ./FATFS/Target/user_diskio.o
                0x0801a3e4                USER_ioctl
 *fill*         0x0801a40a        0x2 
 .text.disk_status
                0x0801a40c       0x34 ./Middlewares/Third_Party/FatFs/src/diskio.o
                0x0801a40c                disk_status
 .text.disk_initialize
                0x0801a440       0x50 ./Middlewares/Third_Party/FatFs/src/diskio.o
                0x0801a440                disk_initialize
 .text.disk_read
                0x0801a490       0x40 ./Middlewares/Third_Party/FatFs/src/diskio.o
                0x0801a490                disk_read
 .text.disk_write
                0x0801a4d0       0x40 ./Middlewares/Third_Party/FatFs/src/diskio.o
                0x0801a4d0                disk_write
 .text.disk_ioctl
                0x0801a510       0x3c ./Middlewares/Third_Party/FatFs/src/diskio.o
                0x0801a510                disk_ioctl
 .text.ld_word  0x0801a54c       0x30 ./Middlewares/Third_Party/FatFs/src/ff.o
 .text.ld_dword
                0x0801a57c       0x46 ./Middlewares/Third_Party/FatFs/src/ff.o
 .text.st_word  0x0801a5c2       0x36 ./Middlewares/Third_Party/FatFs/src/ff.o
 .text.st_dword
                0x0801a5f8       0x58 ./Middlewares/Third_Party/FatFs/src/ff.o
 .text.mem_cpy  0x0801a650       0x42 ./Middlewares/Third_Party/FatFs/src/ff.o
 .text.mem_set  0x0801a692       0x36 ./Middlewares/Third_Party/FatFs/src/ff.o
 .text.mem_cmp  0x0801a6c8       0x4e ./Middlewares/Third_Party/FatFs/src/ff.o
 .text.chk_chr  0x0801a716       0x36 ./Middlewares/Third_Party/FatFs/src/ff.o
 .text.chk_lock
                0x0801a74c       0xb8 ./Middlewares/Third_Party/FatFs/src/ff.o
 .text.enq_lock
                0x0801a804       0x44 ./Middlewares/Third_Party/FatFs/src/ff.o
 .text.inc_lock
                0x0801a848      0x11c ./Middlewares/Third_Party/FatFs/src/ff.o
 .text.dec_lock
                0x0801a964       0x78 ./Middlewares/Third_Party/FatFs/src/ff.o
 .text.clear_lock
                0x0801a9dc       0x48 ./Middlewares/Third_Party/FatFs/src/ff.o
 .text.sync_window
                0x0801aa24       0x88 ./Middlewares/Third_Party/FatFs/src/ff.o
 .text.move_window
                0x0801aaac       0x5a ./Middlewares/Third_Party/FatFs/src/ff.o
 *fill*         0x0801ab06        0x2 
 .text.sync_fs  0x0801ab08       0xe0 ./Middlewares/Third_Party/FatFs/src/ff.o
 .text.clust2sect
                0x0801abe8       0x3e ./Middlewares/Third_Party/FatFs/src/ff.o
 .text.get_fat  0x0801ac26      0x1a6 ./Middlewares/Third_Party/FatFs/src/ff.o
 .text.put_fat  0x0801adcc      0x234 ./Middlewares/Third_Party/FatFs/src/ff.o
 .text.remove_chain
                0x0801b000       0xca ./Middlewares/Third_Party/FatFs/src/ff.o
 .text.create_chain
                0x0801b0ca      0x130 ./Middlewares/Third_Party/FatFs/src/ff.o
 .text.clmt_clust
                0x0801b1fa       0x70 ./Middlewares/Third_Party/FatFs/src/ff.o
 .text.dir_sdi  0x0801b26a      0x112 ./Middlewares/Third_Party/FatFs/src/ff.o
 .text.dir_next
                0x0801b37c      0x1ac ./Middlewares/Third_Party/FatFs/src/ff.o
 .text.dir_alloc
                0x0801b528       0x8e ./Middlewares/Third_Party/FatFs/src/ff.o
 .text.ld_clust
                0x0801b5b6       0x3e ./Middlewares/Third_Party/FatFs/src/ff.o
 .text.st_clust
                0x0801b5f4       0x40 ./Middlewares/Third_Party/FatFs/src/ff.o
 .text.cmp_lfn  0x0801b634       0xe0 ./Middlewares/Third_Party/FatFs/src/ff.o
 .text.pick_lfn
                0x0801b714       0xc8 ./Middlewares/Third_Party/FatFs/src/ff.o
 .text.put_lfn  0x0801b7dc       0xd0 ./Middlewares/Third_Party/FatFs/src/ff.o
 .text.gen_numname
                0x0801b8ac      0x11c ./Middlewares/Third_Party/FatFs/src/ff.o
 .text.sum_sfn  0x0801b9c8       0x42 ./Middlewares/Third_Party/FatFs/src/ff.o
 .text.dir_read
                0x0801ba0a      0x14e ./Middlewares/Third_Party/FatFs/src/ff.o
 .text.dir_find
                0x0801bb58      0x180 ./Middlewares/Third_Party/FatFs/src/ff.o
 .text.dir_register
                0x0801bcd8      0x1f0 ./Middlewares/Third_Party/FatFs/src/ff.o
 .text.dir_remove
                0x0801bec8       0x94 ./Middlewares/Third_Party/FatFs/src/ff.o
 .text.create_name
                0x0801bf5c      0x370 ./Middlewares/Third_Party/FatFs/src/ff.o
 .text.follow_path
                0x0801c2cc       0xec ./Middlewares/Third_Party/FatFs/src/ff.o
 .text.get_ldnumber
                0x0801c3b8       0x88 ./Middlewares/Third_Party/FatFs/src/ff.o
 .text.check_fs
                0x0801c440       0xac ./Middlewares/Third_Party/FatFs/src/ff.o
 .text.find_volume
                0x0801c4ec      0x50c ./Middlewares/Third_Party/FatFs/src/ff.o
 .text.validate
                0x0801c9f8       0x6a ./Middlewares/Third_Party/FatFs/src/ff.o
 *fill*         0x0801ca62        0x2 
 .text.f_mount  0x0801ca64       0x8c ./Middlewares/Third_Party/FatFs/src/ff.o
                0x0801ca64                f_mount
 .text.f_open   0x0801caf0      0x390 ./Middlewares/Third_Party/FatFs/src/ff.o
                0x0801caf0                f_open
 .text.f_write  0x0801ce80      0x328 ./Middlewares/Third_Party/FatFs/src/ff.o
                0x0801ce80                f_write
 .text.f_sync   0x0801d1a8       0xfc ./Middlewares/Third_Party/FatFs/src/ff.o
                0x0801d1a8                f_sync
 .text.f_close  0x0801d2a4       0x54 ./Middlewares/Third_Party/FatFs/src/ff.o
                0x0801d2a4                f_close
 .text.f_unlink
                0x0801d2f8      0x156 ./Middlewares/Third_Party/FatFs/src/ff.o
                0x0801d2f8                f_unlink
 *fill*         0x0801d44e        0x2 
 .text.FATFS_LinkDriverEx
                0x0801d450       0x98 ./Middlewares/Third_Party/FatFs/src/ff_gen_drv.o
                0x0801d450                FATFS_LinkDriverEx
 .text.FATFS_LinkDriver
                0x0801d4e8       0x1e ./Middlewares/Third_Party/FatFs/src/ff_gen_drv.o
                0x0801d4e8                FATFS_LinkDriver
 *fill*         0x0801d506        0x2 
 .text.ff_convert
                0x0801d508       0x78 ./Middlewares/Third_Party/FatFs/src/option/ccsbcs.o
                0x0801d508                ff_convert
 .text.ff_wtoupper
                0x0801d580      0x114 ./Middlewares/Third_Party/FatFs/src/option/ccsbcs.o
                0x0801d580                ff_wtoupper
 .text.memset   0x0801d694       0x10 C:/ST/STM32CubeIDE_1.11.2/STM32CubeIDE/plugins/com.st.stm32cube.ide.mcu.externaltools.gnu-tools-for-stm32.12.3.rel1.win32_1.1.0.202410251130/tools/bin/../lib/gcc/arm-none-eabi/12.3.1/../../../../arm-none-eabi/lib/thumb/v7e-m+dp/hard\libc_nano.a(libc_a-memset.o)
                0x0801d694                memset
 .text.__errno  0x0801d6a4        0xc C:/ST/STM32CubeIDE_1.11.2/STM32CubeIDE/plugins/com.st.stm32cube.ide.mcu.externaltools.gnu-tools-for-stm32.12.3.rel1.win32_1.1.0.202410251130/tools/bin/../lib/gcc/arm-none-eabi/12.3.1/../../../../arm-none-eabi/lib/thumb/v7e-m+dp/hard\libc_nano.a(libc_a-errno.o)
                0x0801d6a4                __errno
 .text.__libc_init_array
                0x0801d6b0       0x48 C:/ST/STM32CubeIDE_1.11.2/STM32CubeIDE/plugins/com.st.stm32cube.ide.mcu.externaltools.gnu-tools-for-stm32.12.3.rel1.win32_1.1.0.202410251130/tools/bin/../lib/gcc/arm-none-eabi/12.3.1/../../../../arm-none-eabi/lib/thumb/v7e-m+dp/hard\libc_nano.a(libc_a-init.o)
                0x0801d6b0                __libc_init_array
 .text.memcpy   0x0801d6f8       0x1c C:/ST/STM32CubeIDE_1.11.2/STM32CubeIDE/plugins/com.st.stm32cube.ide.mcu.externaltools.gnu-tools-for-stm32.12.3.rel1.win32_1.1.0.202410251130/tools/bin/../lib/gcc/arm-none-eabi/12.3.1/../../../../arm-none-eabi/lib/thumb/v7e-m+dp/hard\libc_nano.a(libc_a-memcpy-stub.o)
                0x0801d6f8                memcpy
 .text.atan2    0x0801d714        0x4 C:/ST/STM32CubeIDE_1.11.2/STM32CubeIDE/plugins/com.st.stm32cube.ide.mcu.externaltools.gnu-tools-for-stm32.12.3.rel1.win32_1.1.0.202410251130/tools/bin/../lib/gcc/arm-none-eabi/12.3.1/../../../../arm-none-eabi/lib/thumb/v7e-m+dp/hard\libm.a(libm_a-w_atan2.o)
                0x0801d714                atan2
 .text.sqrt     0x0801d718       0x40 C:/ST/STM32CubeIDE_1.11.2/STM32CubeIDE/plugins/com.st.stm32cube.ide.mcu.externaltools.gnu-tools-for-stm32.12.3.rel1.win32_1.1.0.202410251130/tools/bin/../lib/gcc/arm-none-eabi/12.3.1/../../../../arm-none-eabi/lib/thumb/v7e-m+dp/hard\libm.a(libm_a-w_sqrt.o)
                0x0801d718                sqrt
 .text.atan     0x0801d758      0x1f4 C:/ST/STM32CubeIDE_1.11.2/STM32CubeIDE/plugins/com.st.stm32cube.ide.mcu.externaltools.gnu-tools-for-stm32.12.3.rel1.win32_1.1.0.202410251130/tools/bin/../lib/gcc/arm-none-eabi/12.3.1/../../../../arm-none-eabi/lib/thumb/v7e-m+dp/hard\libm.a(libm_a-s_atan.o)
                0x0801d758                atan
 .text.fabs     0x0801d94c       0x10 C:/ST/STM32CubeIDE_1.11.2/STM32CubeIDE/plugins/com.st.stm32cube.ide.mcu.externaltools.gnu-tools-for-stm32.12.3.rel1.win32_1.1.0.202410251130/tools/bin/../lib/gcc/arm-none-eabi/12.3.1/../../../../arm-none-eabi/lib/thumb/v7e-m+dp/hard\libm.a(libm_a-s_fabs.o)
                0x0801d94c                fabs
 .text.checkint
                0x0801d95c       0x68 C:/ST/STM32CubeIDE_1.11.2/STM32CubeIDE/plugins/com.st.stm32cube.ide.mcu.externaltools.gnu-tools-for-stm32.12.3.rel1.win32_1.1.0.202410251130/tools/bin/../lib/gcc/arm-none-eabi/12.3.1/../../../../arm-none-eabi/lib/thumb/v7e-m+dp/hard\libm.a(libm_a-pow.o)
 *fill*         0x0801d9c4        0x4 
 .text.pow      0x0801d9c8      0x4a0 C:/ST/STM32CubeIDE_1.11.2/STM32CubeIDE/plugins/com.st.stm32cube.ide.mcu.externaltools.gnu-tools-for-stm32.12.3.rel1.win32_1.1.0.202410251130/tools/bin/../lib/gcc/arm-none-eabi/12.3.1/../../../../arm-none-eabi/lib/thumb/v7e-m+dp/hard\libm.a(libm_a-pow.o)
                0x0801d9c8                pow
 .text.__ieee754_sqrt
                0x0801de68        0x6 C:/ST/STM32CubeIDE_1.11.2/STM32CubeIDE/plugins/com.st.stm32cube.ide.mcu.externaltools.gnu-tools-for-stm32.12.3.rel1.win32_1.1.0.202410251130/tools/bin/../lib/gcc/arm-none-eabi/12.3.1/../../../../arm-none-eabi/lib/thumb/v7e-m+dp/hard\libm.a(libm_a-e_sqrt.o)
                0x0801de68                __ieee754_sqrt
 *fill*         0x0801de6e        0x2 
 .text.__ieee754_atan2
                0x0801de70      0x184 C:/ST/STM32CubeIDE_1.11.2/STM32CubeIDE/plugins/com.st.stm32cube.ide.mcu.externaltools.gnu-tools-for-stm32.12.3.rel1.win32_1.1.0.202410251130/tools/bin/../lib/gcc/arm-none-eabi/12.3.1/../../../../arm-none-eabi/lib/thumb/v7e-m+dp/hard\libm.a(libm_a-e_atan2.o)
                0x0801de70                __ieee754_atan2
 .text.with_errno
                0x0801dff4       0x1c C:/ST/STM32CubeIDE_1.11.2/STM32CubeIDE/plugins/com.st.stm32cube.ide.mcu.externaltools.gnu-tools-for-stm32.12.3.rel1.win32_1.1.0.202410251130/tools/bin/../lib/gcc/arm-none-eabi/12.3.1/../../../../arm-none-eabi/lib/thumb/v7e-m+dp/hard\libm.a(libm_a-math_err.o)
 .text.xflow    0x0801e010       0x22 C:/ST/STM32CubeIDE_1.11.2/STM32CubeIDE/plugins/com.st.stm32cube.ide.mcu.externaltools.gnu-tools-for-stm32.12.3.rel1.win32_1.1.0.202410251130/tools/bin/../lib/gcc/arm-none-eabi/12.3.1/../../../../arm-none-eabi/lib/thumb/v7e-m+dp/hard\libm.a(libm_a-math_err.o)
 *fill*         0x0801e032        0x6 
 .text.__math_uflow
                0x0801e038       0x10 C:/ST/STM32CubeIDE_1.11.2/STM32CubeIDE/plugins/com.st.stm32cube.ide.mcu.externaltools.gnu-tools-for-stm32.12.3.rel1.win32_1.1.0.202410251130/tools/bin/../lib/gcc/arm-none-eabi/12.3.1/../../../../arm-none-eabi/lib/thumb/v7e-m+dp/hard\libm.a(libm_a-math_err.o)
                0x0801e038                __math_uflow
 .text.__math_oflow
                0x0801e048       0x10 C:/ST/STM32CubeIDE_1.11.2/STM32CubeIDE/plugins/com.st.stm32cube.ide.mcu.externaltools.gnu-tools-for-stm32.12.3.rel1.win32_1.1.0.202410251130/tools/bin/../lib/gcc/arm-none-eabi/12.3.1/../../../../arm-none-eabi/lib/thumb/v7e-m+dp/hard\libm.a(libm_a-math_err.o)
                0x0801e048                __math_oflow
 .text.__math_divzero
                0x0801e058       0x30 C:/ST/STM32CubeIDE_1.11.2/STM32CubeIDE/plugins/com.st.stm32cube.ide.mcu.externaltools.gnu-tools-for-stm32.12.3.rel1.win32_1.1.0.202410251130/tools/bin/../lib/gcc/arm-none-eabi/12.3.1/../../../../arm-none-eabi/lib/thumb/v7e-m+dp/hard\libm.a(libm_a-math_err.o)
                0x0801e058                __math_divzero
 .text.__math_invalid
                0x0801e088       0x1e C:/ST/STM32CubeIDE_1.11.2/STM32CubeIDE/plugins/com.st.stm32cube.ide.mcu.externaltools.gnu-tools-for-stm32.12.3.rel1.win32_1.1.0.202410251130/tools/bin/../lib/gcc/arm-none-eabi/12.3.1/../../../../arm-none-eabi/lib/thumb/v7e-m+dp/hard\libm.a(libm_a-math_err.o)
                0x0801e088                __math_invalid
 .text.__math_check_uflow
                0x0801e0a6       0x12 C:/ST/STM32CubeIDE_1.11.2/STM32CubeIDE/plugins/com.st.stm32cube.ide.mcu.externaltools.gnu-tools-for-stm32.12.3.rel1.win32_1.1.0.202410251130/tools/bin/../lib/gcc/arm-none-eabi/12.3.1/../../../../arm-none-eabi/lib/thumb/v7e-m+dp/hard\libm.a(libm_a-math_err.o)
                0x0801e0a6                __math_check_uflow
 .text.__math_check_oflow