../Core/Src/dron.c:55:6:Thrust_filter	64	static
../Core/Src/dron.c:114:8:Thrust_filter_2	40	static
../Core/Src/dron.c:128:7:Wobble_Detect	48	static
../Core/Src/dron.c:183:6:Wobble_handler	8	static
../Core/Src/dron.c:220:7:APV	32	static
../Core/Src/dron.c:248:7:ADV	32	static
../Core/Src/dron.c:273:6:acceleration_stabilizer	16	static
../Core/Src/dron.c:283:6:PID_call	8	static
../Core/Src/dron.c:293:6:PID_cal	24	static
../Core/Src/dron.c:424:6:Get_batteryvalue	4	static
../Core/Src/dron.c:452:6:IS_DRON_ON_GROUND	16	static
../Core/Src/dron.c:464:6:PID_Self_Regulation	32	static
