../Core/Src/dron.c:49:6:Thrust_filter	64	static
../Core/Src/dron.c:108:8:Thrust_filter_2	40	static
../Core/Src/dron.c:122:7:Wobble_Detect	48	static
../Core/Src/dron.c:177:6:Wobble_handler	8	static
../Core/Src/dron.c:214:7:APV	32	static
../Core/Src/dron.c:242:7:ADV	32	static
../Core/Src/dron.c:267:6:acceleration_stabilizer	16	static
../Core/Src/dron.c:277:6:PID_cal	24	static
../Core/Src/dron.c:396:6:Get_batteryvalue	4	static
../Core/Src/dron.c:424:6:IS_DRON_ON_GROUND	16	static
../Core/Src/dron.c:436:6:PID_Self_Regulation	32	static
