../Core/Src/fatfs_sd.c:26:13:SELECT	8	static
../Core/Src/fatfs_sd.c:33:13:DESELECT	8	static
../Core/Src/fatfs_sd.c:40:13:SPI_TxByte	16	static
../Core/Src/fatfs_sd.c:51:13:SPI_TxBuffer	16	static
../Core/Src/fatfs_sd.c:60:16:SPI_RxByte	24	static
../Core/Src/fatfs_sd.c:74:13:SPI_RxBytePtr	16	static
../Core/Src/fatfs_sd.c:84:16:SD_ReadyWait	16	static
../Core/Src/fatfs_sd.c:100:13:SD_PowerOn	24	static
../Core/Src/fatfs_sd.c:138:13:SD_PowerOff	4	static
../Core/Src/fatfs_sd.c:144:16:SD_CheckPower	4	static
../Core/Src/fatfs_sd.c:150:13:SD_RxDataBlock	24	static
../Core/Src/fatfs_sd.c:179:13:SD_TxDataBlock	24	static
../Core/Src/fatfs_sd.c:221:13:SD_SendCmd	24	static
../Core/Src/fatfs_sd.c:260:9:SD_disk_initialize	32	static
../Core/Src/fatfs_sd.c:360:9:SD_disk_status	16	static
../Core/Src/fatfs_sd.c:367:9:SD_disk_read	24	static
../Core/Src/fatfs_sd.c:409:9:SD_disk_write	24	static
../Core/Src/fatfs_sd.c:464:9:SD_disk_ioctl	56	static
