../Drivers/CMSIS/Include/core_cm7.h:2156:34:__NVIC_SystemReset	4	static,ignoring_inline_asm
../Drivers/CMSIS/Include/core_cm7.h:2660:26:ITM_SendChar	16	static,ignoring_inline_asm
../Core/Src/main.c:321:5:main	48	static
../Core/Src/main.c:828:6:SystemClock_Config	120	static
../Core/Src/main.c:888:6:PeriphCommonClock_Config	192	static
../Core/Src/main.c:912:6:HAL_TIM_PeriodElapsedCallback	24	static
../Core/Src/main.c:997:6:HAL_GPIO_EXTI_Callback	24	static
../Core/Src/main.c:1066:6:HAL_UART_RxCpltCallback	24	static
../Core/Src/main.c:1090:6:HAL_I2C_MemRxCpltCallback	24	static
../Core/Src/main.c:1229:6:convert_array_to_value	48	static
../Core/Src/main.c:1240:6:convert_value_to_array	40	static
../Core/Src/main.c:1257:10:potenga	32	static
../Core/Src/main.c:1279:7:WartoscBezwgledna	16	static
../Core/Src/main.c:1286:5:_write	32	static
../Core/Src/main.c:1298:6:RGB_LED_Set_color	16	static
../Core/Src/main.c:1304:6:RGB_LED_For_BAT	16	static
../Core/Src/main.c:1330:6:convert_value_to_array2	40	static
../Core/Src/main.c:1368:6:convert_value_to_array3	64	static
../Core/Src/main.c:1453:6:uSD_Card_SendData_To_Buffer	16	static
../Core/Src/main.c:1497:6:Stack_Push	16	static
../Core/Src/main.c:1510:9:ROOL_MAX_VAL	4	static
../Core/Src/main.c:1514:9:ROOL_MIN_VAL	4	static
../Core/Src/main.c:1518:9:PITCH_MAX_VAL	4	static
../Core/Src/main.c:1522:9:PITCH_MIN_VAL	4	static
../Core/Src/main.c:1526:9:YAW_MAX_VAL	4	static
../Core/Src/main.c:1530:9:YAW_MIN_VAL	4	static
../Core/Src/main.c:1534:9:ROOL_GOOD_VAL	4	static
../Core/Src/main.c:1538:9:PITCH_GOOD_VAL	4	static
../Core/Src/main.c:1542:9:YAW_GOOD_VAL	4	static
../Core/Src/main.c:1550:6:MPU_Config	24	static
../Core/Src/main.c:1581:6:Error_Handler	4	static,ignoring_inline_asm
