../Drivers/CMSIS/Include/core_cm7.h:2156:34:__NVIC_SystemReset	4	static,ignoring_inline_asm
../Drivers/CMSIS/Include/core_cm7.h:2660:26:ITM_SendChar	16	static,ignoring_inline_asm
../Core/Src/main.c:317:5:main	48	static
../Core/Src/main.c:798:6:SystemClock_Config	120	static
../Core/Src/main.c:858:6:PeriphCommonClock_Config	192	static
../Core/Src/main.c:882:6:HAL_TIM_PeriodElapsedCallback	24	static
../Core/Src/main.c:968:6:HAL_GPIO_EXTI_Callback	24	static
../Core/Src/main.c:1053:6:HAL_UART_RxCpltCallback	24	static
../Core/Src/main.c:1077:6:HAL_I2C_MemRxCpltCallback	24	static
../Core/Src/main.c:1230:6:convert_array_to_value	48	static
../Core/Src/main.c:1241:6:convert_value_to_array	40	static
../Core/Src/main.c:1258:10:potenga	32	static
../Core/Src/main.c:1280:6:valswitch	16	static
../Core/Src/main.c:1285:7:WartoscBezwgledna	16	static
../Core/Src/main.c:1296:5:_write	32	static
../Core/Src/main.c:1308:6:RGB_LED_Set_color	16	static
../Core/Src/main.c:1314:6:RGB_LED_For_BAT	16	static
../Core/Src/main.c:1340:6:convert_value_to_array2	40	static
../Core/Src/main.c:1378:6:convert_value_to_array3	64	static
../Core/Src/main.c:1463:6:uSD_Card_SendData_To_Buffer	16	static
../Core/Src/main.c:1507:6:Stack_Push	16	static
../Core/Src/main.c:1524:6:MPU_Config	24	static
../Core/Src/main.c:1555:6:Error_Handler	4	static,ignoring_inline_asm
