../Core/Src/MPU6050.c:27:9:MPU6050_INIT	24	static
../Core/Src/MPU6050.c:64:6:MPU6050_RESET	32	static
../Core/Src/MPU6050.c:69:6:MPU6050_CONFIG_DLPF	40	static
../Core/Src/MPU6050.c:74:6:MPU6050_CONFIG_GYRO	40	static
../Core/Src/MPU6050.c:79:6:MPU6050_CONFIG_ACCEL	40	static
../Core/Src/MPU6050.c:84:6:MPU6050_CONFIG_FIFO	32	static
../Core/Src/MPU6050.c:89:6:MPU6050_CONFIG_INT	32	static
../Core/Src/MPU6050.c:94:6:MPU6050_CONFIG_SAMPLE_RATE	32	static
../Core/Src/MPU6050.c:99:6:MPU6050_CONFIG_INTERRUPT_ENABLE	32	static
../Core/Src/MPU6050.c:104:6:MPU6050_CONFIG_USER_CONTROL	32	static
../Core/Src/MPU6050.c:120:6:MPU6050_CALIBRATION	64	static
../Core/Src/MPU6050.c:145:6:MPU6050_GET_ACCEL_TO_ANGLE	40	static
../Core/Src/MPU6050.c:158:6:MPU6050_GET_GYRO_TO_ANGLE	32	static
../Core/Src/MPU6050.c:164:6:MPU6050_GET_ACCANDGYR_CALANDSCL	88	static
../Core/Src/MPU6050.c:189:6:MPU6050_GET_ACCANDGYR_CALANDSCL_IT	16	static
../Core/Src/MPU6050.c:198:6:MPU6050_GET_CALANDSCL_IT	56	static
../Core/Src/MPU6050.c:208:6:MPU6050_GET_ACCANDGYR_FILTRED	40	static
../Core/Src/MPU6050.c:215:9:MPU6050_GET_ACCEL_XH	32	static
../Core/Src/MPU6050.c:220:9:MPU6050_GET_ACCEL_XL	32	static
../Core/Src/MPU6050.c:225:9:MPU6050_GET_ACCEL_YH	32	static
../Core/Src/MPU6050.c:230:9:MPU6050_GET_ACCEL_YL	32	static
../Core/Src/MPU6050.c:235:9:MPU6050_GET_ACCEL_ZH	32	static
../Core/Src/MPU6050.c:240:9:MPU6050_GET_ACCEL_ZL	32	static
../Core/Src/MPU6050.c:246:9:MPU6050_GET_GYRO_XH	32	static
../Core/Src/MPU6050.c:251:9:MPU6050_GET_GYRO_XL	32	static
../Core/Src/MPU6050.c:256:9:MPU6050_GET_GYRO_YH	32	static
../Core/Src/MPU6050.c:261:9:MPU6050_GET_GYRO_YL	32	static
../Core/Src/MPU6050.c:266:9:MPU6050_GET_GYRO_ZH	32	static
../Core/Src/MPU6050.c:271:9:MPU6050_GET_GYRO_ZL	32	static
../Core/Src/MPU6050.c:276:9:MPU6050_GET_ACCEL_FULLVALUE_X	32	static
../Core/Src/MPU6050.c:286:9:MPU6050_GET_ACCEL_FULLVALUE_Y	24	static
../Core/Src/MPU6050.c:291:9:MPU6050_GET_ACCEL_FULLVALUE_Z	24	static
../Core/Src/MPU6050.c:297:9:MPU6050_GET_GYRO_FULLVALUE_X	24	static
../Core/Src/MPU6050.c:302:9:MPU6050_GET_GYRO_FULLVALUE_Y	24	static
../Core/Src/MPU6050.c:307:9:MPU6050_GET_GYRO_FULLVALUE_Z	24	static
../Core/Src/MPU6050.c:313:8:MPU6050_READ_ID	32	static
../Core/Src/MPU6050.c:321:9:MPU6050_READ_CONFIG_DLPF	32	static
../Core/Src/MPU6050.c:327:9:MPU6050_READ_CONFIG_GYRO	32	static
../Core/Src/MPU6050.c:333:9:MPU6050_READ_CONFIG_ACCEL	32	static
../Core/Src/MPU6050.c:339:9:MPU6050_READ_CONFIG_FIFO	32	static
../Core/Src/MPU6050.c:345:9:MPU6050_READ_CONFIG_INT	32	static
../Core/Src/MPU6050.c:351:9:MPU6050_READ_CONFIG_SAMPLE_RATE	32	static
../Core/Src/MPU6050.c:357:9:MPU6050_READ_CONFIG_INTERRUPT_ENABLE	32	static
../Core/Src/MPU6050.c:363:9:MPU6050_READ_CONFIG_USER_CONTROL	32	static
../Core/Src/MPU6050.c:370:6:MPU6050_Enable_I2C_Bypass	32	static
../Core/Src/MPU6050.c:375:6:MPU6050_VerAcc_Cal	4	static
../Core/Src/MPU6050.c:380:6:MPU6050_VerVel_Cal	16	static
../Core/Src/MPU6050.c:386:6:Complementary_getFilter	40	static
