../Core/Src/MPU6050.c:20:9:MPU6050_INIT	24	static
../Core/Src/MPU6050.c:57:6:MPU6050_RESET	32	static
../Core/Src/MPU6050.c:62:6:MPU6050_CONFIG_DLPF	40	static
../Core/Src/MPU6050.c:67:6:MPU6050_CONFIG_GYRO	40	static
../Core/Src/MPU6050.c:72:6:MPU6050_CONFIG_ACCEL	40	static
../Core/Src/MPU6050.c:77:6:MPU6050_CONFIG_FIFO	32	static
../Core/Src/MPU6050.c:82:6:MPU6050_CONFIG_INT	32	static
../Core/Src/MPU6050.c:87:6:MPU6050_CONFIG_SAMPLE_RATE	32	static
../Core/Src/MPU6050.c:92:6:MPU6050_CONFIG_INTERRUPT_ENABLE	32	static
../Core/Src/MPU6050.c:97:6:MPU6050_CONFIG_USER_CONTROL	32	static
../Core/Src/MPU6050.c:113:6:MPU6050_CALIBRATION	40	static
../Core/Src/MPU6050.c:136:6:MPU6050_GET_ACCEL_TO_ANGLE	16	static
../Core/Src/MPU6050.c:149:6:MPU6050_GET_GYRO_TO_ANGLE	32	static
../Core/Src/MPU6050.c:155:6:MPU6050_GET_ACCANDGYR_CALANDSCL	88	static
../Core/Src/MPU6050.c:180:6:MPU6050_GET_ACCANDGYR_CALANDSCL_IT	16	static
../Core/Src/MPU6050.c:185:6:MPU6050_GET_CALANDSCL_IT	4	static
../Core/Src/MPU6050.c:195:6:MPU6050_GET_ACCANDGYR_FILTRED	16	static
../Core/Src/MPU6050.c:201:9:MPU6050_GET_ACCEL_XH	32	static
../Core/Src/MPU6050.c:206:9:MPU6050_GET_ACCEL_XL	32	static
../Core/Src/MPU6050.c:211:9:MPU6050_GET_ACCEL_YH	32	static
../Core/Src/MPU6050.c:216:9:MPU6050_GET_ACCEL_YL	32	static
../Core/Src/MPU6050.c:221:9:MPU6050_GET_ACCEL_ZH	32	static
../Core/Src/MPU6050.c:226:9:MPU6050_GET_ACCEL_ZL	32	static
../Core/Src/MPU6050.c:232:9:MPU6050_GET_GYRO_XH	32	static
../Core/Src/MPU6050.c:237:9:MPU6050_GET_GYRO_XL	32	static
../Core/Src/MPU6050.c:242:9:MPU6050_GET_GYRO_YH	32	static
../Core/Src/MPU6050.c:247:9:MPU6050_GET_GYRO_YL	32	static
../Core/Src/MPU6050.c:252:9:MPU6050_GET_GYRO_ZH	32	static
../Core/Src/MPU6050.c:257:9:MPU6050_GET_GYRO_ZL	32	static
../Core/Src/MPU6050.c:262:9:MPU6050_GET_ACCEL_FULLVALUE_X	32	static
../Core/Src/MPU6050.c:272:9:MPU6050_GET_ACCEL_FULLVALUE_Y	24	static
../Core/Src/MPU6050.c:277:9:MPU6050_GET_ACCEL_FULLVALUE_Z	24	static
../Core/Src/MPU6050.c:283:9:MPU6050_GET_GYRO_FULLVALUE_X	24	static
../Core/Src/MPU6050.c:288:9:MPU6050_GET_GYRO_FULLVALUE_Y	24	static
../Core/Src/MPU6050.c:293:9:MPU6050_GET_GYRO_FULLVALUE_Z	24	static
../Core/Src/MPU6050.c:299:8:MPU6050_READ_ID	32	static
../Core/Src/MPU6050.c:307:9:MPU6050_READ_CONFIG_DLPF	32	static
../Core/Src/MPU6050.c:313:9:MPU6050_READ_CONFIG_GYRO	32	static
../Core/Src/MPU6050.c:319:9:MPU6050_READ_CONFIG_ACCEL	32	static
../Core/Src/MPU6050.c:325:9:MPU6050_READ_CONFIG_FIFO	32	static
../Core/Src/MPU6050.c:331:9:MPU6050_READ_CONFIG_INT	32	static
../Core/Src/MPU6050.c:337:9:MPU6050_READ_CONFIG_SAMPLE_RATE	32	static
../Core/Src/MPU6050.c:343:9:MPU6050_READ_CONFIG_INTERRUPT_ENABLE	32	static
../Core/Src/MPU6050.c:349:9:MPU6050_READ_CONFIG_USER_CONTROL	32	static
../Core/Src/MPU6050.c:356:6:MPU6050_Enable_I2C_Bypass	32	static
../Core/Src/MPU6050.c:361:6:MPU6050_VerAcc_Cal	4	static
../Core/Src/MPU6050.c:366:6:MPU6050_VerVel_Cal	16	static
../Core/Src/MPU6050.c:372:6:Complementary_getFilter	40	static
