../Core/Src/NRF24.c:28:13:nRF24_Delay	16	static
../Core/Src/NRF24.c:33:13:nRF24_SendSpi	16	static
../Core/Src/NRF24.c:37:13:nRF24_SendSpi_IT	16	static
../Core/Src/NRF24.c:43:13:nRF24_ReadSpi	16	static
../Core/Src/NRF24.c:47:13:nRF24_ReadSpi_IT	16	static
../Core/Src/NRF24.c:56:16:nRF24_ReadRegister	24	static
../Core/Src/NRF24.c:70:13:nRF24_ReadRegisters	16	static
../Core/Src/NRF24.c:82:13:nRF24_ReadRegisters_IT	16	static
../Core/Src/NRF24.c:95:13:nRF24_WriteRegister	24	static
../Core/Src/NRF24.c:109:13:nRF24_WriteRegisters	16	static
../Core/Src/NRF24.c:121:13:nRF24_WriteRegisters_IT	16	static
../Core/Src/NRF24.c:136:6:nRF24_RX_Mode	16	static
../Core/Src/NRF24.c:159:6:nRF24_TX_Mode	16	static
../Core/Src/NRF24.c:183:9:nRF24_ReadConfig	8	static
../Core/Src/NRF24.c:188:6:nRF24_WriteConfig	16	static
../Core/Src/NRF24.c:193:6:nRF24_SetPALevel	24	static
../Core/Src/NRF24.c:201:6:nRF24_SetDataRate	24	static
../Core/Src/NRF24.c:212:9:nRF24_ReadStatus	8	static
../Core/Src/NRF24.c:217:6:nRF24_WriteStatus	16	static
../Core/Src/NRF24.c:222:6:nRF24_FlushRX	16	static
../Core/Src/NRF24.c:231:6:nRF24_FlushTX	16	static
../Core/Src/NRF24.c:240:6:nRF24_EnableCRC	24	static
../Core/Src/NRF24.c:251:6:nRF24_SetCRCLength	24	static
../Core/Src/NRF24.c:261:6:nRF24_SetRetries	16	static
../Core/Src/NRF24.c:267:6:nRF24_SetRFChannel	16	static
../Core/Src/NRF24.c:272:6:nRF24_SetPayloadSize	16	static
../Core/Src/NRF24.c:279:6:nRF24_EnablePipe	24	static
../Core/Src/NRF24.c:291:6:nRF24_AutoACK	24	static
../Core/Src/NRF24.c:303:6:nRF24_SetAddressWidth	16	static
../Core/Src/NRF24.c:312:6:nRF24_SetRXAddress	24	static
../Core/Src/NRF24.c:329:6:nRF24_SetTXAddress	24	static
../Core/Src/NRF24.c:348:6:nRF24_ClearInterrupts	16	static
../Core/Src/NRF24.c:355:6:nRF24_EnableRXDataReadyIRQ	24	static
../Core/Src/NRF24.c:367:6:nRF24_EnableTXDataSentIRQ	24	static
../Core/Src/NRF24.c:379:6:nRF24_EnableMaxRetransmitIRQ	24	static
../Core/Src/NRF24.c:391:6:nRF24_WriteTXPayload	16	static
../Core/Src/NRF24.c:397:6:nRF24_WriteTXPayload_IT	16	static
../Core/Src/NRF24.c:404:6:nRF24_WaitTX	16	static
../Core/Src/NRF24.c:418:6:nRF24_ReadRXPaylaod	16	static
../Core/Src/NRF24.c:434:6:nRF24_ReadRXPaylaod_IT	16	static
../Core/Src/NRF24.c:439:6:nRF24_ReadRXPaylaod_IT_End	8	static
../Core/Src/NRF24.c:449:9:nRF24_GetDynamicPayloadSize	16	static
../Core/Src/NRF24.c:466:9:nRF24_RXAvailible	16	static
../Core/Src/NRF24.c:481:9:nRF24_IsRxEmpty	16	static
../Core/Src/NRF24.c:495:9:nRF24_IsBitSetInFifoStatus	24	static
../Core/Src/NRF24.c:509:9:nRF24_ReadFifoStatus	8	static
../Core/Src/NRF24.c:516:6:nRF24_Init	16	static
../Core/Src/NRF24.c:556:6:nRF24_Inittest	4	static
