../Core/Src/NRF24.c:28:13:nRF24_Delay	16	static
../Core/Src/NRF24.c:33:13:nRF24_SendSpi	16	static
../Core/Src/NRF24.c:37:13:nRF24_SendSpi_IT	16	static
../Core/Src/NRF24.c:43:13:nRF24_ReadSpi	16	static
../Core/Src/NRF24.c:47:13:nRF24_ReadSpi_IT	16	static
../Core/Src/NRF24.c:56:16:nRF24_ReadRegister	24	static
../Core/Src/NRF24.c:70:13:nRF24_ReadRegisters	16	static
../Core/Src/NRF24.c:82:13:nRF24_ReadRegisters_IT	16	static
../Core/Src/NRF24.c:94:13:nRF24_WriteRegister	24	static
../Core/Src/NRF24.c:108:13:nRF24_WriteRegisters	16	static
../Core/Src/NRF24.c:120:13:nRF24_WriteRegisters_IT	16	static
../Core/Src/NRF24.c:135:6:nRF24_RX_Mode	16	static
../Core/Src/NRF24.c:156:6:nRF24_TX_Mode	16	static
../Core/Src/NRF24.c:178:9:nRF24_ReadConfig	8	static
../Core/Src/NRF24.c:183:6:nRF24_WriteConfig	16	static
../Core/Src/NRF24.c:188:6:nRF24_SetPALevel	24	static
../Core/Src/NRF24.c:196:6:nRF24_SetDataRate	24	static
../Core/Src/NRF24.c:207:9:nRF24_ReadStatus	8	static
../Core/Src/NRF24.c:212:6:nRF24_WriteStatus	16	static
../Core/Src/NRF24.c:217:6:nRF24_FlushRX	16	static
../Core/Src/NRF24.c:226:6:nRF24_FlushTX	16	static
../Core/Src/NRF24.c:235:6:nRF24_EnableCRC	24	static
../Core/Src/NRF24.c:246:6:nRF24_SetCRCLength	24	static
../Core/Src/NRF24.c:256:6:nRF24_SetRetries	16	static
../Core/Src/NRF24.c:262:6:nRF24_SetRFChannel	16	static
../Core/Src/NRF24.c:267:6:nRF24_SetPayloadSize	16	static
../Core/Src/NRF24.c:274:6:nRF24_EnablePipe	24	static
../Core/Src/NRF24.c:286:6:nRF24_AutoACK	24	static
../Core/Src/NRF24.c:298:6:nRF24_SetAddressWidth	16	static
../Core/Src/NRF24.c:307:6:nRF24_SetRXAddress	24	static
../Core/Src/NRF24.c:324:6:nRF24_SetTXAddress	24	static
../Core/Src/NRF24.c:343:6:nRF24_ClearInterrupts	16	static
../Core/Src/NRF24.c:350:6:nRF24_EnableRXDataReadyIRQ	24	static
../Core/Src/NRF24.c:362:6:nRF24_EnableTXDataSentIRQ	24	static
../Core/Src/NRF24.c:374:6:nRF24_EnableMaxRetransmitIRQ	24	static
../Core/Src/NRF24.c:386:6:nRF24_WriteTXPayload	16	static
../Core/Src/NRF24.c:392:6:nRF24_WriteTXPayload_IT	16	static
../Core/Src/NRF24.c:397:6:nRF24_WaitTX	16	static
../Core/Src/NRF24.c:411:6:nRF24_ReadRXPaylaod	16	static
../Core/Src/NRF24.c:427:6:nRF24_ReadRXPaylaod_IT	16	static
../Core/Src/NRF24.c:436:9:nRF24_GetDynamicPayloadSize	16	static
../Core/Src/NRF24.c:453:9:nRF24_RXAvailible	16	static
../Core/Src/NRF24.c:468:9:nRF24_IsRxEmpty	16	static
../Core/Src/NRF24.c:482:9:nRF24_IsBitSetInFifoStatus	24	static
../Core/Src/NRF24.c:496:9:nRF24_ReadFifoStatus	8	static
../Core/Src/NRF24.c:503:6:nRF24_Init	16	static
../Core/Src/NRF24.c:543:6:nRF24_Inittest	4	static
