../Core/Src/stm32h7xx_it.c:286:6:SDTimer_Handler	4	static
../Core/Src/stm32h7xx_it.c:315:6:NMI_Handler	16	static
../Core/Src/stm32h7xx_it.c:409:6:HardFault_Handler	8	static
../Core/Src/stm32h7xx_it.c:433:6:MemManage_Handler	8	static
../Core/Src/stm32h7xx_it.c:457:6:BusFault_Handler	8	static
../Core/Src/stm32h7xx_it.c:481:6:UsageFault_Handler	8	static
../Core/Src/stm32h7xx_it.c:505:6:SVC_Handler	4	static
../Core/Src/stm32h7xx_it.c:518:6:DebugMon_Handler	4	static
../Core/Src/stm32h7xx_it.c:531:6:PendSV_Handler	4	static
../Core/Src/stm32h7xx_it.c:544:6:SysTick_Handler	8	static
../Core/Src/stm32h7xx_it.c:570:6:DMA1_Stream0_IRQHandler	8	static
../Core/Src/stm32h7xx_it.c:584:6:ADC_IRQHandler	8	static
../Core/Src/stm32h7xx_it.c:598:6:TIM2_IRQHandler	8	static
../Core/Src/stm32h7xx_it.c:612:6:SPI2_IRQHandler	8	static
../Core/Src/stm32h7xx_it.c:626:6:USART1_IRQHandler	8	static
../Core/Src/stm32h7xx_it.c:640:6:EXTI15_10_IRQHandler	8	static
../Core/Src/stm32h7xx_it.c:654:6:DMA2_Stream0_IRQHandler	8	static
../Core/Src/stm32h7xx_it.c:668:6:SPI6_IRQHandler	8	static
../Core/Src/stm32h7xx_it.c:682:6:I2C5_EV_IRQHandler	8	static
