../Core/Src/stm32h7xx_it.c:141:6:SDTimer_Handler	4	static
../Core/Src/stm32h7xx_it.c:172:6:NMI_Handler	8	static
../Core/Src/stm32h7xx_it.c:200:6:HardFault_Handler	8	static
../Core/Src/stm32h7xx_it.c:224:6:MemManage_Handler	8	static
../Core/Src/stm32h7xx_it.c:248:6:BusFault_Handler	8	static
../Core/Src/stm32h7xx_it.c:272:6:UsageFault_Handler	8	static
../Core/Src/stm32h7xx_it.c:296:6:SVC_Handler	4	static
../Core/Src/stm32h7xx_it.c:309:6:DebugMon_Handler	4	static
../Core/Src/stm32h7xx_it.c:322:6:PendSV_Handler	4	static
../Core/Src/stm32h7xx_it.c:335:6:SysTick_Handler	8	static
../Core/Src/stm32h7xx_it.c:361:6:DMA1_Stream0_IRQHandler	8	static
../Core/Src/stm32h7xx_it.c:375:6:ADC_IRQHandler	8	static
../Core/Src/stm32h7xx_it.c:389:6:TIM2_IRQHandler	8	static
../Core/Src/stm32h7xx_it.c:403:6:SPI1_IRQHandler	8	static
../Core/Src/stm32h7xx_it.c:417:6:SPI2_IRQHandler	8	static
../Core/Src/stm32h7xx_it.c:431:6:USART1_IRQHandler	8	static
../Core/Src/stm32h7xx_it.c:445:6:EXTI15_10_IRQHandler	8	static
../Core/Src/stm32h7xx_it.c:459:6:DMA2_Stream0_IRQHandler	8	static
../Core/Src/stm32h7xx_it.c:473:6:I2C5_EV_IRQHandler	8	static
../Core/Src/stm32h7xx_it.c:487:6:TIM23_IRQHandler	8	static
../Core/Src/stm32h7xx_it.c:501:6:TIM24_IRQHandler	8	static
